Product: MDK-ARM Professional 5.10
Component: ARM Compiler 5.04 update 1 (build 49)
Tool: armlink [5040049]

==============================================================================

Section Cross References

    stm32f10x_it.o(.text) refers to os_cpu_a.o(.text) for OS_CPU_SR_Save
    stm32f10x_it.o(.text) refers to control_comm.o(.text) for BSP_Comm_Idle_Mode
    stm32f10x_it.o(.text) refers to os_sem.o(.text) for OSSemPost
    stm32f10x_it.o(.text) refers to os_core.o(.text) for OSTimeTick
    stm32f10x_it.o(.text) refers to stm32f10x_usart.o(.text) for USART_GetITStatus
    stm32f10x_it.o(.text) refers to os_core.o(.data) for OSIntNesting
    stm32f10x_it.o(.text) refers to control_comm.o(.bss) for COMM3_ReceBuf
    stm32f10x_it.o(.text) refers to control_main.o(.data) for Sem_Comm3Rece
    system_stm32f10x.o(.text) refers to system_stm32f10x.o(.data) for SystemCoreClock
    led.o(.text) refers to stm32f10x_rcc.o(.text) for RCC_APB2PeriphClockCmd
    led.o(.text) refers to stm32f10x_gpio.o(.text) for GPIO_Init
    delay.o(.text) refers to os_core.o(.text) for OSSchedLock
    delay.o(.text) refers to os_time.o(.text) for OSTimeDly
    delay.o(.text) refers to misc.o(.text) for SysTick_CLKSourceConfig
    delay.o(.text) refers to system_stm32f10x.o(.data) for SystemCoreClock
    delay.o(.text) refers to delay.o(.data) for fac_us
    delay.o(.text) refers to os_core.o(.data) for OSRunning
    usart.o(.text) refers to stm32f10x_rcc.o(.text) for RCC_APB2PeriphClockCmd
    usart.o(.text) refers to stm32f10x_usart.o(.text) for USART_DeInit
    usart.o(.text) refers to stm32f10x_gpio.o(.text) for GPIO_Init
    usart.o(.text) refers to misc.o(.text) for NVIC_Init
    startup_stm32f10x_hd.o(RESET) refers to startup_stm32f10x_hd.o(STACK) for __initial_sp
    startup_stm32f10x_hd.o(RESET) refers to startup_stm32f10x_hd.o(.text) for Reset_Handler
    startup_stm32f10x_hd.o(RESET) refers to stm32f10x_it.o(.text) for NMI_Handler
    startup_stm32f10x_hd.o(RESET) refers to os_cpu_a.o(.text) for PendSV_Handler
    startup_stm32f10x_hd.o(.text) refers to system_stm32f10x.o(.text) for SystemInit
    startup_stm32f10x_hd.o(.text) refers to entry.o(.ARM.Collect$$$$00000000) for __main
    stm32f10x_gpio.o(.text) refers to stm32f10x_rcc.o(.text) for RCC_APB2PeriphResetCmd
    stm32f10x_usart.o(.text) refers to stm32f10x_rcc.o(.text) for RCC_APB2PeriphResetCmd
    stm32f10x_rcc.o(.text) refers to stm32f10x_rcc.o(.data) for APBAHBPrescTable
    stm32f10x_adc.o(.text) refers to stm32f10x_rcc.o(.text) for RCC_APB2PeriphResetCmd
    stm32f10x_dac.o(.text) refers to stm32f10x_rcc.o(.text) for RCC_APB1PeriphResetCmd
    stm32f10x_tim.o(.text) refers to stm32f10x_rcc.o(.text) for RCC_APB2PeriphResetCmd
    stm32f10x_wwdg.o(.text) refers to stm32f10x_rcc.o(.text) for RCC_APB1PeriphResetCmd
    os_core.o(.text) refers to os_task.o(.text) for OSTaskStkChk
    os_core.o(.text) refers to os_time.o(.text) for OSTimeDly
    os_core.o(.text) refers to os_cpu_a.o(.text) for OS_CPU_SR_Save
    os_core.o(.text) refers to os_cpu_c.o(.text) for OSTaskStatHook
    os_core.o(.text) refers to os_flag.o(.text) for OS_FlagInit
    os_core.o(.text) refers to os_q.o(.text) for OS_QInit
    os_core.o(.text) refers to os_tmr.o(.text) for OSTmr_Init
    os_core.o(.text) refers to os_core.o(.bss) for OSTCBPrioTbl
    os_core.o(.text) refers to os_core.o(.data) for OSStatRdy
    os_core.o(.text) refers to os_core.o(.constdata) for OSUnMapTbl
    os_flag.o(.text) refers to os_cpu_a.o(.text) for OS_CPU_SR_Save
    os_flag.o(.text) refers to os_core.o(.text) for OS_Sched
    os_flag.o(.text) refers to os_core.o(.data) for OSIntNesting
    os_flag.o(.text) refers to os_core.o(.bss) for OSFlagTbl
    os_mbox.o(.text) refers to os_cpu_a.o(.text) for OS_CPU_SR_Save
    os_mbox.o(.text) refers to os_core.o(.text) for OS_EventWaitListInit
    os_mbox.o(.text) refers to os_core.o(.data) for OSIntNesting
    os_mutex.o(.text) refers to os_cpu_a.o(.text) for OS_CPU_SR_Save
    os_mutex.o(.text) refers to os_core.o(.text) for OS_EventWaitListInit
    os_mutex.o(.text) refers to os_core.o(.data) for OSIntNesting
    os_mutex.o(.text) refers to os_core.o(.bss) for OSTCBPrioTbl
    os_q.o(.text) refers to os_cpu_a.o(.text) for OS_CPU_SR_Save
    os_q.o(.text) refers to os_core.o(.text) for OS_EventWaitListInit
    os_q.o(.text) refers to os_core.o(.data) for OSIntNesting
    os_q.o(.text) refers to os_core.o(.bss) for OSQTbl
    os_sem.o(.text) refers to os_cpu_a.o(.text) for OS_CPU_SR_Save
    os_sem.o(.text) refers to os_core.o(.text) for OS_EventWaitListInit
    os_sem.o(.text) refers to os_core.o(.data) for OSIntNesting
    os_task.o(.text) refers to os_cpu_a.o(.text) for OS_CPU_SR_Save
    os_task.o(.text) refers to os_core.o(.text) for OS_Sched
    os_task.o(.text) refers to os_cpu_c.o(.text) for OSTaskStkInit
    os_task.o(.text) refers to os_flag.o(.text) for OS_FlagUnlink
    os_task.o(.text) refers to os_core.o(.bss) for OSTCBPrioTbl
[...]
    .text                                    0x08001ae8   Section        0  stm32f10x_iwdg.o(.text)
    .text                                    0x08001b28   Section        0  stm32f10x_tim.o(.text)
    TI4_Config                               0x08001fcf   Thumb Code   130  stm32f10x_tim.o(.text)
    TI3_Config                               0x08002063   Thumb Code   122  stm32f10x_tim.o(.text)
    TI2_Config                               0x080020f7   Thumb Code   130  stm32f10x_tim.o(.text)
    TI1_Config                               0x0800218b   Thumb Code   108  stm32f10x_tim.o(.text)
    .text                                    0x08002944   Section        0  stm32f10x_flash.o(.text)
    .text                                    0x08002f00   Section        0  os_core.o(.text)
    OS_InitTaskStat                          0x08002fab   Thumb Code    52  os_core.o(.text)
    OS_InitTaskIdle                          0x08003001   Thumb Code    52  os_core.o(.text)
    OS_InitEventList                         0x08003047   Thumb Code    74  os_core.o(.text)
    OS_InitTCBList                           0x08003091   Thumb Code   106  os_core.o(.text)
    OS_InitRdyList                           0x080030fb   Thumb Code    44  os_core.o(.text)
    OS_InitMisc                              0x08003127   Thumb Code    44  os_core.o(.text)
    OS_SchedNew                              0x0800319f   Thumb Code    26  os_core.o(.text)
    .text                                    0x08003794   Section        0  os_flag.o(.text)
    OS_FlagTaskRdy                           0x0800390b   Thumb Code    82  os_flag.o(.text)
    OS_FlagBlock                             0x08003ac5   Thumb Code   152  os_flag.o(.text)
    .text                                    0x08003fa0   Section        0  os_q.o(.text)
    .text                                    0x08004588   Section        0  os_sem.o(.text)
    .text                                    0x08004914   Section        0  os_task.o(.text)
    .text                                    0x080050d8   Section        0  os_time.o(.text)
    .text                                    0x08005288   Section        0  os_tmr.o(.text)
    OSTmr_Alloc                              0x08005289   Thumb Code    50  os_tmr.o(.text)
    OSTmr_Free                               0x0800531b   Thumb Code    58  os_tmr.o(.text)
    OSTmr_Unlink                             0x08005355   Thumb Code    62  os_tmr.o(.text)
    OSTmr_Link                               0x0800557b   Thumb Code   100  os_tmr.o(.text)
    OSTmr_Task                               0x08005741   Thumb Code   114  os_tmr.o(.text)
    OSTmr_InitTask                           0x080057b3   Thumb Code    50  os_tmr.o(.text)
    .text                                    0x080058bc   Section        0  os_cpu_c.o(.text)
    .text                                    0x08005990   Section      180  os_cpu_a.o(.text)
    .text                                    0x08005a44   Section        0  comm_handle.o(.text)
    .text                                    0x08006270   Section        0  control_global.o(.text)
    .text                                    0x080065c8   Section        0  control_main.o(.text)
    TaskComm2Send                            0x080065c9   Thumb Code    22  control_main.o(.text)
    TaskComm3Rece                            0x080065df   Thumb Code    22  control_main.o(.text)
    TaskComm2Rece                            0x080065f5   Thumb Code    22  control_main.o(.text)
    TaskComm1Rece                            0x0800660b   Thumb Code    22  control_main.o(.text)
    TaskMMI                                  0x08006621   Thumb Code    12  control_main.o(.text)
    TaskLogic                                0x0800662d   Thumb Code    66  control_main.o(.text)
    TaskFunction                             0x08006793   Thumb Code    64  control_main.o(.text)
    TaskCreate                               0x080067d3   Thumb Code   146  control_main.o(.text)
    .text                                    0x08006904   Section        0  function_handle.o(.text)
    .text                                    0x08009290   Section        0  tpk8control.o(.text)
    .text                                    0x08009614   Section        0  control_adc.o(.text)
    BSP_AI_GPIO_Config                       0x080099cf   Thumb Code   120  control_adc.o(.text)
    .text                                    0x0800a174   Section        0  control_bsp.o(.text)
    BSP_SysGenFunInit                        0x0800a175   Thumb Code   102  control_bsp.o(.text)
    BSP_SysTick_Config                       0x0800a1db   Thumb Code     2  control_bsp.o(.text)
    BSP_Interrupt_Config                     0x0800a1dd   Thumb Code    12  control_bsp.o(.text)
    BSP_SysClkInit                           0x0800a1e9   Thumb Code   108  control_bsp.o(.text)
    .text                                    0x0800a280   Section        0  control_comm.o(.text)
    BSP_Comm_State_Init                      0x0800a281   Thumb Code    86  control_comm.o(.text)
    BSP_Comm3_Init                           0x0800a2d7   Thumb Code   194  control_comm.o(.text)
    BSP_Comm2_Init                           0x0800a399   Thumb Code   192  control_comm.o(.text)
    BSP_Comm1_Init                           0x0800a459   Thumb Code   188  control_comm.o(.text)
    .text                                    0x0800a7e0   Section        0  control_dac.o(.text)
    BSP_AO_GPIO_Config                       0x0800a7e1   Thumb Code    40  control_dac.o(.text)
    BSP_PWM_Init                             0x0800a809   Thumb Code   180  control_dac.o(.text)
    .text                                    0x0800aa44   Section        0  control_di.o(.text)
    .text                                    0x0800ab88   Section        0  control_do.o(.text)
    .text                                    0x0800ae50   Section        0  myiic.o(.text)
    .text                                    0x0800b190   Section        0  24cxx.o(.text)
    .text                                    0x0800b37a   Section        0  memcpya.o(.text)
    .text                                    0x0800b39e   Section        0  fadd.o(.text)
    .text                                    0x0800b44e   Section        0  fmul.o(.text)
    .text                                    0x0800b4b2   Section        0  fdiv.o(.text)
    .text                                    0x0800b52e   Section        0  fflti.o(.text)
    .text                                    0x0800b540   Section        0  ffltui.o(.text)
    .text                                    0x0800b54a   Section        0  ffixi.o(.text)
    .text                                    0x0800b57c   Section        0  ffixui.o(.text)
    .text                                    0x0800b5a4   Section       20  cfcmple.o(.text)
    .text                                    0x0800b5b8   Section       20  cfrcmple.o(.text)
    .text                                    0x0800b5cc   Section        0  fepilogue.o(.text)
    .text                                    0x0800b5cc   Section        0  iusefp.o(.text)
    .text                                    0x0800b63c   Section       36  init.o(.text)
    i.__0printf$bare                         0x0800b660   Section        0  printfb.o(i.__0printf$bare)
    i.__scatterload_copy                     0x0800b670   Section       14  handlers.o(i.__scatterload_copy)
    i.__scatterload_null                     0x0800b67e   Section        2  handlers.o(i.__scatterload_null)
    i.__scatterload_zeroinit                 0x0800b680   Section       14  handlers.o(i.__scatterload_zeroinit)
    i._printf_core                           0x0800b68e   Section        0  printfb.o(i._printf_core)
    _printf_core                             0x0800b68f   Thumb Code    34  printfb.o(i._printf_core)
    .constdata                               0x0800b6b0   Section      256  os_core.o(.constdata)
    .constdata                               0x0800b7b0   Section      512  control_comm.o(.constdata)
    .data                                    0x20000000   Section       20  system_stm32f10x.o(.data)
    .data                                    0x20000014   Section        4  delay.o(.data)
    fac_us                                   0x20000014   Data           1  delay.o(.data)
    fac_ms                                   0x20000016   Data           2  delay.o(.data)
    .data                                    0x20000018   Section        6  usart.o(.data)
    .data                                    0x2000001e   Section       20  stm32f10x_rcc.o(.data)
    APBAHBPrescTable                         0x2000001e   Data          16  stm32f10x_rcc.o(.data)
    ADCPrescTable                            0x2000002e   Data           4  stm32f10x_rcc.o(.data)
    .data                                    0x20000034   Section       92  os_core.o(.data)
    .data                                    0x20000090   Section        6  os_cpu_c.o(.data)
    OSTmrCtr                                 0x20000094   Data           2  os_cpu_c.o(.data)
    .data                                    0x20000098   Section        4  control_global.o(.data)
    .data                                    0x2000009c   Section       37  control_main.o(.data)
    init_flag                                0x200000b7   Data           1  control_main.o(.data)
    auto_flagz                               0x200000b8   Data           1  control_main.o(.data)
    auto_flagl                               0x200000b9   Data           1  control_main.o(.data)
    bpqerr_flagz                             0x200000ba   Data           1  control_main.o(.data)
    bpqerr_flagl                             0x200000bb   Data           1  control_main.o(.data)
    out_plz                                  0x200000bc   Data           2  control_main.o(.data)
    out_pll                                  0x200000be   Data           2  control_main.o(.data)
    control_cycle_temp                       0x200000c0   Data           1  control_main.o(.data)
    .data                                    0x200000c4   Section       76  function_handle.o(.data)
    adc_original_value_temp                  0x200000c4   Data           2  function_handle.o(.data)
    i                                        0x200000c6   Data           1  function_handle.o(.data)
    adc_value_temp                           0x200000c8   Data           4  function_handle.o(.data)
    temp_f1                                  0x200000cc   Data           4  function_handle.o(.data)
    temp_f2                                  0x200000d0   Data           4  function_handle.o(.data)
    temp_f3                                  0x200000d4   Data           4  function_handle.o(.data)
    temp_f4                                  0x200000d8   Data           4  function_handle.o(.data)
    adc_value_temp_s                         0x200000dc   Data           2  function_handle.o(.data)
    adc_ad2mv_f                              0x200000e0   Data           4  function_handle.o(.data)
    adc_4ma_zero_f                           0x200000e4   Data           4  function_handle.o(.data)
    zero_off                                 0x200000e8   Data           4  function_handle.o(.data)
    Function_AO_Temp                         0x200000ec   Data           8  function_handle.o(.data)
    Function_AO_Type_Temp                    0x200000f4   Data           8  function_handle.o(.data)
    Function_AO_Final_Temp                   0x200000fc   Data           8  function_handle.o(.data)
    ao_k                                     0x20000104   Data           4  function_handle.o(.data)
    ao_alf                                   0x20000108   Data           4  function_handle.o(.data)
    ao_f2v                                   0x2000010c   Data           4  function_handle.o(.data)
    .data                                    0x20000110   Section       16  tpk8control.o(.data)
    .bss                                     0x20000120   Section     3904  os_core.o(.bss)
    .bss                                     0x20001060   Section      648  comm_handle.o(.bss)
    comm3_recebuf_temp                       0x20001060   Data         108  comm_handle.o(.bss)
    comm3_sendbuf_temp                       0x200010cc   Data         108  comm_handle.o(.bss)
    comm2_recebuf_temp                       0x20001138   Data         108  comm_handle.o(.bss)
    comm2_sendbuf_temp                       0x200011a4   Data         108  comm_handle.o(.bss)
    comm1_recebuf_temp                       0x20001210   Data         108  comm_handle.o(.bss)
    comm1_sendbuf_temp                       0x2000127c   Data         108  comm_handle.o(.bss)
    .bss                                     0x200012e8   Section     1492  control_global.o(.bss)
    .bss                                     0x200018bc   Section    47104  control_main.o(.bss)
    TaskStartStk                             0x200018bc   Data        2048  control_main.o(.bss)
    TaskFunctionStk                          0x200020bc   Data        4096  control_main.o(.bss)
    TaskLogicStk                             0x200030bc   Data        4096  control_main.o(.bss)
    TaskMMIStk                               0x200040bc   Data        4096  control_main.o(.bss)
    TaskComm1ReceStk                         0x200050bc   Data        8192  control_main.o(.bss)
    TaskComm2ReceStk                         0x200070bc   Data        8192  control_main.o(.bss)
    TaskComm3ReceStk                         0x200090bc   Data        8192  control_main.o(.bss)
    TaskComm2SendStk                         0x2000b0bc   Data        8192  control_main.o(.bss)
    .bss                                     0x2000d0bc   Section    17664  function_handle.o(.bss)
    adc_value_filter_stack_1                 0x2000d0dc   Data         800  function_handle.o(.bss)
    adc_value_filter_stack_9                 0x2000d3fc   Data         800  function_handle.o(.bss)
    adc_value_filter_stack_2                 0x2000d71c   Data         800  function_handle.o(.bss)
    adc_value_filter_stack_10                0x2000da3c   Data         800  function_handle.o(.bss)
    adc_value_filter_stack_3                 0x2000dd5c   Data         800  function_handle.o(.bss)
    adc_value_filter_stack_11                0x2000e07c   Data         800  function_handle.o(.bss)
    adc_value_filter_stack_4                 0x2000e39c   Data         800  function_handle.o(.bss)
    adc_value_filter_stack_12                0x2000e6bc   Data         800  function_handle.o(.bss)
    adc_value_filter_stack_5                 0x2000e9dc   Data         800  function_handle.o(.bss)
    adc_value_filter_stack_13                0x2000ecfc   Data         800  function_handle.o(.bss)
    adc_value_filter_stack_6                 0x2000f01c   Data         800  function_handle.o(.bss)
    adc_value_filter_stack_14                0x2000f33c   Data         800  function_handle.o(.bss)
    adc_value_filter_stack_7                 0x2000f65c   Data         800  function_handle.o(.bss)
    adc_value_filter_stack_15                0x2000f97c   Data         800  function_handle.o(.bss)
    adc_value_filter_stack_8                 0x2000fc9c   Data         800  function_handle.o(.bss)
    adc_value_filter_stack_16                0x2000ffbc   Data         800  function_handle.o(.bss)
    ao_feedback_stack_1                      0x200102dc   Data         800  function_handle.o(.bss)
    ao_feedback_stack_2                      0x200105fc   Data         800  function_handle.o(.bss)
    ao_feedback_stack_3                      0x2001091c   Data         800  function_handle.o(.bss)
    ao_feedback_stack_4                      0x20010c3c   Data         800  function_handle.o(.bss)
    ao_feedback_stack_5                      0x20010f5c   Data         800  function_handle.o(.bss)
    ao_feedback_stack_6                      0x2001127c   Data         800  function_handle.o(.bss)
    Function_DI_Temp                         0x2001159c   Data          32  function_handle.o(.bss)
    .bss                                     0x200115bc   Section       56  tpk8control.o(.bss)
    .bss                                     0x200115f4   Section      648  control_comm.o(.bss)
    STACK                                    0x20011880   Section     2048  startup_stm32f10x_hd.o(STACK)

    Global Symbols

    Symbol Name                              Value     Ov Type        Size  Object(Section)

    BuildAttributes$$THM_ISAv4$P$D$K$B$S$PE$A:L22UL41UL21$X:L11$S22US41US21$IEEE1$IW$USESV6$~STKCKD$USESV7$~SHL$OTIME$ROPI$IEEEX$EBA8$MICROLIB$REQ8$PRES8$EABIv2 0x00000000   Number         0  anon$$obj.o ABSOLUTE
    __ARM_use_no_argv                        0x00000000   Number         0  control_main.o ABSOLUTE
    __use_no_errno                           0x00000000   Number         0  useno.o ABSOLUTE
    __use_no_exception_handling              0x00000000   Number         0  useno.o ABSOLUTE
    __use_no_fp                              0x00000000   Number         0  useno.o ABSOLUTE
    __use_no_heap                            0x00000000   Number         0  useno.o ABSOLUTE
    __use_no_heap_region                     0x00000000   Number         0  useno.o ABSOLUTE
    __use_no_semihosting                     0x00000000   Number         0  useno.o ABSOLUTE
    __use_no_semihosting_swi                 0x00000000   Number         0  useno.o ABSOLUTE
    __use_no_signal_handling                 0x00000000   Number         0  useno.o ABSOLUTE
    __cpp_initialize__aeabi_                  - Undefined Weak Reference
    __cxa_finalize                            - Undefined Weak Reference
    __decompress                              - Undefined Weak Reference
    _clock_init                               - Undefined Weak Reference
    _microlib_exit                            - Undefined Weak Reference
    __Vectors_Size                           0x00000130   Number         0  startup_stm32f10x_hd.o ABSOLUTE
    __Vectors                                0x08000000   Data           4  startup_stm32f10x_hd.o(RESET)
    __Vectors_End                            0x08000130   Data           0  startup_stm32f10x_hd.o(RESET)
    __main                                   0x08000131   Thumb Code     0  entry.o(.ARM.Collect$$$$00000000)
    _main_stk                                0x08000131   Thumb Code     0  entry2.o(.ARM.Collect$$$$00000001)
    _main_scatterload                        0x08000135   Thumb Code     0  entry5.o(.ARM.Collect$$$$00000004)
    __main_after_scatterload                 0x08000139   Thumb Code     0  entry5.o(.ARM.Collect$$$$00000004)
    _main_clock                              0x08000139   Thumb Code     0  entry7b.o(.ARM.Collect$$$$00000008)
    _main_cpp_init                           0x08000139   Thumb Code     0  entry8b.o(.ARM.Collect$$$$0000000A)
    _main_init                               0x08000139   Thumb Code     0  entry9a.o(.ARM.Collect$$$$0000000B)
    __rt_final_cpp                           0x08000141   Thumb Code     0  entry10a.o(.ARM.Collect$$$$0000000D)
    __rt_final_exit                          0x08000141   Thumb Code     0  entry11a.o(.ARM.Collect$$$$0000000F)
    NMI_Handler                              0x08000145   Thumb Code     2  stm32f10x_it.o(.text)
    HardFault_Handler                        0x08000147   Thumb Code     4  stm32f10x_it.o(.text)
    MemManage_Handler                        0x0800014b   Thumb Code     4  stm32f10x_it.o(.text)
    BusFault_Handler                         0x0800014f   Thumb Code     4  stm32f10x_it.o(.text)
    UsageFault_Handler                       0x08000153   Thumb Code     4  stm32f10x_it.o(.text)
    SVC_Handler                              0x08000157   Thumb Code     2  stm32f10x_it.o(.text)
    DebugMon_Handler                         0x08000159   Thumb Code     2  stm32f10x_it.o(.text)
    SysTick_Handler                          0x0800015b   Thumb Code   266  stm32f10x_it.o(.text)
    WWDG_IRQHandler                          0x08000265   Thumb Code     2  stm32f10x_it.o(.text)
    PVD_IRQHandler                           0x08000267   Thumb Code     2  stm32f10x_it.o(.text)
    TAMPER_IRQHandler                        0x08000269   Thumb Code     2  stm32f10x_it.o(.text)
    RTC_IRQHandler                           0x0800026b   Thumb Code     2  stm32f10x_it.o(.text)
    FLASH_IRQHandler                         0x0800026d   Thumb Code     2  stm32f10x_it.o(.text)
    RCC_IRQHandler                           0x0800026f   Thumb Code     2  stm32f10x_it.o(.text)
    EXTI0_IRQHandler                         0x08000271   Thumb Code     2  stm32f10x_it.o(.text)
    EXTI1_IRQHandler                         0x08000273   Thumb Code     2  stm32f10x_it.o(.text)
    EXTI2_IRQHandler                         0x08000275   Thumb Code     2  stm32f10x_it.o(.text)
    EXTI3_IRQHandler                         0x08000277   Thumb Code     2  stm32f10x_it.o(.text)
    EXTI4_IRQHandler                         0x08000279   Thumb Code     2  stm32f10x_it.o(.text)
    DMA1_Channel1_IRQHandler                 0x0800027b   Thumb Code     2  stm32f10x_it.o(.text)
    DMA1_Channel2_IRQHandler                 0x0800027d   Thumb Code     2  stm32f10x_it.o(.text)
    DMA1_Channel3_IRQHandler                 0x0800027f   Thumb Code     2  stm32f10x_it.o(.text)
    DMA1_Channel4_IRQHandler                 0x08000281   Thumb Code     2  stm32f10x_it.o(.text)
    DMA1_Channel5_IRQHandler                 0x08000283   Thumb Code     2  stm32f10x_it.o(.text)
    DMA1_Channel6_IRQHandler                 0x08000285   Thumb Code     2  stm32f10x_it.o(.text)
    DMA1_Channel7_IRQHandler                 0x08000287   Thumb Code     2  stm32f10x_it.o(.text)
    ADC1_2_IRQHandler                        0x08000289   Thumb Code     2  stm32f10x_it.o(.text)
    USB_HP_CAN_TX_IRQHandler                 0x0800028b   Thumb Code     2  stm32f10x_it.o(.text)
    USB_LP_CAN_RX0_IRQHandler                0x0800028d   Thumb Code     2  stm32f10x_it.o(.text)
    CAN_RX1_IRQHandler                       0x0800028f   Thumb Code     2  stm32f10x_it.o(.text)
    CAN_SCE_IRQHandler                       0x08000291   Thumb Code     2  stm32f10x_it.o(.text)
    EXTI9_5_IRQHandler                       0x08000293   Thumb Code     2  stm32f10x_it.o(.text)
    TIM1_BRK_IRQHandler                      0x08000295   Thumb Code     2  stm32f10x_it.o(.text)
    TIM1_UP_IRQHandler                       0x08000297   Thumb Code     2  stm32f10x_it.o(.text)
    TIM1_TRG_COM_IRQHandler                  0x08000299   Thumb Code     2  stm32f10x_it.o(.text)
    TIM1_CC_IRQHandler                       0x0800029b   Thumb Code     2  stm32f10x_it.o(.text)
    TIM2_IRQHandler                          0x0800029d   Thumb Code     2  stm32f10x_it.o(.text)
    TIM3_IRQHandler                          0x0800029f   Thumb Code     2  stm32f10x_it.o(.text)
    TIM4_IRQHandler                          0x080002a1   Thumb Code     2  stm32f10x_it.o(.text)
    I2C1_EV_IRQHandler                       0x080002a3   Thumb Code     2  stm32f10x_it.o(.text)
    I2C1_ER_IRQHandler                       0x080002a5   Thumb Code     2  stm32f10x_it.o(.text)
    I2C2_EV_IRQHandler                       0x080002a7   Thumb Code     2  stm32f10x_it.o(.text)
    I2C2_ER_IRQHandler                       0x080002a9   Thumb Code     2  stm32f10x_it.o(.text)
    SPI1_IRQHandler                          0x080002ab   Thumb Code     2  stm32f10x_it.o(.text)
    SPI2_IRQHandler                          0x080002ad   Thumb Code     2  stm32f10x_it.o(.text)
    USART1_IRQHandler                        0x080002af   Thumb Code   188  stm32f10x_it.o(.text)
    USART2_IRQHandler                        0x0800036b   Thumb Code   188  stm32f10x_it.o(.text)
    USART3_IRQHandler                        0x08000427   Thumb Code   188  stm32f10x_it.o(.text)
    EXTI15_10_IRQHandler                     0x080004e3   Thumb Code     2  stm32f10x_it.o(.text)
    RTCAlarm_IRQHandler                      0x080004e5   Thumb Code     2  stm32f10x_it.o(.text)
    USBWakeUp_IRQHandler                     0x080004e7   Thumb Code     2  stm32f10x_it.o(.text)
    TIM8_BRK_IRQHandler                      0x080004e9   Thumb Code     2  stm32f10x_it.o(.text)
    TIM8_UP_IRQHandler                       0x080004eb   Thumb Code     2  stm32f10x_it.o(.text)
    TIM8_TRG_COM_IRQHandler                  0x080004ed   Thumb Code     2  stm32f10x_it.o(.text)
    TIM8_CC_IRQHandler                       0x080004ef   Thumb Code     2  stm32f10x_it.o(.text)
    ADC3_IRQHandler                          0x080004f1   Thumb Code     2  stm32f10x_it.o(.text)
    FSMC_IRQHandler                          0x080004f3   Thumb Code     2  stm32f10x_it.o(.text)
    SDIO_IRQHandler                          0x080004f5   Thumb Code     2  stm32f10x_it.o(.text)
    TIM5_IRQHandler                          0x080004f7   Thumb Code     2  stm32f10x_it.o(.text)
    SPI3_IRQHandler                          0x080004f9   Thumb Code     2  stm32f10x_it.o(.text)
    UART4_IRQHandler                         0x080004fb   Thumb Code     2  stm32f10x_it.o(.text)
    UART5_IRQHandler                         0x080004fd   Thumb Code     2  stm32f10x_it.o(.text)
    TIM6_IRQHandler                          0x080004ff   Thumb Code     2  stm32f10x_it.o(.text)
    TIM7_IRQHandler                          0x08000501   Thumb Code     2  stm32f10x_it.o(.text)
    DMA2_Channel1_IRQHandler                 0x08000503   Thumb Code     2  stm32f10x_it.o(.text)
    DMA2_Channel2_IRQHandler                 0x08000505   Thumb Code     2  stm32f10x_it.o(.text)
    DMA2_Channel3_IRQHandler                 0x08000507   Thumb Code     2  stm32f10x_it.o(.text)
    DMA2_Channel4_5_IRQHandler               0x08000509   Thumb Code     2  stm32f10x_it.o(.text)
    SystemInit                               0x08000627   Thumb Code    78  system_stm32f10x.o(.text)
    SystemCoreClockUpdate                    0x08000675   Thumb Code   142  system_stm32f10x.o(.text)
    delay_osschedlock                        0x08000729   Thumb Code     8  delay.o(.text)
    delay_osschedunlock                      0x08000731   Thumb Code     8  delay.o(.text)
    delay_ostimedly                          0x08000739   Thumb Code    12  delay.o(.text)
    delay_init                               0x08000745   Thumb Code    76  delay.o(.text)
    delay_us                                 0x08000791   Thumb Code    86  delay.o(.text)
    delay_ms                                 0x080007e7   Thumb Code    66  delay.o(.text)
    _sys_exit                                0x08000841   Thumb Code     6  usart.o(.text)
    fputc                                    0x08000847   Thumb Code    24  usart.o(.text)
    uart_init                                0x0800085f   Thumb Code   158  usart.o(.text)
    Reset_Handler                            0x08000905   Thumb Code     8  startup_stm32f10x_hd.o(.text)
    CAN1_RX1_IRQHandler                      0x0800091f   Thumb Code     0  startup_stm32f10x_hd.o(.text)
    CAN1_SCE_IRQHandler                      0x0800091f   Thumb Code     0  startup_stm32f10x_hd.o(.text)
    USB_HP_CAN1_TX_IRQHandler                0x0800091f   Thumb Code     0  startup_stm32f10x_hd.o(.text)
    USB_LP_CAN1_RX0_IRQHandler               0x0800091f   Thumb Code     0  startup_stm32f10x_hd.o(.text)
    NVIC_PriorityGroupConfig                 0x08000929   Thumb Code    10  misc.o(.text)
    NVIC_Init                                0x08000933   Thumb Code   100  misc.o(.text)
    NVIC_SetVectorTable                      0x08000997   Thumb Code    14  misc.o(.text)
    NVIC_SystemLPConfig                      0x080009a5   Thumb Code    34  misc.o(.text)
    SysTick_CLKSourceConfig                  0x080009c7   Thumb Code    40  misc.o(.text)
    GPIO_DeInit                              0x08000a05   Thumb Code   172  stm32f10x_gpio.o(.text)
    GPIO_AFIODeInit                          0x08000ab1   Thumb Code    20  stm32f10x_gpio.o(.text)
    GPIO_Init                                0x08000ac5   Thumb Code   278  stm32f10x_gpio.o(.text)
    GPIO_StructInit                          0x08000bdb   Thumb Code    16  stm32f10x_gpio.o(.text)
    GPIO_ReadInputDataBit                    0x08000beb   Thumb Code    18  stm32f10x_gpio.o(.text)
    GPIO_ReadInputData                       0x08000bfd   Thumb Code     8  stm32f10x_gpio.o(.text)
    GPIO_ReadOutputDataBit                   0x08000c05   Thumb Code    18  stm32f10x_gpio.o(.text)
    GPIO_ReadOutputData                      0x08000c17   Thumb Code     8  stm32f10x_gpio.o(.text)
    GPIO_SetBits                             0x08000c1f   Thumb Code     4  stm32f10x_gpio.o(.text)
    GPIO_ResetBits                           0x08000c23   Thumb Code     4  stm32f10x_gpio.o(.text)
    GPIO_WriteBit                            0x08000c27   Thumb Code    10  stm32f10x_gpio.o(.text)
    GPIO_Write                               0x08000c31   Thumb Code     4  stm32f10x_gpio.o(.text)
    GPIO_PinLockConfig                       0x08000c35   Thumb Code    18  stm32f10x_gpio.o(.text)
    GPIO_EventOutputConfig                   0x08000c47   Thumb Code    26  stm32f10x_gpio.o(.text)
    GPIO_EventOutputCmd                      0x08000c61   Thumb Code     6  stm32f10x_gpio.o(.text)
    GPIO_PinRemapConfig                      0x08000c67   Thumb Code   138  stm32f10x_gpio.o(.text)
    GPIO_EXTILineConfig                      0x08000cf1   Thumb Code    66  stm32f10x_gpio.o(.text)
    GPIO_ETH_MediaInterfaceConfig            0x08000d33   Thumb Code     8  stm32f10x_gpio.o(.text)
    USART_DeInit                             0x08000d61   Thumb Code   134  stm32f10x_usart.o(.text)
    USART_Init                               0x08000de7   Thumb Code   210  stm32f10x_usart.o(.text)
    USART_StructInit                         0x08000eb9   Thumb Code    24  stm32f10x_usart.o(.text)
    USART_ClockInit                          0x08000ed1   Thumb Code    34  stm32f10x_usart.o(.text)
    USART_ClockStructInit                    0x08000ef3   Thumb Code    12  stm32f10x_usart.o(.text)
    USART_Cmd                                0x08000eff   Thumb Code    24  stm32f10x_usart.o(.text)
    USART_ITConfig                           0x08000f17   Thumb Code    74  stm32f10x_usart.o(.text)
    USART_DMACmd                             0x08000f61   Thumb Code    18  stm32f10x_usart.o(.text)
    USART_SetAddress                         0x08000f73   Thumb Code    18  stm32f10x_usart.o(.text)
    USART_WakeUpConfig                       0x08000f85   Thumb Code    18  stm32f10x_usart.o(.text)
    USART_ReceiverWakeUpCmd                  0x08000f97   Thumb Code    24  stm32f10x_usart.o(.text)
    USART_LINBreakDetectLengthConfig         0x08000faf   Thumb Code    18  stm32f10x_usart.o(.text)
    USART_LINCmd                             0x08000fc1   Thumb Code    24  stm32f10x_usart.o(.text)
    USART_SendData                           0x08000fd9   Thumb Code     8  stm32f10x_usart.o(.text)
    USART_ReceiveData                        0x08000fe1   Thumb Code    10  stm32f10x_usart.o(.text)
    USART_SendBreak                          0x08000feb   Thumb Code    10  stm32f10x_usart.o(.text)
    USART_SetGuardTime                       0x08000ff5   Thumb Code    16  stm32f10x_usart.o(.text)
    USART_SetPrescaler                       0x08001005   Thumb Code    16  stm32f10x_usart.o(.text)
    USART_SmartCardCmd                       0x08001015   Thumb Code    24  stm32f10x_usart.o(.text)
    USART_SmartCardNACKCmd                   0x0800102d   Thumb Code    24  stm32f10x_usart.o(.text)
    USART_HalfDuplexCmd                      0x08001045   Thumb Code    24  stm32f10x_usart.o(.text)
    USART_OverSampling8Cmd                   0x0800105d   Thumb Code    22  stm32f10x_usart.o(.text)
    USART_OneBitMethodCmd                    0x08001073   Thumb Code    24  stm32f10x_usart.o(.text)
    USART_IrDAConfig                         0x0800108b   Thumb Code    18  stm32f10x_usart.o(.text)
    USART_IrDACmd                            0x0800109d   Thumb Code    24  stm32f10x_usart.o(.text)
    USART_GetFlagStatus                      0x080010b5   Thumb Code    26  stm32f10x_usart.o(.text)
    USART_ClearFlag                          0x080010cf   Thumb Code    18  stm32f10x_usart.o(.text)
    USART_GetITStatus                        0x080010e1   Thumb Code    84  stm32f10x_usart.o(.text)
    USART_ClearITPendingBit                  0x08001135   Thumb Code    52  stm32f10x_usart.o(.text)
    RCC_DeInit                               0x08001169   Thumb Code    64  stm32f10x_rcc.o(.text)
    RCC_HSEConfig                            0x080011a9   Thumb Code    70  stm32f10x_rcc.o(.text)
    RCC_GetFlagStatus                        0x080011ef   Thumb Code    56  stm32f10x_rcc.o(.text)
    RCC_WaitForHSEStartUp                    0x08001227   Thumb Code    56  stm32f10x_rcc.o(.text)
    RCC_AdjustHSICalibrationValue            0x0800125f   Thumb Code    20  stm32f10x_rcc.o(.text)
    RCC_HSICmd                               0x08001273   Thumb Code     6  stm32f10x_rcc.o(.text)
    RCC_PLLConfig                            0x08001279   Thumb Code    24  stm32f10x_rcc.o(.text)
    RCC_PLLCmd                               0x08001291   Thumb Code     6  stm32f10x_rcc.o(.text)
    RCC_SYSCLKConfig                         0x08001297   Thumb Code    18  stm32f10x_rcc.o(.text)
    RCC_GetSYSCLKSource                      0x080012a9   Thumb Code    10  stm32f10x_rcc.o(.text)
    RCC_HCLKConfig                           0x080012b3   Thumb Code    18  stm32f10x_rcc.o(.text)
    RCC_PCLK1Config                          0x080012c5   Thumb Code    18  stm32f10x_rcc.o(.text)
    RCC_PCLK2Config                          0x080012d7   Thumb Code    20  stm32f10x_rcc.o(.text)
    RCC_ITConfig                             0x080012eb   Thumb Code    26  stm32f10x_rcc.o(.text)
    RCC_USBCLKConfig                         0x08001305   Thumb Code     8  stm32f10x_rcc.o(.text)
    RCC_ADCCLKConfig                         0x0800130d   Thumb Code    18  stm32f10x_rcc.o(.text)
    RCC_LSEConfig                            0x0800131f   Thumb Code    50  stm32f10x_rcc.o(.text)
    RCC_LSICmd                               0x08001351   Thumb Code     6  stm32f10x_rcc.o(.text)
    RCC_RTCCLKConfig                         0x08001357   Thumb Code    12  stm32f10x_rcc.o(.text)
    RCC_RTCCLKCmd                            0x08001363   Thumb Code     8  stm32f10x_rcc.o(.text)
    RCC_GetClocksFreq                        0x0800136b   Thumb Code   192  stm32f10x_rcc.o(.text)
    RCC_AHBPeriphClockCmd                    0x0800142b   Thumb Code    26  stm32f10x_rcc.o(.text)
    RCC_APB2PeriphClockCmd                   0x08001445   Thumb Code    26  stm32f10x_rcc.o(.text)
    RCC_APB1PeriphClockCmd                   0x0800145f   Thumb Code    26  stm32f10x_rcc.o(.text)
    RCC_APB2PeriphResetCmd                   0x08001479   Thumb Code    26  stm32f10x_rcc.o(.text)
    RCC_APB1PeriphResetCmd                   0x08001493   Thumb Code    26  stm32f10x_rcc.o(.text)
    RCC_BackupResetCmd                       0x080014ad   Thumb Code     8  stm32f10x_rcc.o(.text)
    RCC_ClockSecuritySystemCmd               0x080014b5   Thumb Code     6  stm32f10x_rcc.o(.text)
    RCC_MCOConfig                            0x080014bb   Thumb Code     6  stm32f10x_rcc.o(.text)
    RCC_ClearFlag                            0x080014c1   Thumb Code    14  stm32f10x_rcc.o(.text)
    RCC_GetITStatus                          0x080014cf   Thumb Code    20  stm32f10x_rcc.o(.text)
    RCC_ClearITPendingBit                    0x080014e3   Thumb Code     6  stm32f10x_rcc.o(.text)
    ADC_DeInit                               0x0800150d   Thumb Code    78  stm32f10x_adc.o(.text)
    ADC_Init                                 0x0800155b   Thumb Code    70  stm32f10x_adc.o(.text)
    ADC_StructInit                           0x080015a1   Thumb Code    18  stm32f10x_adc.o(.text)
    ADC_Cmd                                  0x080015b3   Thumb Code    22  stm32f10x_adc.o(.text)
    ADC_DMACmd                               0x080015c9   Thumb Code    22  stm32f10x_adc.o(.text)
    ADC_ITConfig                             0x080015df   Thumb Code    24  stm32f10x_adc.o(.text)
    ADC_ResetCalibration                     0x080015f7   Thumb Code    10  stm32f10x_adc.o(.text)
    ADC_GetResetCalibrationStatus            0x08001601   Thumb Code    20  stm32f10x_adc.o(.text)
    ADC_StartCalibration                     0x08001615   Thumb Code    10  stm32f10x_adc.o(.text)
    ADC_GetCalibrationStatus                 0x0800161f   Thumb Code    20  stm32f10x_adc.o(.text)
    ADC_SoftwareStartConvCmd                 0x08001633   Thumb Code    22  stm32f10x_adc.o(.text)
    ADC_GetSoftwareStartConvStatus           0x08001649   Thumb Code    20  stm32f10x_adc.o(.text)
    ADC_DiscModeChannelCountConfig           0x0800165d   Thumb Code    24  stm32f10x_adc.o(.text)
    ADC_DiscModeCmd                          0x08001675   Thumb Code    22  stm32f10x_adc.o(.text)
    ADC_RegularChannelConfig                 0x0800168b   Thumb Code   184  stm32f10x_adc.o(.text)
    ADC_ExternalTrigConvCmd                  0x08001743   Thumb Code    22  stm32f10x_adc.o(.text)
    ADC_GetConversionValue                   0x08001759   Thumb Code     8  stm32f10x_adc.o(.text)
    ADC_GetDualModeConversionValue           0x08001761   Thumb Code     8  stm32f10x_adc.o(.text)
    ADC_AutoInjectedConvCmd                  0x08001769   Thumb Code    22  stm32f10x_adc.o(.text)
    ADC_InjectedDiscModeCmd                  0x0800177f   Thumb Code    22  stm32f10x_adc.o(.text)
    ADC_ExternalTrigInjectedConvConfig       0x08001795   Thumb Code    16  stm32f10x_adc.o(.text)
    ADC_ExternalTrigInjectedConvCmd          0x080017a5   Thumb Code    22  stm32f10x_adc.o(.text)
    ADC_SoftwareStartInjectedConvCmd         0x080017bb   Thumb Code    22  stm32f10x_adc.o(.text)
    ADC_GetSoftwareStartInjectedConvCmdStatus 0x080017d1   Thumb Code    20  stm32f10x_adc.o(.text)
    ADC_InjectedChannelConfig                0x080017e5   Thumb Code   130  stm32f10x_adc.o(.text)
    ADC_InjectedSequencerLengthConfig        0x08001867   Thumb Code    24  stm32f10x_adc.o(.text)
    ADC_SetInjectedOffset                    0x0800187f   Thumb Code    20  stm32f10x_adc.o(.text)
    ADC_GetInjectedConversionValue           0x08001893   Thumb Code    28  stm32f10x_adc.o(.text)
    ADC_AnalogWatchdogCmd                    0x080018af   Thumb Code    16  stm32f10x_adc.o(.text)
    ADC_AnalogWatchdogThresholdsConfig       0x080018bf   Thumb Code     6  stm32f10x_adc.o(.text)
    ADC_AnalogWatchdogSingleChannelConfig    0x080018c5   Thumb Code    16  stm32f10x_adc.o(.text)
    ADC_TempSensorVrefintCmd                 0x080018d5   Thumb Code    64  stm32f10x_adc.o(.text)
    ADC_GetFlagStatus                        0x08001915   Thumb Code    18  stm32f10x_adc.o(.text)
    ADC_ClearFlag                            0x08001927   Thumb Code     6  stm32f10x_adc.o(.text)
    ADC_GetITStatus                          0x0800192d   Thumb Code    36  stm32f10x_adc.o(.text)
    ADC_ClearITPendingBit                    0x08001951   Thumb Code    10  stm32f10x_adc.o(.text)
    DAC_DeInit                               0x0800195d   Thumb Code    22  stm32f10x_dac.o(.text)
    DAC_Init                                 0x08001973   Thumb Code    46  stm32f10x_dac.o(.text)
    DAC_StructInit                           0x080019a1   Thumb Code    12  stm32f10x_dac.o(.text)
    DAC_Cmd                                  0x080019ad   Thumb Code    34  stm32f10x_dac.o(.text)
    DAC_DMACmd                               0x080019cf   Thumb Code    38  stm32f10x_dac.o(.text)
    DAC_SoftwareTriggerCmd                   0x080019f5   Thumb Code    48  stm32f10x_dac.o(.text)
    DAC_DualSoftwareTriggerCmd               0x08001a25   Thumb Code    38  stm32f10x_dac.o(.text)
    DAC_WaveGenerationCmd                    0x08001a4b   Thumb Code    36  stm32f10x_dac.o(.text)
    DAC_SetChannel1Data                      0x08001a6f   Thumb Code    26  stm32f10x_dac.o(.text)
    DAC_SetChannel2Data                      0x08001a89   Thumb Code    26  stm32f10x_dac.o(.text)
    DAC_SetDualChannelData                   0x08001aa3   Thumb Code    32  stm32f10x_dac.o(.text)
    DAC_GetDataOutputValue                   0x08001ac3   Thumb Code    32  stm32f10x_dac.o(.text)
    IWDG_WriteAccessCmd                      0x08001ae9   Thumb Code     6  stm32f10x_iwdg.o(.text)
    IWDG_SetPrescaler                        0x08001aef   Thumb Code     6  stm32f10x_iwdg.o(.text)
    IWDG_SetReload                           0x08001af5   Thumb Code     6  stm32f10x_iwdg.o(.text)
    IWDG_ReloadCounter                       0x08001afb   Thumb Code    10  stm32f10x_iwdg.o(.text)
    IWDG_Enable                              0x08001b05   Thumb Code    10  stm32f10x_iwdg.o(.text)
    IWDG_GetFlagStatus                       0x08001b0f   Thumb Code    20  stm32f10x_iwdg.o(.text)
    TIM_DeInit                               0x08001b29   Thumb Code   424  stm32f10x_tim.o(.text)
    TIM_TimeBaseInit                         0x08001cd1   Thumb Code   122  stm32f10x_tim.o(.text)
    TIM_OC1Init                              0x08001d4b   Thumb Code   132  stm32f10x_tim.o(.text)
    TIM_OC2Init                              0x08001dcf   Thumb Code   154  stm32f10x_tim.o(.text)
    TIM_OC3Init                              0x08001e69   Thumb Code   150  stm32f10x_tim.o(.text)
    TIM_OC4Init                              0x08001eff   Thumb Code   182  stm32f10x_tim.o(.text)
    TIM_SetIC4Prescaler                      0x08001fb5   Thumb Code    26  stm32f10x_tim.o(.text)
    TIM_SetIC3Prescaler                      0x08002051   Thumb Code    18  stm32f10x_tim.o(.text)
    TIM_SetIC2Prescaler                      0x080020dd   Thumb Code    26  stm32f10x_tim.o(.text)
    TIM_SetIC1Prescaler                      0x08002179   Thumb Code    18  stm32f10x_tim.o(.text)
    TIM_ICInit                               0x080021f7   Thumb Code   150  stm32f10x_tim.o(.text)
    TIM_PWMIConfig                           0x0800228d   Thumb Code   124  stm32f10x_tim.o(.text)
    TIM_BDTRConfig                           0x08002309   Thumb Code    32  stm32f10x_tim.o(.text)
    TIM_TimeBaseStructInit                   0x08002329   Thumb Code    18  stm32f10x_tim.o(.text)
    TIM_OCStructInit                         0x0800233b   Thumb Code    20  stm32f10x_tim.o(.text)
    TIM_ICStructInit                         0x0800234f   Thumb Code    18  stm32f10x_tim.o(.text)
    TIM_BDTRStructInit                       0x08002361   Thumb Code    40  stm32f10x_tim.o(.text)
    TIM_Cmd                                  0x08002389   Thumb Code    24  stm32f10x_tim.o(.text)
    TIM_CtrlPWMOutputs                       0x080023a1   Thumb Code    30  stm32f10x_tim.o(.text)
    TIM_ITConfig                             0x080023bf   Thumb Code    18  stm32f10x_tim.o(.text)
    TIM_GenerateEvent                        0x080023d1   Thumb Code     4  stm32f10x_tim.o(.text)
    TIM_DMAConfig                            0x080023d5   Thumb Code    10  stm32f10x_tim.o(.text)
    TIM_DMACmd                               0x080023df   Thumb Code    18  stm32f10x_tim.o(.text)
    TIM_InternalClockConfig                  0x080023f1   Thumb Code    12  stm32f10x_tim.o(.text)
    TIM_SelectInputTrigger                   0x080023fd   Thumb Code    18  stm32f10x_tim.o(.text)
    TIM_ITRxExternalClockConfig              0x0800240f   Thumb Code    24  stm32f10x_tim.o(.text)
    TIM_TIxExternalClockConfig               0x08002427   Thumb Code    62  stm32f10x_tim.o(.text)
    TIM_ETRConfig                            0x08002465   Thumb Code    28  stm32f10x_tim.o(.text)
    TIM_ETRClockMode1Config                  0x08002481   Thumb Code    54  stm32f10x_tim.o(.text)
    TIM_ETRClockMode2Config                  0x080024b7   Thumb Code    32  stm32f10x_tim.o(.text)
    TIM_PrescalerConfig                      0x080024d7   Thumb Code     6  stm32f10x_tim.o(.text)
    TIM_CounterModeConfig                    0x080024dd   Thumb Code    18  stm32f10x_tim.o(.text)
    TIM_EncoderInterfaceConfig               0x080024ef   Thumb Code    66  stm32f10x_tim.o(.text)
    TIM_ForcedOC1Config                      0x08002531   Thumb Code    18  stm32f10x_tim.o(.text)
    TIM_ForcedOC2Config                      0x08002543   Thumb Code    26  stm32f10x_tim.o(.text)
    TIM_ForcedOC3Config                      0x0800255d   Thumb Code    18  stm32f10x_tim.o(.text)
    TIM_ForcedOC4Config                      0x0800256f   Thumb Code    26  stm32f10x_tim.o(.text)
    TIM_ARRPreloadConfig                     0x08002589   Thumb Code    24  stm32f10x_tim.o(.text)
    TIM_SelectCOM                            0x080025a1   Thumb Code    24  stm32f10x_tim.o(.text)
    TIM_SelectCCDMA                          0x080025b9   Thumb Code    24  stm32f10x_tim.o(.text)
    TIM_CCPreloadControl                     0x080025d1   Thumb Code    24  stm32f10x_tim.o(.text)
    TIM_OC1PreloadConfig                     0x080025e9   Thumb Code    18  stm32f10x_tim.o(.text)
    TIM_OC2PreloadConfig                     0x080025fb   Thumb Code    26  stm32f10x_tim.o(.text)
    TIM_OC3PreloadConfig                     0x08002615   Thumb Code    18  stm32f10x_tim.o(.text)
    TIM_OC4PreloadConfig                     0x08002627   Thumb Code    26  stm32f10x_tim.o(.text)
    TIM_OC1FastConfig                        0x08002641   Thumb Code    18  stm32f10x_tim.o(.text)
    TIM_OC2FastConfig                        0x08002653   Thumb Code    26  stm32f10x_tim.o(.text)
    TIM_OC3FastConfig                        0x0800266d   Thumb Code    18  stm32f10x_tim.o(.text)
    TIM_OC4FastConfig                        0x0800267f   Thumb Code    26  stm32f10x_tim.o(.text)
    TIM_ClearOC1Ref                          0x08002699   Thumb Code    18  stm32f10x_tim.o(.text)
    TIM_ClearOC2Ref                          0x080026ab   Thumb Code    24  stm32f10x_tim.o(.text)
    TIM_ClearOC3Ref                          0x080026c3   Thumb Code    18  stm32f10x_tim.o(.text)
    TIM_ClearOC4Ref                          0x080026d5   Thumb Code    24  stm32f10x_tim.o(.text)
    TIM_OC1PolarityConfig                    0x080026ed   Thumb Code    18  stm32f10x_tim.o(.text)
    TIM_OC1NPolarityConfig                   0x080026ff   Thumb Code    18  stm32f10x_tim.o(.text)
    TIM_OC2PolarityConfig                    0x08002711   Thumb Code    26  stm32f10x_tim.o(.text)
    TIM_OC2NPolarityConfig                   0x0800272b   Thumb Code    26  stm32f10x_tim.o(.text)
    TIM_OC3PolarityConfig                    0x08002745   Thumb Code    26  stm32f10x_tim.o(.text)
    TIM_OC3NPolarityConfig                   0x0800275f   Thumb Code    26  stm32f10x_tim.o(.text)
    TIM_OC4PolarityConfig                    0x08002779   Thumb Code    26  stm32f10x_tim.o(.text)
    TIM_CCxCmd                               0x08002793   Thumb Code    30  stm32f10x_tim.o(.text)
    TIM_CCxNCmd                              0x080027b1   Thumb Code    30  stm32f10x_tim.o(.text)
    TIM_SelectOCxM                           0x080027cf   Thumb Code    82  stm32f10x_tim.o(.text)
    TIM_UpdateDisableConfig                  0x08002821   Thumb Code    24  stm32f10x_tim.o(.text)
    TIM_UpdateRequestConfig                  0x08002839   Thumb Code    24  stm32f10x_tim.o(.text)
    TIM_SelectHallSensor                     0x08002851   Thumb Code    24  stm32f10x_tim.o(.text)
    TIM_SelectOnePulseMode                   0x08002869   Thumb Code    18  stm32f10x_tim.o(.text)
    TIM_SelectOutputTrigger                  0x0800287b   Thumb Code    18  stm32f10x_tim.o(.text)
    TIM_SelectSlaveMode                      0x0800288d   Thumb Code    18  stm32f10x_tim.o(.text)
    TIM_SelectMasterSlaveMode                0x0800289f   Thumb Code    18  stm32f10x_tim.o(.text)
    TIM_SetCounter                           0x080028b1   Thumb Code     4  stm32f10x_tim.o(.text)
    TIM_SetAutoreload                        0x080028b5   Thumb Code     4  stm32f10x_tim.o(.text)
    TIM_SetCompare1                          0x080028b9   Thumb Code     4  stm32f10x_tim.o(.text)
    TIM_SetCompare2                          0x080028bd   Thumb Code     4  stm32f10x_tim.o(.text)
    TIM_SetCompare3                          0x080028c1   Thumb Code     4  stm32f10x_tim.o(.text)
    TIM_SetCompare4                          0x080028c5   Thumb Code     6  stm32f10x_tim.o(.text)
    TIM_SetClockDivision                     0x080028cb   Thumb Code    18  stm32f10x_tim.o(.text)
    TIM_GetCapture1                          0x080028dd   Thumb Code     6  stm32f10x_tim.o(.text)
    TIM_GetCapture2                          0x080028e3   Thumb Code     6  stm32f10x_tim.o(.text)
    TIM_GetCapture3                          0x080028e9   Thumb Code     6  stm32f10x_tim.o(.text)
    TIM_GetCapture4                          0x080028ef   Thumb Code     8  stm32f10x_tim.o(.text)
    TIM_GetCounter                           0x080028f7   Thumb Code     6  stm32f10x_tim.o(.text)
    TIM_GetPrescaler                         0x080028fd   Thumb Code     6  stm32f10x_tim.o(.text)
    TIM_GetFlagStatus                        0x08002903   Thumb Code    18  stm32f10x_tim.o(.text)
    TIM_ClearFlag                            0x08002915   Thumb Code     6  stm32f10x_tim.o(.text)
    TIM_GetITStatus                          0x0800291b   Thumb Code    34  stm32f10x_tim.o(.text)
    TIM_ClearITPendingBit                    0x0800293d   Thumb Code     6  stm32f10x_tim.o(.text)
    FLASH_SetLatency                         0x08002945   Thumb Code    18  stm32f10x_flash.o(.text)
    FLASH_HalfCycleAccessCmd                 0x08002957   Thumb Code    22  stm32f10x_flash.o(.text)
    FLASH_PrefetchBufferCmd                  0x0800296d   Thumb Code    22  stm32f10x_flash.o(.text)
    FLASH_Unlock                             0x08002983   Thumb Code    12  stm32f10x_flash.o(.text)
    FLASH_UnlockBank1                        0x0800298f   Thumb Code    12  stm32f10x_flash.o(.text)
    FLASH_Lock                               0x0800299b   Thumb Code    14  stm32f10x_flash.o(.text)
    FLASH_LockBank1                          0x080029a9   Thumb Code    14  stm32f10x_flash.o(.text)
    FLASH_GetBank1Status                     0x080029b7   Thumb Code    48  stm32f10x_flash.o(.text)
    FLASH_WaitForLastOperation               0x080029e7   Thumb Code    38  stm32f10x_flash.o(.text)
    FLASH_ErasePage                          0x08002a0d   Thumb Code    72  stm32f10x_flash.o(.text)
    FLASH_EraseAllPages                      0x08002a55   Thumb Code    68  stm32f10x_flash.o(.text)
    FLASH_WaitForLastBank1Operation          0x08002a99   Thumb Code    38  stm32f10x_flash.o(.text)
    FLASH_EraseAllBank1Pages                 0x08002abf   Thumb Code    68  stm32f10x_flash.o(.text)
    FLASH_GetReadOutProtectionStatus         0x08002b03   Thumb Code    20  stm32f10x_flash.o(.text)
    FLASH_EraseOptionBytes                   0x08002b17   Thumb Code   150  stm32f10x_flash.o(.text)
    FLASH_ProgramWord                        0x08002bad   Thumb Code   102  stm32f10x_flash.o(.text)
    FLASH_ProgramHalfWord                    0x08002c13   Thumb Code    60  stm32f10x_flash.o(.text)
    FLASH_ProgramOptionByteData              0x08002c4f   Thumb Code    72  stm32f10x_flash.o(.text)
    FLASH_EnableWriteProtection              0x08002c97   Thumb Code   200  stm32f10x_flash.o(.text)
    FLASH_ReadOutProtection                  0x08002d5f   Thumb Code   156  stm32f10x_flash.o(.text)
    FLASH_UserOptionByteConfig               0x08002dfb   Thumb Code    88  stm32f10x_flash.o(.text)
    FLASH_GetUserOptionByte                  0x08002e53   Thumb Code     8  stm32f10x_flash.o(.text)
    FLASH_GetWriteProtectionOptionByte       0x08002e5b   Thumb Code     6  stm32f10x_flash.o(.text)
    FLASH_GetPrefetchBufferStatus            0x08002e61   Thumb Code    20  stm32f10x_flash.o(.text)
    FLASH_ITConfig                           0x08002e75   Thumb Code    26  stm32f10x_flash.o(.text)
    FLASH_GetFlagStatus                      0x08002e8f   Thumb Code    42  stm32f10x_flash.o(.text)
    FLASH_ClearFlag                          0x08002eb9   Thumb Code     6  stm32f10x_flash.o(.text)
    FLASH_GetStatus                          0x08002ebf   Thumb Code    48  stm32f10x_flash.o(.text)
    OS_TaskStatStkChk                        0x08002f01   Thumb Code    54  os_core.o(.text)
    OS_TaskStat                              0x08002f37   Thumb Code   116  os_core.o(.text)
    OS_TaskIdle                              0x08002fdf   Thumb Code    34  os_core.o(.text)
    OS_MemClr                                0x08003035   Thumb Code    18  os_core.o(.text)
    OSInit                                   0x08003153   Thumb Code    48  os_core.o(.text)
    OSIntEnter                               0x08003183   Thumb Code    28  os_core.o(.text)
    OSIntExit                                0x080031b9   Thumb Code   112  os_core.o(.text)
    OSSchedLock                              0x08003229   Thumb Code    50  os_core.o(.text)
    OS_Sched                                 0x0800325b   Thumb Code    88  os_core.o(.text)
    OSSchedUnlock                            0x080032b3   Thumb Code   238  os_core.o(.text)
    OSStart                                  0x080033a1   Thumb Code    48  os_core.o(.text)
    OSStatInit                               0x080033d1   Thumb Code    62  os_core.o(.text)
    OSTimeTick                               0x0800340f   Thumb Code   210  os_core.o(.text)
    OSVersion                                0x080034e1   Thumb Code     6  os_core.o(.text)
    OS_Dummy                                 0x080034e7   Thumb Code     2  os_core.o(.text)
    OS_EventTaskRemove                       0x080034e9   Thumb Code    42  os_core.o(.text)
    OS_EventTaskRdy                          0x08003513   Thumb Code   114  os_core.o(.text)
    OS_EventTaskWait                         0x08003585   Thumb Code   112  os_core.o(.text)
    OS_EventWaitListInit                     0x080035f5   Thumb Code    28  os_core.o(.text)
    OS_MemCopy                               0x08003611   Thumb Code    20  os_core.o(.text)
    OS_StrLen                                0x08003625   Thumb Code    20  os_core.o(.text)
    OS_TCBInit                               0x08003639   Thumb Code   280  os_core.o(.text)
    OSFlagAccept                             0x08003795   Thumb Code   252  os_flag.o(.text)
    OSFlagCreate                             0x08003891   Thumb Code    86  os_flag.o(.text)
    OS_FlagUnlink                            0x080038e7   Thumb Code    36  os_flag.o(.text)
    OSFlagDel                                0x0800395d   Thumb Code   214  os_flag.o(.text)
    OSFlagNameGet                            0x08003a33   Thumb Code    80  os_flag.o(.text)
    OSFlagNameSet                            0x08003a83   Thumb Code    66  os_flag.o(.text)
    OSFlagPend                               0x08003b5d   Thumb Code   614  os_flag.o(.text)
    OSFlagPendGetFlagsRdy                    0x08003dc3   Thumb Code    26  os_flag.o(.text)
    OSFlagPost                               0x08003ddd   Thumb Code   312  os_flag.o(.text)
    OSFlagQuery                              0x08003f15   Thumb Code    48  os_flag.o(.text)
    OS_FlagInit                              0x08003f45   Thumb Code    78  os_flag.o(.text)
    OSQAccept                                0x08003fa1   Thumb Code    88  os_q.o(.text)
    OSQCreate                                0x08003ff9   Thumb Code   140  os_q.o(.text)
    OSQDel                                   0x08004085   Thumb Code   236  os_q.o(.text)
    OSQFlush                                 0x08004171   Thumb Code    36  os_q.o(.text)
    OSQPend                                  0x08004195   Thumb Code   272  os_q.o(.text)
    OSQPendAbort                             0x080042a5   Thumb Code   128  os_q.o(.text)
    OSQPost                                  0x08004325   Thumb Code   114  os_q.o(.text)
    OSQPostFront                             0x08004397   Thumb Code   136  os_q.o(.text)
    OSQPostOpt                               0x0800441f   Thumb Code   182  os_q.o(.text)
    OSQQuery                                 0x080044d5   Thumb Code    98  os_q.o(.text)
    OS_QInit                                 0x08004537   Thumb Code    72  os_q.o(.text)
    OSSemAccept                              0x08004589   Thumb Code    42  os_sem.o(.text)
    OSSemCreate                              0x080045b3   Thumb Code    68  os_sem.o(.text)
    OSSemDel                                 0x080045f7   Thumb Code   200  os_sem.o(.text)
    OSSemPend                                0x080046bf   Thumb Code   222  os_sem.o(.text)
    OSSemPendAbort                           0x0800479d   Thumb Code   128  os_sem.o(.text)
    OSSemPost                                0x0800481d   Thumb Code    88  os_sem.o(.text)
    OSSemQuery                               0x08004875   Thumb Code    76  os_sem.o(.text)
    OSSemSet                                 0x080048c1   Thumb Code    66  os_sem.o(.text)
    OSTaskChangePrio                         0x08004915   Thumb Code   308  os_task.o(.text)
    OSTaskCreate                             0x08004a49   Thumb Code   148  os_task.o(.text)
    OS_TaskStkClr                            0x08004add   Thumb Code    26  os_task.o(.text)
    OSTaskCreateExt                          0x08004af7   Thumb Code   170  os_task.o(.text)
    OSTaskDel                                0x08004ba1   Thumb Code   294  os_task.o(.text)
    OSTaskDelReq                             0x08004cc7   Thumb Code   144  os_task.o(.text)
    OSTaskNameGet                            0x08004d57   Thumb Code   114  os_task.o(.text)
    OSTaskNameSet                            0x08004dc9   Thumb Code    98  os_task.o(.text)
    OSTaskResume                             0x08004e2b   Thumb Code   154  os_task.o(.text)
    OSTaskStkChk                             0x08004ec5   Thumb Code   132  os_task.o(.text)
    OSTaskSuspend                            0x08004f49   Thumb Code   152  os_task.o(.text)
    OSTaskQuery                              0x08004fe1   Thumb Code    82  os_task.o(.text)
    OSTaskRegGet                             0x08005033   Thumb Code    60  os_task.o(.text)
    OSTaskRegSet                             0x0800506f   Thumb Code    62  os_task.o(.text)
    OS_TaskReturn                            0x080050ad   Thumb Code    18  os_task.o(.text)
    OSTimeDly                                0x080050d9   Thumb Code   100  os_time.o(.text)
    OSTimeDlyHMSM                            0x0800513d   Thumb Code    86  os_time.o(.text)
    OSTimeDlyResume                          0x08005193   Thumb Code   168  os_time.o(.text)
    OSTimeGet                                0x0800523b   Thumb Code    24  os_time.o(.text)
    OSTimeSet                                0x08005253   Thumb Code    24  os_time.o(.text)
    OSTmrCreate                              0x080052bb   Thumb Code    96  os_tmr.o(.text)
    OSTmrDel                                 0x08005393   Thumb Code   124  os_tmr.o(.text)
    OSTmrNameGet                             0x0800540f   Thumb Code   114  os_tmr.o(.text)
    OSTmrRemainGet                           0x08005481   Thumb Code   164  os_tmr.o(.text)
    OSTmrStateGet                            0x08005525   Thumb Code    86  os_tmr.o(.text)
    OSTmrStart                               0x080055df   Thumb Code   128  os_tmr.o(.text)
    OSTmrStop                                0x0800565f   Thumb Code   210  os_tmr.o(.text)
    OSTmrSignal                              0x08005731   Thumb Code    16  os_tmr.o(.text)
    OSTmr_Init                               0x080057e5   Thumb Code   152  os_tmr.o(.text)
    OSInitHookBegin                          0x080058bd   Thumb Code     8  os_cpu_c.o(.text)
    OSInitHookEnd                            0x080058c5   Thumb Code     2  os_cpu_c.o(.text)
    OSTaskCreateHook                         0x080058c7   Thumb Code     2  os_cpu_c.o(.text)
    OSTaskDelHook                            0x080058c9   Thumb Code     2  os_cpu_c.o(.text)
    OSTaskIdleHook                           0x080058cb   Thumb Code     2  os_cpu_c.o(.text)
    OSTaskStatHook                           0x080058cd   Thumb Code     2  os_cpu_c.o(.text)
    OSTaskStkInit                            0x080058cf   Thumb Code   154  os_cpu_c.o(.text)
    OSTaskSwHook                             0x08005969   Thumb Code     2  os_cpu_c.o(.text)
    OSTCBInitHook                            0x0800596b   Thumb Code     2  os_cpu_c.o(.text)
    OSTimeTickHook                           0x0800596d   Thumb Code    30  os_cpu_c.o(.text)
    OSTaskReturnHook                         0x0800598b   Thumb Code     2  os_cpu_c.o(.text)
    OS_CPU_SR_Save                           0x08005991   Thumb Code     0  os_cpu_a.o(.text)
    OS_CPU_SR_Restore                        0x08005999   Thumb Code     0  os_cpu_a.o(.text)
    OSStartHighRdy                           0x0800599f   Thumb Code     0  os_cpu_a.o(.text)
    OSCtxSw                                  0x080059c1   Thumb Code     0  os_cpu_a.o(.text)
    OSIntCtxSw                               0x080059cf   Thumb Code     0  os_cpu_a.o(.text)
    PendSV_Handler                           0x080059df   Thumb Code     0  os_cpu_a.o(.text)
    P_Comm3_Handle                           0x08005a45   Thumb Code   756  comm_handle.o(.text)
    MMSenDFuncode03Frame                     0x08005d39   Thumb Code   162  comm_handle.o(.text)
    P_Comm2_Send_Handle                      0x08005ddb   Thumb Code    80  comm_handle.o(.text)
    P_Comm2_Handle                           0x08005e2b   Thumb Code   260  comm_handle.o(.text)
    P_Comm1_Handle                           0x08005f2f   Thumb Code   774  comm_handle.o(.text)
    MasterReadSlave                          0x08006235   Thumb Code    24  comm_handle.o(.text)
    Control_Global_Init                      0x08006271   Thumb Code   846  control_global.o(.text)
    AO_reg_init                              0x0800666f   Thumb Code   192  control_main.o(.text)
    ADC_reg_init                             0x0800672f   Thumb Code    66  control_main.o(.text)
    IWDG_Configuration                       0x08006771   Thumb Code    34  control_main.o(.text)
    main                                     0x08006865   Thumb Code    38  control_main.o(.text)
    timer_100ms_callback                     0x0800688b   Thumb Code     8  control_main.o(.text)
    to_float                                 0x08006905   Thumb Code    18  function_handle.o(.text)
    P_Function_AI                            0x08006917   Thumb Code  9160  function_handle.o(.text)
    P_Function_AO                            0x08008cdf   Thumb Code  1058  function_handle.o(.text)
    DO_store                                 0x08009101   Thumb Code    30  function_handle.o(.text)
    P_Function_DO                            0x0800911f   Thumb Code   114  function_handle.o(.text)
    P_Function_DI                            0x08009191   Thumb Code    62  function_handle.o(.text)
    P_Function_RunStatus                     0x080091cf   Thumb Code    66  function_handle.o(.text)
    DO_reload                                0x08009211   Thumb Code    80  function_handle.o(.text)
    PID_control_parameter_init_channel       0x08009291   Thumb Code    36  tpk8control.o(.text)
    PID_control_parameter_init               0x080092b5   Thumb Code    42  tpk8control.o(.text)
    PIDCalc                                  0x080092df   Thumb Code   136  tpk8control.o(.text)
    cov_s16_to_float                         0x08009367   Thumb Code    18  tpk8control.o(.text)
    cal_k_b                                  0x08009379   Thumb Code    84  tpk8control.o(.text)
    cal_k_b_channel                          0x080093cd   Thumb Code   136  tpk8control.o(.text)
    get_value_current                        0x08009455   Thumb Code    70  tpk8control.o(.text)
    get_value_target                         0x0800949b   Thumb Code    96  tpk8control.o(.text)
    PID_value_out                            0x080094fb   Thumb Code    24  tpk8control.o(.text)
    get_PID_parameter                        0x08009513   Thumb Code   132  tpk8control.o(.text)
    pid_control                              0x08009597   Thumb Code    74  tpk8control.o(.text)
    pid_control_top                          0x080095e1   Thumb Code    32  tpk8control.o(.text)
    BSP_AI_Select_Gain                       0x08009615   Thumb Code   954  control_adc.o(.text)
    BSP_ADC_Config                           0x08009a47   Thumb Code   266  control_adc.o(.text)
    Get_ADC1                                 0x08009b51   Thumb Code    46  control_adc.o(.text)
    Get_ADC3                                 0x08009b7f   Thumb Code    46  control_adc.o(.text)
    BSP_AI_SelectChannel                     0x08009bad   Thumb Code   904  control_adc.o(.text)
    BSP_AI_Select_Mode                       0x08009f35   Thumb Code   480  control_adc.o(.text)
    BSP_MeasurResist_CurrentOut              0x0800a115   Thumb Code    62  control_adc.o(.text)
    BSP_MeasurResist_CurrentOut_value        0x0800a153   Thumb Code    14  control_adc.o(.text)
    BSP_Config                               0x0800a255   Thumb Code    32  control_bsp.o(.text)
    BSP_Comm_Config                          0x0800a515   Thumb Code    32  control_comm.o(.text)
    Get_CRC                                  0x0800a535   Thumb Code    50  control_comm.o(.text)
    BSP_Comm_Tx_Mode                         0x0800a567   Thumb Code    82  control_comm.o(.text)
    BSP_COMM_Send                            0x0800a5b9   Thumb Code   104  control_comm.o(.text)
    BSP_COMM_Rece                            0x0800a621   Thumb Code   238  control_comm.o(.text)
    BSP_Comm_Rx_Mode                         0x0800a70f   Thumb Code    82  control_comm.o(.text)
    BSP_Comm_Idle_Mode                       0x0800a761   Thumb Code   106  control_comm.o(.text)
    BSP_DAC_Config                           0x0800a8bd   Thumb Code   174  control_dac.o(.text)
    BSP_PWM_DutyCycle                        0x0800a96b   Thumb Code    54  control_dac.o(.text)
    BSP_AO_Select_Mode                       0x0800a9a1   Thumb Code   148  control_dac.o(.text)
    DI_ReadBits                              0x0800aa45   Thumb Code   248  control_di.o(.text)
    Control_GPI_Config                       0x0800ab3d   Thumb Code    64  control_di.o(.text)
    DO_SetBits                               0x0800ab89   Thumb Code   226  control_do.o(.text)
    Sys_Run_LED                              0x0800ac6b   Thumb Code    28  control_do.o(.text)
    DO_ResetBits                             0x0800ac87   Thumb Code   226  control_do.o(.text)
    Control_GPIO_Config                      0x0800ad69   Thumb Code   216  control_do.o(.text)
    I2C_GPIO_Init                            0x0800ae51   Thumb Code    50  myiic.o(.text)
    I2C_SDA_OUT                              0x0800ae83   Thumb Code    32  myiic.o(.text)
    I2C_SDA_IN                               0x0800aea3   Thumb Code    32  myiic.o(.text)
    I2C_Start                                0x0800aec3   Thumb Code    66  myiic.o(.text)
    I2C_Stop                                 0x0800af05   Thumb Code    56  myiic.o(.text)
    I2C_Wait_Ack                             0x0800af3d   Thumb Code    86  myiic.o(.text)
    I2C_Ack                                  0x0800af93   Thumb Code    60  myiic.o(.text)
    I2C_NAck                                 0x0800afcf   Thumb Code    60  myiic.o(.text)
    I2C_Write_1                              0x0800b00b   Thumb Code    52  myiic.o(.text)
    I2C_Write_0                              0x0800b03f   Thumb Code    52  myiic.o(.text)
    I2C_Send_Byte                            0x0800b073   Thumb Code    60  myiic.o(.text)
    I2C_Send_NByte                           0x0800b0af   Thumb Code    50  myiic.o(.text)
    I2C_Read_Byte                            0x0800b0e1   Thumb Code   126  myiic.o(.text)
    I2C_Read_NByte                           0x0800b15f   Thumb Code    46  myiic.o(.text)
    EEPROM_Read_Byte                         0x0800b191   Thumb Code   104  24cxx.o(.text)
    EEPROM_Read_NByte                        0x0800b1f9   Thumb Code   104  24cxx.o(.text)
    EEPROM_Write_Byte                        0x0800b261   Thumb Code    98  24cxx.o(.text)
    EEPROM_Write_NByte                       0x0800b2c3   Thumb Code    98  24cxx.o(.text)
    EEPROM_Read                              0x0800b325   Thumb Code    40  24cxx.o(.text)
    EEPROM_Write                             0x0800b34d   Thumb Code    46  24cxx.o(.text)
    __aeabi_memcpy                           0x0800b37b   Thumb Code    36  memcpya.o(.text)
    __aeabi_memcpy4                          0x0800b37b   Thumb Code     0  memcpya.o(.text)
    __aeabi_memcpy8                          0x0800b37b   Thumb Code     0  memcpya.o(.text)
    __aeabi_fadd                             0x0800b39f   Thumb Code   164  fadd.o(.text)
    __aeabi_fsub                             0x0800b443   Thumb Code     6  fadd.o(.text)
    __aeabi_frsub                            0x0800b449   Thumb Code     6  fadd.o(.text)
    __aeabi_fmul                             0x0800b44f   Thumb Code   100  fmul.o(.text)
    __aeabi_fdiv                             0x0800b4b3   Thumb Code   124  fdiv.o(.text)
    __aeabi_i2f                              0x0800b52f   Thumb Code    18  fflti.o(.text)
    __aeabi_ui2f                             0x0800b541   Thumb Code    10  ffltui.o(.text)
    __aeabi_f2iz                             0x0800b54b   Thumb Code    50  ffixi.o(.text)
    __aeabi_f2uiz                            0x0800b57d   Thumb Code    40  ffixui.o(.text)
    __aeabi_cfcmpeq                          0x0800b5a5   Thumb Code     0  cfcmple.o(.text)
    __aeabi_cfcmple                          0x0800b5a5   Thumb Code    20  cfcmple.o(.text)
    __aeabi_cfrcmple                         0x0800b5b9   Thumb Code    20  cfrcmple.o(.text)
    __I$use$fp                               0x0800b5cd   Thumb Code     0  iusefp.o(.text)
    _float_round                             0x0800b5cd   Thumb Code    18  fepilogue.o(.text)
    _float_epilogue                          0x0800b5df   Thumb Code    92  fepilogue.o(.text)
    __scatterload                            0x0800b63d   Thumb Code    28  init.o(.text)
    __scatterload_rt2                        0x0800b63d   Thumb Code     0  init.o(.text)
    __0printf$bare                           0x0800b661   Thumb Code     8  printfb.o(i.__0printf$bare)
    __1printf$bare                           0x0800b661   Thumb Code     0  printfb.o(i.__0printf$bare)
    __2printf                                0x0800b661   Thumb Code     0  printfb.o(i.__0printf$bare)
    __scatterload_copy                       0x0800b671   Thumb Code    14  handlers.o(i.__scatterload_copy)
    __scatterload_null                       0x0800b67f   Thumb Code     2  handlers.o(i.__scatterload_null)
    __scatterload_zeroinit                   0x0800b681   Thumb Code    14  handlers.o(i.__scatterload_zeroinit)
    OSUnMapTbl                               0x0800b6b0   Data         256  os_core.o(.constdata)
    auchCRCHi                                0x0800b7b0   Data         256  control_comm.o(.constdata)
    auchCRCLo                                0x0800b8b0   Data         256  control_comm.o(.constdata)
    Region$$Table$$Base                      0x0800b9b0   Number         0  anon$$obj.o(Region$$Table)
    Region$$Table$$Limit                     0x0800b9d0   Number         0  anon$$obj.o(Region$$Table)
    SystemCoreClock                          0x20000000   Data           4  system_stm32f10x.o(.data)
    AHBPrescTable                            0x20000004   Data          16  system_stm32f10x.o(.data)
    __stdout                                 0x20000018   Data           4  usart.o(.data)
    USART_RX_STA                             0x2000001c   Data           2  usart.o(.data)
    OSCtxSwCtr                               0x20000034   Data           4  os_core.o(.data)
    OSEventFreeList                          0x20000038   Data           4  os_core.o(.data)
    OSFlagFreeList                           0x2000003c   Data           4  os_core.o(.data)
    OSCPUUsage                               0x20000040   Data           1  os_core.o(.data)
    OSIdleCtrMax                             0x20000044   Data           4  os_core.o(.data)
    OSIdleCtrRun                             0x20000048   Data           4  os_core.o(.data)
    OSStatRdy                                0x2000004c   Data           1  os_core.o(.data)
    OSIntNesting                             0x2000004d   Data           1  os_core.o(.data)
    OSLockNesting                            0x2000004e   Data           1  os_core.o(.data)
    OSPrioCur                                0x2000004f   Data           1  os_core.o(.data)
    OSPrioHighRdy                            0x20000050   Data           1  os_core.o(.data)
    OSRdyGrp                                 0x20000051   Data           1  os_core.o(.data)
    OSRdyTbl                                 0x20000052   Data           8  os_core.o(.data)
    OSRunning                                0x2000005a   Data           1  os_core.o(.data)
    OSTaskCtr                                0x2000005b   Data           1  os_core.o(.data)
    OSIdleCtr                                0x2000005c   Data           4  os_core.o(.data)
    OSTCBCur                                 0x20000060   Data           4  os_core.o(.data)
    OSTCBFreeList                            0x20000064   Data           4  os_core.o(.data)
    OSTCBHighRdy                             0x20000068   Data           4  os_core.o(.data)
    OSTCBList                                0x2000006c   Data           4  os_core.o(.data)
    OSTickStepState                          0x20000070   Data           1  os_core.o(.data)
    OSQFreeList                              0x20000074   Data           4  os_core.o(.data)
    OSTime                                   0x20000078   Data           4  os_core.o(.data)
    OSTmrFree                                0x2000007c   Data           2  os_core.o(.data)
    OSTmrUsed                                0x2000007e   Data           2  os_core.o(.data)
    OSTmrTime                                0x20000080   Data           4  os_core.o(.data)
    OSTmrSem                                 0x20000084   Data           4  os_core.o(.data)
    OSTmrSemSignal                           0x20000088   Data           4  os_core.o(.data)
    OSTmrFreeList                            0x2000008c   Data           4  os_core.o(.data)
    OSInterrputSum                           0x20000090   Data           4  os_cpu_c.o(.data)
    TimeBug                                  0x20000098   Data           4  control_global.o(.data)
    Sem_Comm1Rece                            0x2000009c   Data           4  control_main.o(.data)
    Sem_Comm2Rece                            0x200000a0   Data           4  control_main.o(.data)
    Sem_Comm3Rece                            0x200000a4   Data           4  control_main.o(.data)
    Sem_Comm2Send                            0x200000a8   Data           4  control_main.o(.data)
    timer_100ms                              0x200000ac   Data           4  control_main.o(.data)
    timer_50ms                               0x200000b0   Data           4  control_main.o(.data)
    comm2_master_wait_time_out               0x200000b4   Data           1  control_main.o(.data)
    comm2_master_complete_send               0x200000b5   Data           1  control_main.o(.data)
    comm2_master_complete_recv               0x200000b6   Data           1  control_main.o(.data)
    k                                        0x20000110   Data           8  tpk8control.o(.data)
    b                                        0x20000118   Data           8  tpk8control.o(.data)
    OSEventTbl                               0x20000120   Data         200  os_core.o(.bss)
    OSFlagTbl                                0x200001e8   Data          80  os_core.o(.bss)
    OSTaskStatStk                            0x20000238   Data         512  os_core.o(.bss)
    OSTaskIdleStk                            0x20000438   Data         512  os_core.o(.bss)
    OSTCBPrioTbl                             0x20000638   Data         256  os_core.o(.bss)
    OSTCBTbl                                 0x20000738   Data        1008  os_core.o(.bss)
    OSQTbl                                   0x20000b28   Data         120  os_core.o(.bss)
    OSTmrTbl                                 0x20000ba0   Data         640  os_core.o(.bss)
    OSTmrTaskStk                             0x20000e20   Data         512  os_core.o(.bss)
    OSTmrWheelTbl                            0x20001020   Data          64  os_core.o(.bss)
    System_Status                            0x200012e8   Data           9  control_global.o(.bss)
    Parameter_Set_Type                       0x200012f1   Data          18  control_global.o(.bss)
    Parameter_Set_Rang_Max                   0x20001304   Data          72  control_global.o(.bss)
    Parameter_Set_Rang_Min                   0x2000134c   Data          72  control_global.o(.bss)
    Parameter_Set_Adjust                     0x20001394   Data          72  control_global.o(.bss)
    Parameter_Set_Gain                       0x200013dc   Data          72  control_global.o(.bss)
    Function_Analog_Origin                   0x20001424   Data          40  control_global.o(.bss)
    Function_Analog_FINAL                    0x2000144c   Data          80  control_global.o(.bss)
    Function_Digital                         0x2000149c   Data          32  control_global.o(.bss)
    ALL_DATA_RAM                             0x200014bc   Data        1024  control_global.o(.bss)
    DO_realtime                              0x2000d0bc   Data          32  function_handle.o(.bss)
    pid                                      0x200115bc   Data          56  tpk8control.o(.bss)
    COMM1_ReceBuf                            0x200115f4   Data         108  control_comm.o(.bss)
    COMM1_SendBuf                            0x20011660   Data         108  control_comm.o(.bss)
    COMM2_ReceBuf                            0x200116cc   Data         108  control_comm.o(.bss)
    COMM2_SendBuf                            0x20011738   Data         108  control_comm.o(.bss)
    COMM3_ReceBuf                            0x200117a4   Data         108  control_comm.o(.bss)
    COMM3_SendBuf                            0x20011810   Data         108  control_comm.o(.bss)
    __initial_sp                             0x20012080   Data           0  startup_stm32f10x_hd.o(STACK)



==============================================================================

Memory Map of the image

  Image Entry point : 0x08000131

  Load Region LR_IROM1 (Base: 0x08000000, Size: 0x0000baf0, Max: 0x000c0000, ABSOLUTE)

    Execution Region ER_IROM1 (Base: 0x08000000, Size: 0x0000b9d0, Max: 0x000c0000, ABSOLUTE)

    Base Addr    Size         Type   Attr      Idx    E Section Name        Object

    0x08000000   0x00000130   Data   RO          230    RESET               startup_stm32f10x_hd.o
    0x08000130   0x00000000   Code   RO          810  * .ARM.Collect$$$$00000000  mc_w.l(entry.o)
    0x08000130   0x00000004   Code   RO         1114    .ARM.Collect$$$$00000001  mc_w.l(entry2.o)
    0x08000134   0x00000004   Code   RO         1117    .ARM.Collect$$$$00000004  mc_w.l(entry5.o)
    0x08000138   0x00000000   Code   RO         1119    .ARM.Collect$$$$00000008  mc_w.l(entry7b.o)
    0x08000138   0x00000000   Code   RO         1121    .ARM.Collect$$$$0000000A  mc_w.l(entry8b.o)
    0x08000138   0x00000008   Code   RO         1122    .ARM.Collect$$$$0000000B  mc_w.l(entry9a.o)
    0x08000140   0x00000000   Code   RO         1124    .ARM.Collect$$$$0000000D  mc_w.l(entry10a.o)
    0x08000140   0x00000000   Code   RO         1126    .ARM.Collect$$$$0000000F  mc_w.l(entry11a.o)
    0x08000140   0x00000004   Code   RO         1115    .ARM.Collect$$$$00002712  mc_w.l(entry2.o)
    0x08000144   0x00000404   Code   RO           91    .text               stm32f10x_it.o
    0x08000548   0x000001e0   Code   RO          134    .text               system_stm32f10x.o
    0x08000728   0x00000118   Code   RO          164    .text               delay.o
    0x08000840   0x000000c4   Code   RO          195    .text               usart.o
    0x08000904   0x00000024   Code   RO          231    .text               startup_stm32f10x_hd.o
    0x08000928   0x000000dc   Code   RO          235    .text               misc.o
    0x08000a04   0x0000035c   Code   RO          247    .text               stm32f10x_gpio.o
    0x08000d60   0x00000408   Code   RO          259    .text               stm32f10x_usart.o
    0x08001168   0x000003a4   Code   RO          271    .text               stm32f10x_rcc.o
    0x0800150c   0x0000044e   Code   RO          285    .text               stm32f10x_adc.o
    0x0800195a   0x00000002   PAD
    0x0800195c   0x0000018c   Code   RO          300    .text               stm32f10x_dac.o
    0x08001ae8   0x00000040   Code   RO          330    .text               stm32f10x_iwdg.o
    0x08001b28   0x00000e1a   Code   RO          345    .text               stm32f10x_tim.o
    0x08002942   0x00000002   PAD
    0x08002944   0x000005bc   Code   RO          372    .text               stm32f10x_flash.o
    0x08002f00   0x00000894   Code   RO          387    .text               os_core.o
    0x08003794   0x0000080c   Code   RO          407    .text               os_flag.o
    0x08003fa0   0x000005e8   Code   RO          449    .text               os_q.o
    0x08004588   0x0000038c   Code   RO          461    .text               os_sem.o
    0x08004914   0x000007c4   Code   RO          473    .text               os_task.o
    0x080050d8   0x000001b0   Code   RO          485    .text               os_time.o
    0x08005288   0x00000634   Code   RO          497    .text               os_tmr.o
    0x080058bc   0x000000d4   Code   RO          509    .text               os_cpu_c.o
    0x08005990   0x000000b4   Code   RO          531    .text               os_cpu_a.o
    0x08005a44   0x0000082c   Code   RO          534    .text               comm_handle.o
    0x08006270   0x00000358   Code   RO          568    .text               control_global.o
    0x080065c8   0x0000033c   Code   RO          587    .text               control_main.o
    0x08006904   0x0000298c   Code   RO          644    .text               function_handle.o
    0x08009290   0x00000384   Code   RO          672    .text               tpk8control.o
    0x08009614   0x00000b60   Code   RO          688    .text               control_adc.o
    0x0800a174   0x0000010c   Code   RO          706    .text               control_bsp.o
    0x0800a280   0x00000560   Code   RO          718    .text               control_comm.o
    0x0800a7e0   0x00000264   Code   RO          737    .text               control_dac.o
    0x0800aa44   0x00000144   Code   RO          752    .text               control_di.o
    0x0800ab88   0x000002c8   Code   RO          764    .text               control_do.o
    0x0800ae50   0x00000340   Code   RO          776    .text               myiic.o
    0x0800b190   0x000001ea   Code   RO          788    .text               24cxx.o
    0x0800b37a   0x00000024   Code   RO          813    .text               mc_w.l(memcpya.o)
    0x0800b39e   0x000000b0   Code   RO         1077    .text               mf_w.l(fadd.o)
    0x0800b44e   0x00000064   Code   RO         1079    .text               mf_w.l(fmul.o)
    0x0800b4b2   0x0000007c   Code   RO         1081    .text               mf_w.l(fdiv.o)
    0x0800b52e   0x00000012   Code   RO         1083    .text               mf_w.l(fflti.o)
    0x0800b540   0x0000000a   Code   RO         1085    .text               mf_w.l(ffltui.o)
    0x0800b54a   0x00000032   Code   RO         1087    .text               mf_w.l(ffixi.o)
    0x0800b57c   0x00000028   Code   RO         1089    .text               mf_w.l(ffixui.o)
    0x0800b5a4   0x00000014   Code   RO         1095    .text               mf_w.l(cfcmple.o)
    0x0800b5b8   0x00000014   Code   RO         1097    .text               mf_w.l(cfrcmple.o)
    0x0800b5cc   0x00000000   Code   RO         1139    .text               mc_w.l(iusefp.o)
    0x0800b5cc   0x0000006e   Code   RO         1140    .text               mf_w.l(fepilogue.o)
    0x0800b63a   0x00000002   PAD
    0x0800b63c   0x00000024   Code   RO         1156    .text               mc_w.l(init.o)
    0x0800b660   0x00000010   Code   RO          818    i.__0printf$bare    mc_w.l(printfb.o)
    0x0800b670   0x0000000e   Code   RO         1172    i.__scatterload_copy  mc_w.l(handlers.o)
    0x0800b67e   0x00000002   Code   RO         1173    i.__scatterload_null  mc_w.l(handlers.o)
    0x0800b680   0x0000000e   Code   RO         1174    i.__scatterload_zeroinit  mc_w.l(handlers.o)
    0x0800b68e   0x00000022   Code   RO          825    i._printf_core      mc_w.l(printfb.o)
    0x0800b6b0   0x00000100   Data   RO          389    .constdata          os_core.o
    0x0800b7b0   0x00000200   Data   RO          720    .constdata          control_comm.o
    0x0800b9b0   0x00000020   Data   RO         1170    Region$$Table       anon$$obj.o


    Execution Region RW_IRAM1 (Base: 0x20000000, Size: 0x00012080, Max: 0x00020000, ABSOLUTE)

    Base Addr    Size         Type   Attr      Idx    E Section Name        Object

    0x20000000   0x00000014   Data   RW          135    .data               system_stm32f10x.o
    0x20000014   0x00000004   Data   RW          165    .data               delay.o
    0x20000018   0x00000006   Data   RW          197    .data               usart.o
    0x2000001e   0x00000014   Data   RW          272    .data               stm32f10x_rcc.o
    0x20000032   0x00000002   PAD
    0x20000034   0x0000005c   Data   RW          390    .data               os_core.o
    0x20000090   0x00000006   Data   RW          510    .data               os_cpu_c.o
    0x20000096   0x00000002   PAD
    0x20000098   0x00000004   Data   RW          570    .data               control_global.o
    0x2000009c   0x00000025   Data   RW          589    .data               control_main.o
    0x200000c1   0x00000003   PAD
    0x200000c4   0x0000004c   Data   RW          646    .data               function_handle.o
    0x20000110   0x00000010   Data   RW          674    .data               tpk8control.o
    0x20000120   0x00000f40   Zero   RW          388    .bss                os_core.o
    0x20001060   0x00000288   Zero   RW          535    .bss                comm_handle.o
    0x200012e8   0x000005d4   Zero   RW          569    .bss                control_global.o
    0x200018bc   0x0000b800   Zero   RW          588    .bss                control_main.o
    0x2000d0bc   0x00004500   Zero   RW          645    .bss                function_handle.o
    0x200115bc   0x00000038   Zero   RW          673    .bss                tpk8control.o
    0x200115f4   0x00000288   Zero   RW          719    .bss                control_comm.o
    0x2001187c   0x00000004   PAD
    0x20011880   0x00000800   Zero   RW          228    STACK               startup_stm32f10x_hd.o


==============================================================================

Image component sizes


      Code (inc. data)   RO Data    RW Data    ZI Data      Debug   Object Name

       490          0          0          0          0       2627   24cxx.o
      2092        128          0          0        648       4692   comm_handle.o
      2912        124          0          0          0       3988   control_adc.o
       268         12          0          0          0       1033   control_bsp.o
      1376         70        512          0        648       4341   control_comm.o
       612         16          0          0          0       1734   control_dac.o
       324         30          0          0          0        989   control_di.o
       712         70          0          0          0       1702   control_do.o
       856         10          0          4       1492       2242   control_global.o
       828        114          0         37      47104       4354   control_main.o
       280         24          0          4          0       1589   delay.o
     10636        732          0         76      17664       8125   function_handle.o
         0          0          0          0          0     262029   main.o
       220         22          0          0          0       1809   misc.o
       832          4          0          0          0       2962   myiic.o
      2196        218        256         92       3904      15547   os_core.o
       180         36          0          0          0        324   os_cpu_a.o
       212          4          0          6          0      11407   os_cpu_c.o
      2060         42          0          0          0       6764   os_flag.o
      1512         30          0          0          0       5493   os_q.o
       908         18          0          0          0       3834   os_sem.o
      1988         70          0          0          0       7429   os_task.o
       432         30          0          0          0       1762   os_time.o
      1588         94          0          0          0       5469   os_tmr.o
        36          8        304          0       2048        784   startup_stm32f10x_hd.o
      1102         26          0          0          0      19889   stm32f10x_adc.o
       396          6          0          0          0       8358   stm32f10x_dac.o
      1468         34          0          0          0      14394   stm32f10x_flash.o
       860         38          0          0          0       5657   stm32f10x_gpio.o
      1028         62          0          0          0       7933   stm32f10x_it.o
        64          6          0          0          0       1269   stm32f10x_iwdg.o
       932         36          0         20          0       8824   stm32f10x_rcc.o
      3610         88          0          0          0      22140   stm32f10x_tim.o
      1032         22          0          0          0       8380   stm32f10x_usart.o
         0          0          0          0          0         32   sys.o
       480         38          0         20          0       1707   system_stm32f10x.o
       900         20          0         16         56       4226   tpk8control.o
       196          8          0          6          0       2928   usart.o

    ----------------------------------------------------------------------
     45622       2290       1104        288      73568     468766   Object Totals
         0          0         32          0          0          0   (incl. Generated)
         4          0          0          7          4          0   (incl. Padding)

    ----------------------------------------------------------------------

      Code (inc. data)   RO Data    RW Data    ZI Data      Debug   Library Member Name

         0          0          0          0          0          0   entry.o
         0          0          0          0          0          0   entry10a.o
         0          0          0          0          0          0   entry11a.o
         8          4          0          0          0          0   entry2.o
         4          0          0          0          0          0   entry5.o
         0          0          0          0          0          0   entry7b.o
         0          0          0          0          0          0   entry8b.o
         8          4          0          0          0          0   entry9a.o
        30          0          0          0          0          0   handlers.o
        36          8          0          0          0         68   init.o
         0          0          0          0          0          0   iusefp.o
        36          0          0          0          0         68   memcpya.o
        50          8          0          0          0        152   printfb.o
        20          0          0          0          0         68   cfcmple.o
        20          0          0          0          0         68   cfrcmple.o
       176          0          0          0          0        140   fadd.o
       124          0          0          0          0         88   fdiv.o
       110          0          0          0          0        168   fepilogue.o
        50          0          0          0          0         68   ffixi.o
        40          0          0          0          0         68   ffixui.o
        18          0          0          0          0         68   fflti.o
        10          0          0          0          0         68   ffltui.o
       100          0          0          0          0         76   fmul.o

    ----------------------------------------------------------------------
       842         24          0          0          0       1168   Library Totals
         2          0          0          0          0          0   (incl. Padding)

    ----------------------------------------------------------------------

      Code (inc. data)   RO Data    RW Data    ZI Data      Debug   Library Name

       172         24          0          0          0        288   mc_w.l
       668          0          0          0          0        880   mf_w.l

    ----------------------------------------------------------------------
       842         24          0          0          0       1168   Library Totals

    ----------------------------------------------------------------------

==============================================================================


      Code (inc. data)   RO Data    RW Data    ZI Data      Debug   

     46464       2314       1104        288      73568     466550   Grand Totals
     46464       2314       1104        288      73568     466550   ELF Image Totals
     46464       2314       1104        288          0          0   ROM Totals

==============================================================================

    Total RO  Size (Code + RO Data)                47568 (  46.45kB)
    Total RW  Size (RW Data + ZI Data)             73856 (  72.13kB)
    Total ROM Size (Code + RO Data + RW Data)      47856 (  46.73kB)

==============================================================================

