Product: MDK-ARM Professional 5.10
Component: ARM Compiler 5.04 update 1 (build 49)
Tool: armlink [5040049]

==============================================================================

Section Cross References

    stm32f10x_it.o(.text) refers to os_cpu_a.o(.text) for OS_CPU_SR_Save
    stm32f10x_it.o(.text) refers to control_comm.o(.text) for BSP_Comm_Idle_Mode
    stm32f10x_it.o(.text) refers to os_sem.o(.text) for OSSemPost
    stm32f10x_it.o(.text) refers to os_core.o(.text) for OSTimeTick
    stm32f10x_it.o(.text) refers to stm32f10x_usart.o(.text) for USART_GetITStatus
    stm32f10x_it.o(.text) refers to os_core.o(.data) for OSIntNesting
    stm32f10x_it.o(.text) refers to control_comm.o(.bss) for COMM3_ReceBuf
    stm32f10x_it.o(.text) refers to control_main.o(.data) for Sem_Comm3Rece
    system_stm32f10x.o(.text) refers to system_stm32f10x.o(.data) for SystemCoreClock
    led.o(.text) refers to stm32f10x_rcc.o(.text) for RCC_APB2PeriphClockCmd
    led.o(.text) refers to stm32f10x_gpio.o(.text) for GPIO_Init
    delay.o(.text) refers to os_core.o(.text) for OSSchedLock
    delay.o(.text) refers to os_time.o(.text) for OSTimeDly
    delay.o(.text) refers to misc.o(.text) for SysTick_CLKSourceConfig
    delay.o(.text) refers to system_stm32f10x.o(.data) for SystemCoreClock
    delay.o(.text) refers to delay.o(.data) for fac_us
    delay.o(.text) refers to os_core.o(.data) for OSRunning
    usart.o(.text) refers (Special) to use_no_semi_2.o(.text) for __use_no_semihosting
    usart.o(.text) refers to stm32f10x_rcc.o(.text) for RCC_APB2PeriphClockCmd
    usart.o(.text) refers to stm32f10x_usart.o(.text) for USART_DeInit
    usart.o(.text) refers to stm32f10x_gpio.o(.text) for GPIO_Init
    usart.o(.text) refers to misc.o(.text) for NVIC_Init
    usart.o(.bss) refers (Special) to use_no_semi_2.o(.text) for __use_no_semihosting
    usart.o(.data) refers (Special) to use_no_semi_2.o(.text) for __use_no_semihosting
    startup_stm32f10x_hd.o(STACK) refers (Special) to heapauxi.o(.text) for __use_two_region_memory
    startup_stm32f10x_hd.o(HEAP) refers (Special) to heapauxi.o(.text) for __use_two_region_memory
    startup_stm32f10x_hd.o(RESET) refers (Special) to heapauxi.o(.text) for __use_two_region_memory
    startup_stm32f10x_hd.o(RESET) refers to startup_stm32f10x_hd.o(STACK) for __initial_sp
    startup_stm32f10x_hd.o(RESET) refers to startup_stm32f10x_hd.o(.text) for Reset_Handler
    startup_stm32f10x_hd.o(RESET) refers to stm32f10x_it.o(.text) for NMI_Handler
    startup_stm32f10x_hd.o(RESET) refers to os_cpu_a.o(.text) for PendSV_Handler
    startup_stm32f10x_hd.o(.text) refers (Special) to heapauxi.o(.text) for __use_two_region_memory
    startup_stm32f10x_hd.o(.text) refers to system_stm32f10x.o(.text) for SystemInit
    startup_stm32f10x_hd.o(.text) refers to __main.o(!!!main) for __main
    startup_stm32f10x_hd.o(.text) refers to startup_stm32f10x_hd.o(HEAP) for Heap_Mem
    startup_stm32f10x_hd.o(.text) refers to startup_stm32f10x_hd.o(STACK) for Stack_Mem
    stm32f10x_gpio.o(.text) refers to stm32f10x_rcc.o(.text) for RCC_APB2PeriphResetCmd
    stm32f10x_usart.o(.text) refers to stm32f10x_rcc.o(.text) for RCC_APB2PeriphResetCmd
    stm32f10x_rcc.o(.text) refers to stm32f10x_rcc.o(.data) for APBAHBPrescTable
    stm32f10x_adc.o(.text) refers to stm32f10x_rcc.o(.text) for RCC_APB2PeriphResetCmd
    stm32f10x_dac.o(.text) refers to stm32f10x_rcc.o(.text) for RCC_APB1PeriphResetCmd
    stm32f10x_tim.o(.text) refers to stm32f10x_rcc.o(.text) for RCC_APB2PeriphResetCmd
    stm32f10x_wwdg.o(.text) refers to stm32f10x_rcc.o(.text) for RCC_APB1PeriphResetCmd
    os_core.o(.text) refers to os_task.o(.text) for OSTaskStkChk
    os_core.o(.text) refers to os_time.o(.text) for OSTimeDly
    os_core.o(.text) refers to os_cpu_a.o(.text) for OS_CPU_SR_Save
    os_core.o(.text) refers to os_cpu_c.o(.text) for OSTaskStatHook
    os_core.o(.text) refers to os_flag.o(.text) for OS_FlagInit
    os_core.o(.text) refers to os_q.o(.text) for OS_QInit
    os_core.o(.text) refers to os_core.o(.bss) for OSTCBPrioTbl
    os_core.o(.text) refers to os_core.o(.data) for OSStatRdy
    os_core.o(.text) refers to os_core.o(.constdata) for OSUnMapTbl
    os_flag.o(.text) refers to os_cpu_a.o(.text) for OS_CPU_SR_Save
    os_flag.o(.text) refers to os_core.o(.text) for OS_Sched
    os_flag.o(.text) refers to os_core.o(.data) for OSIntNesting
    os_flag.o(.text) refers to os_core.o(.bss) for OSFlagTbl
    os_mbox.o(.text) refers to os_cpu_a.o(.text) for OS_CPU_SR_Save
    os_mbox.o(.text) refers to os_core.o(.text) for OS_EventWaitListInit
    os_mbox.o(.text) refers to os_core.o(.data) for OSIntNesting
    os_mutex.o(.text) refers to os_cpu_a.o(.text) for OS_CPU_SR_Save
    os_mutex.o(.text) refers to os_core.o(.text) for OS_EventWaitListInit
    os_mutex.o(.text) refers to os_core.o(.data) for OSIntNesting
    os_mutex.o(.text) refers to os_core.o(.bss) for OSTCBPrioTbl
[...]
    adc_value_temp                           0x20000094   Data           4  function_handle.o(.data)
    temp_f1                                  0x20000098   Data           4  function_handle.o(.data)
    temp_f2                                  0x2000009c   Data           4  function_handle.o(.data)
    temp_f3                                  0x200000a0   Data           4  function_handle.o(.data)
    temp_f4                                  0x200000a4   Data           4  function_handle.o(.data)
    adc_value_temp_s                         0x200000a8   Data           2  function_handle.o(.data)
    adc_ad2mv_f                              0x200000ac   Data           4  function_handle.o(.data)
    adc_4ma_zero_f                           0x200000b0   Data           4  function_handle.o(.data)
    zero_off                                 0x200000b4   Data           4  function_handle.o(.data)
    Function_AO_Temp                         0x200000b8   Data           8  function_handle.o(.data)
    Function_AO_Type_Temp                    0x200000c0   Data           8  function_handle.o(.data)
    Function_AO_Final_Temp                   0x200000c8   Data           8  function_handle.o(.data)
    ao_k                                     0x200000d0   Data           4  function_handle.o(.data)
    ao_alf                                   0x200000d4   Data           4  function_handle.o(.data)
    ao_f2v                                   0x200000d8   Data           4  function_handle.o(.data)
    .data                                    0x200000dc   Section       16  tpk8control.o(.data)
    .bss                                     0x200000ec   Section     2688  os_core.o(.bss)
    .bss                                     0x20000b6c   Section      648  comm_handle.o(.bss)
    comm3_recebuf_temp                       0x20000b6c   Data         108  comm_handle.o(.bss)
    comm3_sendbuf_temp                       0x20000bd8   Data         108  comm_handle.o(.bss)
    comm2_recebuf_temp                       0x20000c44   Data         108  comm_handle.o(.bss)
    comm2_sendbuf_temp                       0x20000cb0   Data         108  comm_handle.o(.bss)
    comm1_recebuf_temp                       0x20000d1c   Data         108  comm_handle.o(.bss)
    comm1_sendbuf_temp                       0x20000d88   Data         108  comm_handle.o(.bss)
    .bss                                     0x20000df4   Section     1492  control_global.o(.bss)
    .bss                                     0x200013c8   Section    38912  control_main.o(.bss)
    TaskStartStk                             0x200013c8   Data        2048  control_main.o(.bss)
    TaskFunctionStk                          0x20001bc8   Data        4096  control_main.o(.bss)
    TaskLogicStk                             0x20002bc8   Data        4096  control_main.o(.bss)
    TaskMMIStk                               0x20003bc8   Data        4096  control_main.o(.bss)
    TaskComm1ReceStk                         0x20004bc8   Data        8192  control_main.o(.bss)
    TaskComm2ReceStk                         0x20006bc8   Data        8192  control_main.o(.bss)
    TaskComm3ReceStk                         0x20008bc8   Data        8192  control_main.o(.bss)
    .bss                                     0x2000abc8   Section    17664  function_handle.o(.bss)
    adc_value_filter_stack_1                 0x2000abe8   Data         800  function_handle.o(.bss)
    adc_value_filter_stack_9                 0x2000af08   Data         800  function_handle.o(.bss)
    adc_value_filter_stack_2                 0x2000b228   Data         800  function_handle.o(.bss)
    adc_value_filter_stack_10                0x2000b548   Data         800  function_handle.o(.bss)
    adc_value_filter_stack_3                 0x2000b868   Data         800  function_handle.o(.bss)
    adc_value_filter_stack_11                0x2000bb88   Data         800  function_handle.o(.bss)
    adc_value_filter_stack_4                 0x2000bea8   Data         800  function_handle.o(.bss)
    adc_value_filter_stack_12                0x2000c1c8   Data         800  function_handle.o(.bss)
    adc_value_filter_stack_5                 0x2000c4e8   Data         800  function_handle.o(.bss)
    adc_value_filter_stack_13                0x2000c808   Data         800  function_handle.o(.bss)
    adc_value_filter_stack_6                 0x2000cb28   Data         800  function_handle.o(.bss)
    adc_value_filter_stack_14                0x2000ce48   Data         800  function_handle.o(.bss)
    adc_value_filter_stack_7                 0x2000d168   Data         800  function_handle.o(.bss)
    adc_value_filter_stack_15                0x2000d488   Data         800  function_handle.o(.bss)
    adc_value_filter_stack_8                 0x2000d7a8   Data         800  function_handle.o(.bss)
    adc_value_filter_stack_16                0x2000dac8   Data         800  function_handle.o(.bss)
    ao_feedback_stack_1                      0x2000dde8   Data         800  function_handle.o(.bss)
    ao_feedback_stack_2                      0x2000e108   Data         800  function_handle.o(.bss)
    ao_feedback_stack_3                      0x2000e428   Data         800  function_handle.o(.bss)
    ao_feedback_stack_4                      0x2000e748   Data         800  function_handle.o(.bss)
    ao_feedback_stack_5                      0x2000ea68   Data         800  function_handle.o(.bss)
    ao_feedback_stack_6                      0x2000ed88   Data         800  function_handle.o(.bss)
    Function_DI_Temp                         0x2000f0a8   Data          32  function_handle.o(.bss)
    .bss                                     0x2000f0c8   Section       56  tpk8control.o(.bss)
    .bss                                     0x2000f100   Section      648  control_comm.o(.bss)
    .bss                                     0x2000f388   Section       96  libspace.o(.bss)
    HEAP                                     0x2000f3e8   Section      512  startup_stm32f10x_hd.o(HEAP)
    Heap_Mem                                 0x2000f3e8   Data         512  startup_stm32f10x_hd.o(HEAP)
    STACK                                    0x2000f5e8   Section     2048  startup_stm32f10x_hd.o(STACK)
    Stack_Mem                                0x2000f5e8   Data        2048  startup_stm32f10x_hd.o(STACK)
    __initial_sp                             0x2000fde8   Data           0  startup_stm32f10x_hd.o(STACK)

    Global Symbols

    Symbol Name                              Value     Ov Type        Size  Object(Section)

    BuildAttributes$$THM_ISAv4$P$D$K$B$S$PE$A:L22UL41UL21$X:L11$S22US41US21$IEEE1$IW$USESV6$~STKCKD$USESV7$~SHL$OTIME$ROPI$IEEEX$EBA8$UX$STANDARDLIB$REQ8$PRES8$EABIv2 0x00000000   Number         0  anon$$obj.o ABSOLUTE
    __ARM_use_no_argv                        0x00000000   Number         0  control_main.o ABSOLUTE
    __ARM_exceptions_init                     - Undefined Weak Reference
    __alloca_initialize                       - Undefined Weak Reference
    __cpp_initialize__aeabi_                  - Undefined Weak Reference
    __cxa_finalize                            - Undefined Weak Reference
    __rt_locale                               - Undefined Weak Reference
    __sigvec_lookup                           - Undefined Weak Reference
    _atexit_init                              - Undefined Weak Reference
    _call_atexit_fns                          - Undefined Weak Reference
    _clock_init                               - Undefined Weak Reference
    _fp_trap_init                             - Undefined Weak Reference
    _fp_trap_shutdown                         - Undefined Weak Reference
    _get_lc_collate                           - Undefined Weak Reference
    _get_lc_ctype                             - Undefined Weak Reference
    _get_lc_monetary                          - Undefined Weak Reference
    _get_lc_numeric                           - Undefined Weak Reference
    _get_lc_time                              - Undefined Weak Reference
    _getenv_init                              - Undefined Weak Reference
    _handle_redirection                       - Undefined Weak Reference
    _init_alloc                               - Undefined Weak Reference
    _init_user_alloc                          - Undefined Weak Reference
    _initio                                   - Undefined Weak Reference
    _rand_init                                - Undefined Weak Reference
    _signal_finish                            - Undefined Weak Reference
    _signal_init                              - Undefined Weak Reference
    _terminate_alloc                          - Undefined Weak Reference
    _terminate_user_alloc                     - Undefined Weak Reference
    _terminateio                              - Undefined Weak Reference
    __Vectors_Size                           0x00000130   Number         0  startup_stm32f10x_hd.o ABSOLUTE
    __Vectors                                0x08000000   Data           4  startup_stm32f10x_hd.o(RESET)
    __Vectors_End                            0x08000130   Data           0  startup_stm32f10x_hd.o(RESET)
    __main                                   0x08000131   Thumb Code     8  __main.o(!!!main)
    __scatterload                            0x08000139   Thumb Code     0  __scatter.o(!!!scatter)
    __scatterload_rt2                        0x08000139   Thumb Code    44  __scatter.o(!!!scatter)
    __scatterload_rt2_thumb_only             0x08000139   Thumb Code     0  __scatter.o(!!!scatter)
    __scatterload_null                       0x08000147   Thumb Code     0  __scatter.o(!!!scatter)
    __scatterload_copy                       0x0800016d   Thumb Code    26  __scatter_copy.o(!!handler_copy)
    __scatterload_zeroinit                   0x08000189   Thumb Code    28  __scatter_zi.o(!!handler_zi)
    __rt_lib_init                            0x080001a5   Thumb Code     0  libinit.o(.ARM.Collect$$libinit$$00000000)
    __rt_lib_init_alloca_1                   0x080001a7   Thumb Code     0  libinit2.o(.ARM.Collect$$libinit$$0000002C)
    __rt_lib_init_argv_1                     0x080001a7   Thumb Code     0  libinit2.o(.ARM.Collect$$libinit$$0000002A)
    __rt_lib_init_atexit_1                   0x080001a7   Thumb Code     0  libinit2.o(.ARM.Collect$$libinit$$00000019)
    __rt_lib_init_clock_1                    0x080001a7   Thumb Code     0  libinit2.o(.ARM.Collect$$libinit$$0000001F)
    __rt_lib_init_cpp_1                      0x080001a7   Thumb Code     0  libinit2.o(.ARM.Collect$$libinit$$00000030)
    __rt_lib_init_exceptions_1               0x080001a7   Thumb Code     0  libinit2.o(.ARM.Collect$$libinit$$0000002E)
    __rt_lib_init_fp_1                       0x080001a7   Thumb Code     0  libinit2.o(.ARM.Collect$$libinit$$00000002)
    __rt_lib_init_fp_trap_1                  0x080001a7   Thumb Code     0  libinit2.o(.ARM.Collect$$libinit$$0000001D)
    __rt_lib_init_getenv_1                   0x080001a7   Thumb Code     0  libinit2.o(.ARM.Collect$$libinit$$00000021)
    __rt_lib_init_heap_1                     0x080001a7   Thumb Code     0  libinit2.o(.ARM.Collect$$libinit$$00000008)
    __rt_lib_init_lc_collate_1               0x080001a7   Thumb Code     0  libinit2.o(.ARM.Collect$$libinit$$0000000F)
    __rt_lib_init_lc_ctype_1                 0x080001a7   Thumb Code     0  libinit2.o(.ARM.Collect$$libinit$$00000011)
    __rt_lib_init_lc_monetary_1              0x080001a7   Thumb Code     0  libinit2.o(.ARM.Collect$$libinit$$00000013)
    __rt_lib_init_lc_numeric_1               0x080001a7   Thumb Code     0  libinit2.o(.ARM.Collect$$libinit$$00000015)
    __rt_lib_init_lc_time_1                  0x080001a7   Thumb Code     0  libinit2.o(.ARM.Collect$$libinit$$00000017)
    __rt_lib_init_rand_1                     0x080001a7   Thumb Code     0  libinit2.o(.ARM.Collect$$libinit$$0000000C)
    __rt_lib_init_return                     0x080001a7   Thumb Code     0  libinit2.o(.ARM.Collect$$libinit$$00000031)
    __rt_lib_init_signal_1                   0x080001a7   Thumb Code     0  libinit2.o(.ARM.Collect$$libinit$$0000001B)
    __rt_lib_init_stdio_1                    0x080001a7   Thumb Code     0  libinit2.o(.ARM.Collect$$libinit$$00000023)
    __rt_lib_init_user_alloc_1               0x080001a7   Thumb Code     0  libinit2.o(.ARM.Collect$$libinit$$0000000A)
    __rt_lib_shutdown                        0x080001a9   Thumb Code     0  libshutdown.o(.ARM.Collect$$libshutdown$$00000000)
    __rt_lib_shutdown_fp_trap_1              0x080001ab   Thumb Code     0  libshutdown2.o(.ARM.Collect$$libshutdown$$00000006)
    __rt_lib_shutdown_heap_1                 0x080001ab   Thumb Code     0  libshutdown2.o(.ARM.Collect$$libshutdown$$0000000E)
    __rt_lib_shutdown_return                 0x080001ab   Thumb Code     0  libshutdown2.o(.ARM.Collect$$libshutdown$$0000000F)
    __rt_lib_shutdown_signal_1               0x080001ab   Thumb Code     0  libshutdown2.o(.ARM.Collect$$libshutdown$$00000009)
    __rt_lib_shutdown_stdio_1                0x080001ab   Thumb Code     0  libshutdown2.o(.ARM.Collect$$libshutdown$$00000003)
    __rt_lib_shutdown_user_alloc_1           0x080001ab   Thumb Code     0  libshutdown2.o(.ARM.Collect$$libshutdown$$0000000B)
    __rt_entry                               0x080001ad   Thumb Code     0  rtentry.o(.ARM.Collect$$rtentry$$00000000)
    __rt_entry_presh_1                       0x080001ad   Thumb Code     0  rtentry2.o(.ARM.Collect$$rtentry$$00000002)
    __rt_entry_sh                            0x080001ad   Thumb Code     0  rtentry4.o(.ARM.Collect$$rtentry$$00000004)
    __rt_entry_li                            0x080001b3   Thumb Code     0  rtentry2.o(.ARM.Collect$$rtentry$$0000000A)
    __rt_entry_postsh_1                      0x080001b3   Thumb Code     0  rtentry2.o(.ARM.Collect$$rtentry$$00000009)
    __rt_entry_main                          0x080001b7   Thumb Code     0  rtentry2.o(.ARM.Collect$$rtentry$$0000000D)
    __rt_entry_postli_1                      0x080001b7   Thumb Code     0  rtentry2.o(.ARM.Collect$$rtentry$$0000000C)
    __rt_exit                                0x080001bf   Thumb Code     0  rtexit.o(.ARM.Collect$$rtexit$$00000000)
    __rt_exit_ls                             0x080001c1   Thumb Code     0  rtexit2.o(.ARM.Collect$$rtexit$$00000003)
    __rt_exit_prels_1                        0x080001c1   Thumb Code     0  rtexit2.o(.ARM.Collect$$rtexit$$00000002)
    __rt_exit_exit                           0x080001c5   Thumb Code     0  rtexit2.o(.ARM.Collect$$rtexit$$00000004)
    NMI_Handler                              0x080001cd   Thumb Code     2  stm32f10x_it.o(.text)
    HardFault_Handler                        0x080001cf   Thumb Code     4  stm32f10x_it.o(.text)
    MemManage_Handler                        0x080001d3   Thumb Code     4  stm32f10x_it.o(.text)
    BusFault_Handler                         0x080001d7   Thumb Code     4  stm32f10x_it.o(.text)
    UsageFault_Handler                       0x080001db   Thumb Code     4  stm32f10x_it.o(.text)
    SVC_Handler                              0x080001df   Thumb Code     2  stm32f10x_it.o(.text)
    DebugMon_Handler                         0x080001e1   Thumb Code     2  stm32f10x_it.o(.text)
    SysTick_Handler                          0x080001e3   Thumb Code   202  stm32f10x_it.o(.text)
    WWDG_IRQHandler                          0x080002ad   Thumb Code     2  stm32f10x_it.o(.text)
    PVD_IRQHandler                           0x080002af   Thumb Code     2  stm32f10x_it.o(.text)
    TAMPER_IRQHandler                        0x080002b1   Thumb Code     2  stm32f10x_it.o(.text)
    RTC_IRQHandler                           0x080002b3   Thumb Code     2  stm32f10x_it.o(.text)
    FLASH_IRQHandler                         0x080002b5   Thumb Code     2  stm32f10x_it.o(.text)
    RCC_IRQHandler                           0x080002b7   Thumb Code     2  stm32f10x_it.o(.text)
    EXTI0_IRQHandler                         0x080002b9   Thumb Code     2  stm32f10x_it.o(.text)
    EXTI1_IRQHandler                         0x080002bb   Thumb Code     2  stm32f10x_it.o(.text)
    EXTI2_IRQHandler                         0x080002bd   Thumb Code     2  stm32f10x_it.o(.text)
    EXTI3_IRQHandler                         0x080002bf   Thumb Code     2  stm32f10x_it.o(.text)
    EXTI4_IRQHandler                         0x080002c1   Thumb Code     2  stm32f10x_it.o(.text)
    DMA1_Channel1_IRQHandler                 0x080002c3   Thumb Code     2  stm32f10x_it.o(.text)
    DMA1_Channel2_IRQHandler                 0x080002c5   Thumb Code     2  stm32f10x_it.o(.text)
    DMA1_Channel3_IRQHandler                 0x080002c7   Thumb Code     2  stm32f10x_it.o(.text)
    DMA1_Channel4_IRQHandler                 0x080002c9   Thumb Code     2  stm32f10x_it.o(.text)
    DMA1_Channel5_IRQHandler                 0x080002cb   Thumb Code     2  stm32f10x_it.o(.text)
    DMA1_Channel6_IRQHandler                 0x080002cd   Thumb Code     2  stm32f10x_it.o(.text)
    DMA1_Channel7_IRQHandler                 0x080002cf   Thumb Code     2  stm32f10x_it.o(.text)
    ADC1_2_IRQHandler                        0x080002d1   Thumb Code     2  stm32f10x_it.o(.text)
    USB_HP_CAN_TX_IRQHandler                 0x080002d3   Thumb Code     2  stm32f10x_it.o(.text)
    USB_LP_CAN_RX0_IRQHandler                0x080002d5   Thumb Code     2  stm32f10x_it.o(.text)
    CAN_RX1_IRQHandler                       0x080002d7   Thumb Code     2  stm32f10x_it.o(.text)
    CAN_SCE_IRQHandler                       0x080002d9   Thumb Code     2  stm32f10x_it.o(.text)
    EXTI9_5_IRQHandler                       0x080002db   Thumb Code     2  stm32f10x_it.o(.text)
    TIM1_BRK_IRQHandler                      0x080002dd   Thumb Code     2  stm32f10x_it.o(.text)
    TIM1_UP_IRQHandler                       0x080002df   Thumb Code     2  stm32f10x_it.o(.text)
    TIM1_TRG_COM_IRQHandler                  0x080002e1   Thumb Code     2  stm32f10x_it.o(.text)
    TIM1_CC_IRQHandler                       0x080002e3   Thumb Code     2  stm32f10x_it.o(.text)
    TIM2_IRQHandler                          0x080002e5   Thumb Code     2  stm32f10x_it.o(.text)
    TIM3_IRQHandler                          0x080002e7   Thumb Code     2  stm32f10x_it.o(.text)
    TIM4_IRQHandler                          0x080002e9   Thumb Code     2  stm32f10x_it.o(.text)
    I2C1_EV_IRQHandler                       0x080002eb   Thumb Code     2  stm32f10x_it.o(.text)
    I2C1_ER_IRQHandler                       0x080002ed   Thumb Code     2  stm32f10x_it.o(.text)
    I2C2_EV_IRQHandler                       0x080002ef   Thumb Code     2  stm32f10x_it.o(.text)
    I2C2_ER_IRQHandler                       0x080002f1   Thumb Code     2  stm32f10x_it.o(.text)
    SPI1_IRQHandler                          0x080002f3   Thumb Code     2  stm32f10x_it.o(.text)
    SPI2_IRQHandler                          0x080002f5   Thumb Code     2  stm32f10x_it.o(.text)
    USART1_IRQHandler                        0x080002f7   Thumb Code   188  stm32f10x_it.o(.text)
    USART2_IRQHandler                        0x080003b3   Thumb Code   188  stm32f10x_it.o(.text)
    USART3_IRQHandler                        0x0800046f   Thumb Code   188  stm32f10x_it.o(.text)
    EXTI15_10_IRQHandler                     0x0800052b   Thumb Code     2  stm32f10x_it.o(.text)
    RTCAlarm_IRQHandler                      0x0800052d   Thumb Code     2  stm32f10x_it.o(.text)
    USBWakeUp_IRQHandler                     0x0800052f   Thumb Code     2  stm32f10x_it.o(.text)
    TIM8_BRK_IRQHandler                      0x08000531   Thumb Code     2  stm32f10x_it.o(.text)
    TIM8_UP_IRQHandler                       0x08000533   Thumb Code     2  stm32f10x_it.o(.text)
    TIM8_TRG_COM_IRQHandler                  0x08000535   Thumb Code     2  stm32f10x_it.o(.text)
    TIM8_CC_IRQHandler                       0x08000537   Thumb Code     2  stm32f10x_it.o(.text)
    ADC3_IRQHandler                          0x08000539   Thumb Code     2  stm32f10x_it.o(.text)
    FSMC_IRQHandler                          0x0800053b   Thumb Code     2  stm32f10x_it.o(.text)
    SDIO_IRQHandler                          0x0800053d   Thumb Code     2  stm32f10x_it.o(.text)
    TIM5_IRQHandler                          0x0800053f   Thumb Code     2  stm32f10x_it.o(.text)
    SPI3_IRQHandler                          0x08000541   Thumb Code     2  stm32f10x_it.o(.text)
    UART4_IRQHandler                         0x08000543   Thumb Code     2  stm32f10x_it.o(.text)
    UART5_IRQHandler                         0x08000545   Thumb Code     2  stm32f10x_it.o(.text)
    TIM6_IRQHandler                          0x08000547   Thumb Code     2  stm32f10x_it.o(.text)
    TIM7_IRQHandler                          0x08000549   Thumb Code     2  stm32f10x_it.o(.text)
    DMA2_Channel1_IRQHandler                 0x0800054b   Thumb Code     2  stm32f10x_it.o(.text)
    DMA2_Channel2_IRQHandler                 0x0800054d   Thumb Code     2  stm32f10x_it.o(.text)
    DMA2_Channel3_IRQHandler                 0x0800054f   Thumb Code     2  stm32f10x_it.o(.text)
    DMA2_Channel4_5_IRQHandler               0x08000551   Thumb Code     2  stm32f10x_it.o(.text)
    SystemInit                               0x08000667   Thumb Code    78  system_stm32f10x.o(.text)
    SystemCoreClockUpdate                    0x080006b5   Thumb Code   142  system_stm32f10x.o(.text)
    delay_osschedlock                        0x08000769   Thumb Code     8  delay.o(.text)
    delay_osschedunlock                      0x08000771   Thumb Code     8  delay.o(.text)
    delay_ostimedly                          0x08000779   Thumb Code    12  delay.o(.text)
    delay_init                               0x08000785   Thumb Code    76  delay.o(.text)
    delay_us                                 0x080007d1   Thumb Code    86  delay.o(.text)
    delay_ms                                 0x08000827   Thumb Code    66  delay.o(.text)
    _sys_exit                                0x08000881   Thumb Code     6  usart.o(.text)
    fputc                                    0x08000887   Thumb Code    24  usart.o(.text)
    uart_init                                0x0800089f   Thumb Code   158  usart.o(.text)
    Reset_Handler                            0x08000945   Thumb Code     8  startup_stm32f10x_hd.o(.text)
    CAN1_RX1_IRQHandler                      0x0800095f   Thumb Code     0  startup_stm32f10x_hd.o(.text)
    CAN1_SCE_IRQHandler                      0x0800095f   Thumb Code     0  startup_stm32f10x_hd.o(.text)
    USB_HP_CAN1_TX_IRQHandler                0x0800095f   Thumb Code     0  startup_stm32f10x_hd.o(.text)
    USB_LP_CAN1_RX0_IRQHandler               0x0800095f   Thumb Code     0  startup_stm32f10x_hd.o(.text)
    __user_initial_stackheap                 0x08000961   Thumb Code     0  startup_stm32f10x_hd.o(.text)
    NVIC_PriorityGroupConfig                 0x08000985   Thumb Code    10  misc.o(.text)
    NVIC_Init                                0x0800098f   Thumb Code   100  misc.o(.text)
    NVIC_SetVectorTable                      0x080009f3   Thumb Code    14  misc.o(.text)
    NVIC_SystemLPConfig                      0x08000a01   Thumb Code    34  misc.o(.text)
    SysTick_CLKSourceConfig                  0x08000a23   Thumb Code    40  misc.o(.text)
    GPIO_DeInit                              0x08000a61   Thumb Code   172  stm32f10x_gpio.o(.text)
    GPIO_AFIODeInit                          0x08000b0d   Thumb Code    20  stm32f10x_gpio.o(.text)
    GPIO_Init                                0x08000b21   Thumb Code   278  stm32f10x_gpio.o(.text)
    GPIO_StructInit                          0x08000c37   Thumb Code    16  stm32f10x_gpio.o(.text)
    GPIO_ReadInputDataBit                    0x08000c47   Thumb Code    18  stm32f10x_gpio.o(.text)
    GPIO_ReadInputData                       0x08000c59   Thumb Code     8  stm32f10x_gpio.o(.text)
    GPIO_ReadOutputDataBit                   0x08000c61   Thumb Code    18  stm32f10x_gpio.o(.text)
    GPIO_ReadOutputData                      0x08000c73   Thumb Code     8  stm32f10x_gpio.o(.text)
    GPIO_SetBits                             0x08000c7b   Thumb Code     4  stm32f10x_gpio.o(.text)
    GPIO_ResetBits                           0x08000c7f   Thumb Code     4  stm32f10x_gpio.o(.text)
    GPIO_WriteBit                            0x08000c83   Thumb Code    10  stm32f10x_gpio.o(.text)
    GPIO_Write                               0x08000c8d   Thumb Code     4  stm32f10x_gpio.o(.text)
    GPIO_PinLockConfig                       0x08000c91   Thumb Code    18  stm32f10x_gpio.o(.text)
    GPIO_EventOutputConfig                   0x08000ca3   Thumb Code    26  stm32f10x_gpio.o(.text)
    GPIO_EventOutputCmd                      0x08000cbd   Thumb Code     6  stm32f10x_gpio.o(.text)
    GPIO_PinRemapConfig                      0x08000cc3   Thumb Code   138  stm32f10x_gpio.o(.text)
    GPIO_EXTILineConfig                      0x08000d4d   Thumb Code    66  stm32f10x_gpio.o(.text)
    GPIO_ETH_MediaInterfaceConfig            0x08000d8f   Thumb Code     8  stm32f10x_gpio.o(.text)
    USART_DeInit                             0x08000dbd   Thumb Code   134  stm32f10x_usart.o(.text)
    USART_Init                               0x08000e43   Thumb Code   210  stm32f10x_usart.o(.text)
    USART_StructInit                         0x08000f15   Thumb Code    24  stm32f10x_usart.o(.text)
    USART_ClockInit                          0x08000f2d   Thumb Code    34  stm32f10x_usart.o(.text)
    USART_ClockStructInit                    0x08000f4f   Thumb Code    12  stm32f10x_usart.o(.text)
    USART_Cmd                                0x08000f5b   Thumb Code    24  stm32f10x_usart.o(.text)
    USART_ITConfig                           0x08000f73   Thumb Code    74  stm32f10x_usart.o(.text)
    USART_DMACmd                             0x08000fbd   Thumb Code    18  stm32f10x_usart.o(.text)
    USART_SetAddress                         0x08000fcf   Thumb Code    18  stm32f10x_usart.o(.text)
    USART_WakeUpConfig                       0x08000fe1   Thumb Code    18  stm32f10x_usart.o(.text)
    USART_ReceiverWakeUpCmd                  0x08000ff3   Thumb Code    24  stm32f10x_usart.o(.text)
    USART_LINBreakDetectLengthConfig         0x0800100b   Thumb Code    18  stm32f10x_usart.o(.text)
    USART_LINCmd                             0x0800101d   Thumb Code    24  stm32f10x_usart.o(.text)
    USART_SendData                           0x08001035   Thumb Code     8  stm32f10x_usart.o(.text)
    USART_ReceiveData                        0x0800103d   Thumb Code    10  stm32f10x_usart.o(.text)
    USART_SendBreak                          0x08001047   Thumb Code    10  stm32f10x_usart.o(.text)
    USART_SetGuardTime                       0x08001051   Thumb Code    16  stm32f10x_usart.o(.text)
    USART_SetPrescaler                       0x08001061   Thumb Code    16  stm32f10x_usart.o(.text)
    USART_SmartCardCmd                       0x08001071   Thumb Code    24  stm32f10x_usart.o(.text)
    USART_SmartCardNACKCmd                   0x08001089   Thumb Code    24  stm32f10x_usart.o(.text)
    USART_HalfDuplexCmd                      0x080010a1   Thumb Code    24  stm32f10x_usart.o(.text)
    USART_OverSampling8Cmd                   0x080010b9   Thumb Code    22  stm32f10x_usart.o(.text)
    USART_OneBitMethodCmd                    0x080010cf   Thumb Code    24  stm32f10x_usart.o(.text)
    USART_IrDAConfig                         0x080010e7   Thumb Code    18  stm32f10x_usart.o(.text)
    USART_IrDACmd                            0x080010f9   Thumb Code    24  stm32f10x_usart.o(.text)
    USART_GetFlagStatus                      0x08001111   Thumb Code    26  stm32f10x_usart.o(.text)
    USART_ClearFlag                          0x0800112b   Thumb Code    18  stm32f10x_usart.o(.text)
    USART_GetITStatus                        0x0800113d   Thumb Code    84  stm32f10x_usart.o(.text)
    USART_ClearITPendingBit                  0x08001191   Thumb Code    52  stm32f10x_usart.o(.text)
    RCC_DeInit                               0x080011c5   Thumb Code    64  stm32f10x_rcc.o(.text)
    RCC_HSEConfig                            0x08001205   Thumb Code    70  stm32f10x_rcc.o(.text)
    RCC_GetFlagStatus                        0x0800124b   Thumb Code    56  stm32f10x_rcc.o(.text)
    RCC_WaitForHSEStartUp                    0x08001283   Thumb Code    56  stm32f10x_rcc.o(.text)
    RCC_AdjustHSICalibrationValue            0x080012bb   Thumb Code    20  stm32f10x_rcc.o(.text)
    RCC_HSICmd                               0x080012cf   Thumb Code     6  stm32f10x_rcc.o(.text)
    RCC_PLLConfig                            0x080012d5   Thumb Code    24  stm32f10x_rcc.o(.text)
    RCC_PLLCmd                               0x080012ed   Thumb Code     6  stm32f10x_rcc.o(.text)
    RCC_SYSCLKConfig                         0x080012f3   Thumb Code    18  stm32f10x_rcc.o(.text)
    RCC_GetSYSCLKSource                      0x08001305   Thumb Code    10  stm32f10x_rcc.o(.text)
    RCC_HCLKConfig                           0x0800130f   Thumb Code    18  stm32f10x_rcc.o(.text)
    RCC_PCLK1Config                          0x08001321   Thumb Code    18  stm32f10x_rcc.o(.text)
    RCC_PCLK2Config                          0x08001333   Thumb Code    20  stm32f10x_rcc.o(.text)
    RCC_ITConfig                             0x08001347   Thumb Code    26  stm32f10x_rcc.o(.text)
    RCC_USBCLKConfig                         0x08001361   Thumb Code     8  stm32f10x_rcc.o(.text)
    RCC_ADCCLKConfig                         0x08001369   Thumb Code    18  stm32f10x_rcc.o(.text)
    RCC_LSEConfig                            0x0800137b   Thumb Code    50  stm32f10x_rcc.o(.text)
    RCC_LSICmd                               0x080013ad   Thumb Code     6  stm32f10x_rcc.o(.text)
    RCC_RTCCLKConfig                         0x080013b3   Thumb Code    12  stm32f10x_rcc.o(.text)
    RCC_RTCCLKCmd                            0x080013bf   Thumb Code     8  stm32f10x_rcc.o(.text)
    RCC_GetClocksFreq                        0x080013c7   Thumb Code   192  stm32f10x_rcc.o(.text)
    RCC_AHBPeriphClockCmd                    0x08001487   Thumb Code    26  stm32f10x_rcc.o(.text)
    RCC_APB2PeriphClockCmd                   0x080014a1   Thumb Code    26  stm32f10x_rcc.o(.text)
    RCC_APB1PeriphClockCmd                   0x080014bb   Thumb Code    26  stm32f10x_rcc.o(.text)
    RCC_APB2PeriphResetCmd                   0x080014d5   Thumb Code    26  stm32f10x_rcc.o(.text)
    RCC_APB1PeriphResetCmd                   0x080014ef   Thumb Code    26  stm32f10x_rcc.o(.text)
    RCC_BackupResetCmd                       0x08001509   Thumb Code     8  stm32f10x_rcc.o(.text)
    RCC_ClockSecuritySystemCmd               0x08001511   Thumb Code     6  stm32f10x_rcc.o(.text)
    RCC_MCOConfig                            0x08001517   Thumb Code     6  stm32f10x_rcc.o(.text)
    RCC_ClearFlag                            0x0800151d   Thumb Code    14  stm32f10x_rcc.o(.text)
    RCC_GetITStatus                          0x0800152b   Thumb Code    20  stm32f10x_rcc.o(.text)
    RCC_ClearITPendingBit                    0x0800153f   Thumb Code     6  stm32f10x_rcc.o(.text)
    ADC_DeInit                               0x08001569   Thumb Code    78  stm32f10x_adc.o(.text)
    ADC_Init                                 0x080015b7   Thumb Code    70  stm32f10x_adc.o(.text)
    ADC_StructInit                           0x080015fd   Thumb Code    18  stm32f10x_adc.o(.text)
    ADC_Cmd                                  0x0800160f   Thumb Code    22  stm32f10x_adc.o(.text)
    ADC_DMACmd                               0x08001625   Thumb Code    22  stm32f10x_adc.o(.text)
    ADC_ITConfig                             0x0800163b   Thumb Code    24  stm32f10x_adc.o(.text)
    ADC_ResetCalibration                     0x08001653   Thumb Code    10  stm32f10x_adc.o(.text)
    ADC_GetResetCalibrationStatus            0x0800165d   Thumb Code    20  stm32f10x_adc.o(.text)
    ADC_StartCalibration                     0x08001671   Thumb Code    10  stm32f10x_adc.o(.text)
    ADC_GetCalibrationStatus                 0x0800167b   Thumb Code    20  stm32f10x_adc.o(.text)
    ADC_SoftwareStartConvCmd                 0x0800168f   Thumb Code    22  stm32f10x_adc.o(.text)
    ADC_GetSoftwareStartConvStatus           0x080016a5   Thumb Code    20  stm32f10x_adc.o(.text)
    ADC_DiscModeChannelCountConfig           0x080016b9   Thumb Code    24  stm32f10x_adc.o(.text)
    ADC_DiscModeCmd                          0x080016d1   Thumb Code    22  stm32f10x_adc.o(.text)
    ADC_RegularChannelConfig                 0x080016e7   Thumb Code   184  stm32f10x_adc.o(.text)
    ADC_ExternalTrigConvCmd                  0x0800179f   Thumb Code    22  stm32f10x_adc.o(.text)
    ADC_GetConversionValue                   0x080017b5   Thumb Code     8  stm32f10x_adc.o(.text)
    ADC_GetDualModeConversionValue           0x080017bd   Thumb Code     8  stm32f10x_adc.o(.text)
    ADC_AutoInjectedConvCmd                  0x080017c5   Thumb Code    22  stm32f10x_adc.o(.text)
    ADC_InjectedDiscModeCmd                  0x080017db   Thumb Code    22  stm32f10x_adc.o(.text)
    ADC_ExternalTrigInjectedConvConfig       0x080017f1   Thumb Code    16  stm32f10x_adc.o(.text)
    ADC_ExternalTrigInjectedConvCmd          0x08001801   Thumb Code    22  stm32f10x_adc.o(.text)
    ADC_SoftwareStartInjectedConvCmd         0x08001817   Thumb Code    22  stm32f10x_adc.o(.text)
    ADC_GetSoftwareStartInjectedConvCmdStatus 0x0800182d   Thumb Code    20  stm32f10x_adc.o(.text)
    ADC_InjectedChannelConfig                0x08001841   Thumb Code   130  stm32f10x_adc.o(.text)
    ADC_InjectedSequencerLengthConfig        0x080018c3   Thumb Code    24  stm32f10x_adc.o(.text)
    ADC_SetInjectedOffset                    0x080018db   Thumb Code    20  stm32f10x_adc.o(.text)
    ADC_GetInjectedConversionValue           0x080018ef   Thumb Code    28  stm32f10x_adc.o(.text)
    ADC_AnalogWatchdogCmd                    0x0800190b   Thumb Code    16  stm32f10x_adc.o(.text)
    ADC_AnalogWatchdogThresholdsConfig       0x0800191b   Thumb Code     6  stm32f10x_adc.o(.text)
    ADC_AnalogWatchdogSingleChannelConfig    0x08001921   Thumb Code    16  stm32f10x_adc.o(.text)
    ADC_TempSensorVrefintCmd                 0x08001931   Thumb Code    64  stm32f10x_adc.o(.text)
    ADC_GetFlagStatus                        0x08001971   Thumb Code    18  stm32f10x_adc.o(.text)
    ADC_ClearFlag                            0x08001983   Thumb Code     6  stm32f10x_adc.o(.text)
    ADC_GetITStatus                          0x08001989   Thumb Code    36  stm32f10x_adc.o(.text)
    ADC_ClearITPendingBit                    0x080019ad   Thumb Code    10  stm32f10x_adc.o(.text)
    DAC_DeInit                               0x080019b9   Thumb Code    22  stm32f10x_dac.o(.text)
    DAC_Init                                 0x080019cf   Thumb Code    46  stm32f10x_dac.o(.text)
    DAC_StructInit                           0x080019fd   Thumb Code    12  stm32f10x_dac.o(.text)
    DAC_Cmd                                  0x08001a09   Thumb Code    34  stm32f10x_dac.o(.text)
    DAC_DMACmd                               0x08001a2b   Thumb Code    38  stm32f10x_dac.o(.text)
    DAC_SoftwareTriggerCmd                   0x08001a51   Thumb Code    48  stm32f10x_dac.o(.text)
    DAC_DualSoftwareTriggerCmd               0x08001a81   Thumb Code    38  stm32f10x_dac.o(.text)
    DAC_WaveGenerationCmd                    0x08001aa7   Thumb Code    36  stm32f10x_dac.o(.text)
    DAC_SetChannel1Data                      0x08001acb   Thumb Code    26  stm32f10x_dac.o(.text)
    DAC_SetChannel2Data                      0x08001ae5   Thumb Code    26  stm32f10x_dac.o(.text)
    DAC_SetDualChannelData                   0x08001aff   Thumb Code    32  stm32f10x_dac.o(.text)
    DAC_GetDataOutputValue                   0x08001b1f   Thumb Code    32  stm32f10x_dac.o(.text)
    IWDG_WriteAccessCmd                      0x08001b45   Thumb Code     6  stm32f10x_iwdg.o(.text)
    IWDG_SetPrescaler                        0x08001b4b   Thumb Code     6  stm32f10x_iwdg.o(.text)
    IWDG_SetReload                           0x08001b51   Thumb Code     6  stm32f10x_iwdg.o(.text)
    IWDG_ReloadCounter                       0x08001b57   Thumb Code    10  stm32f10x_iwdg.o(.text)
    IWDG_Enable                              0x08001b61   Thumb Code    10  stm32f10x_iwdg.o(.text)
    IWDG_GetFlagStatus                       0x08001b6b   Thumb Code    20  stm32f10x_iwdg.o(.text)
    TIM_DeInit                               0x08001b85   Thumb Code   424  stm32f10x_tim.o(.text)
    TIM_TimeBaseInit                         0x08001d2d   Thumb Code   122  stm32f10x_tim.o(.text)
    TIM_OC1Init                              0x08001da7   Thumb Code   132  stm32f10x_tim.o(.text)
    TIM_OC2Init                              0x08001e2b   Thumb Code   154  stm32f10x_tim.o(.text)
    TIM_OC3Init                              0x08001ec5   Thumb Code   150  stm32f10x_tim.o(.text)
    TIM_OC4Init                              0x08001f5b   Thumb Code   182  stm32f10x_tim.o(.text)
    TIM_SetIC4Prescaler                      0x08002011   Thumb Code    26  stm32f10x_tim.o(.text)
    TIM_SetIC3Prescaler                      0x080020ad   Thumb Code    18  stm32f10x_tim.o(.text)
    TIM_SetIC2Prescaler                      0x08002139   Thumb Code    26  stm32f10x_tim.o(.text)
    TIM_SetIC1Prescaler                      0x080021d5   Thumb Code    18  stm32f10x_tim.o(.text)
    TIM_ICInit                               0x08002253   Thumb Code   150  stm32f10x_tim.o(.text)
    TIM_PWMIConfig                           0x080022e9   Thumb Code   124  stm32f10x_tim.o(.text)
    TIM_BDTRConfig                           0x08002365   Thumb Code    32  stm32f10x_tim.o(.text)
    TIM_TimeBaseStructInit                   0x08002385   Thumb Code    18  stm32f10x_tim.o(.text)
    TIM_OCStructInit                         0x08002397   Thumb Code    20  stm32f10x_tim.o(.text)
    TIM_ICStructInit                         0x080023ab   Thumb Code    18  stm32f10x_tim.o(.text)
    TIM_BDTRStructInit                       0x080023bd   Thumb Code    40  stm32f10x_tim.o(.text)
    TIM_Cmd                                  0x080023e5   Thumb Code    24  stm32f10x_tim.o(.text)
    TIM_CtrlPWMOutputs                       0x080023fd   Thumb Code    30  stm32f10x_tim.o(.text)
    TIM_ITConfig                             0x0800241b   Thumb Code    18  stm32f10x_tim.o(.text)
    TIM_GenerateEvent                        0x0800242d   Thumb Code     4  stm32f10x_tim.o(.text)
    TIM_DMAConfig                            0x08002431   Thumb Code    10  stm32f10x_tim.o(.text)
    TIM_DMACmd                               0x0800243b   Thumb Code    18  stm32f10x_tim.o(.text)
    TIM_InternalClockConfig                  0x0800244d   Thumb Code    12  stm32f10x_tim.o(.text)
    TIM_SelectInputTrigger                   0x08002459   Thumb Code    18  stm32f10x_tim.o(.text)
    TIM_ITRxExternalClockConfig              0x0800246b   Thumb Code    24  stm32f10x_tim.o(.text)
    TIM_TIxExternalClockConfig               0x08002483   Thumb Code    62  stm32f10x_tim.o(.text)
    TIM_ETRConfig                            0x080024c1   Thumb Code    28  stm32f10x_tim.o(.text)
    TIM_ETRClockMode1Config                  0x080024dd   Thumb Code    54  stm32f10x_tim.o(.text)
    TIM_ETRClockMode2Config                  0x08002513   Thumb Code    32  stm32f10x_tim.o(.text)
    TIM_PrescalerConfig                      0x08002533   Thumb Code     6  stm32f10x_tim.o(.text)
    TIM_CounterModeConfig                    0x08002539   Thumb Code    18  stm32f10x_tim.o(.text)
    TIM_EncoderInterfaceConfig               0x0800254b   Thumb Code    66  stm32f10x_tim.o(.text)
    TIM_ForcedOC1Config                      0x0800258d   Thumb Code    18  stm32f10x_tim.o(.text)
    TIM_ForcedOC2Config                      0x0800259f   Thumb Code    26  stm32f10x_tim.o(.text)
    TIM_ForcedOC3Config                      0x080025b9   Thumb Code    18  stm32f10x_tim.o(.text)
    TIM_ForcedOC4Config                      0x080025cb   Thumb Code    26  stm32f10x_tim.o(.text)
    TIM_ARRPreloadConfig                     0x080025e5   Thumb Code    24  stm32f10x_tim.o(.text)
    TIM_SelectCOM                            0x080025fd   Thumb Code    24  stm32f10x_tim.o(.text)
    TIM_SelectCCDMA                          0x08002615   Thumb Code    24  stm32f10x_tim.o(.text)
    TIM_CCPreloadControl                     0x0800262d   Thumb Code    24  stm32f10x_tim.o(.text)
    TIM_OC1PreloadConfig                     0x08002645   Thumb Code    18  stm32f10x_tim.o(.text)
    TIM_OC2PreloadConfig                     0x08002657   Thumb Code    26  stm32f10x_tim.o(.text)
    TIM_OC3PreloadConfig                     0x08002671   Thumb Code    18  stm32f10x_tim.o(.text)
    TIM_OC4PreloadConfig                     0x08002683   Thumb Code    26  stm32f10x_tim.o(.text)
    TIM_OC1FastConfig                        0x0800269d   Thumb Code    18  stm32f10x_tim.o(.text)
    TIM_OC2FastConfig                        0x080026af   Thumb Code    26  stm32f10x_tim.o(.text)
    TIM_OC3FastConfig                        0x080026c9   Thumb Code    18  stm32f10x_tim.o(.text)
    TIM_OC4FastConfig                        0x080026db   Thumb Code    26  stm32f10x_tim.o(.text)
    TIM_ClearOC1Ref                          0x080026f5   Thumb Code    18  stm32f10x_tim.o(.text)
    TIM_ClearOC2Ref                          0x08002707   Thumb Code    24  stm32f10x_tim.o(.text)
    TIM_ClearOC3Ref                          0x0800271f   Thumb Code    18  stm32f10x_tim.o(.text)
    TIM_ClearOC4Ref                          0x08002731   Thumb Code    24  stm32f10x_tim.o(.text)
    TIM_OC1PolarityConfig                    0x08002749   Thumb Code    18  stm32f10x_tim.o(.text)
    TIM_OC1NPolarityConfig                   0x0800275b   Thumb Code    18  stm32f10x_tim.o(.text)
    TIM_OC2PolarityConfig                    0x0800276d   Thumb Code    26  stm32f10x_tim.o(.text)
    TIM_OC2NPolarityConfig                   0x08002787   Thumb Code    26  stm32f10x_tim.o(.text)
    TIM_OC3PolarityConfig                    0x080027a1   Thumb Code    26  stm32f10x_tim.o(.text)
    TIM_OC3NPolarityConfig                   0x080027bb   Thumb Code    26  stm32f10x_tim.o(.text)
    TIM_OC4PolarityConfig                    0x080027d5   Thumb Code    26  stm32f10x_tim.o(.text)
    TIM_CCxCmd                               0x080027ef   Thumb Code    30  stm32f10x_tim.o(.text)
    TIM_CCxNCmd                              0x0800280d   Thumb Code    30  stm32f10x_tim.o(.text)
    TIM_SelectOCxM                           0x0800282b   Thumb Code    82  stm32f10x_tim.o(.text)
    TIM_UpdateDisableConfig                  0x0800287d   Thumb Code    24  stm32f10x_tim.o(.text)
    TIM_UpdateRequestConfig                  0x08002895   Thumb Code    24  stm32f10x_tim.o(.text)
    TIM_SelectHallSensor                     0x080028ad   Thumb Code    24  stm32f10x_tim.o(.text)
    TIM_SelectOnePulseMode                   0x080028c5   Thumb Code    18  stm32f10x_tim.o(.text)
    TIM_SelectOutputTrigger                  0x080028d7   Thumb Code    18  stm32f10x_tim.o(.text)
    TIM_SelectSlaveMode                      0x080028e9   Thumb Code    18  stm32f10x_tim.o(.text)
    TIM_SelectMasterSlaveMode                0x080028fb   Thumb Code    18  stm32f10x_tim.o(.text)
    TIM_SetCounter                           0x0800290d   Thumb Code     4  stm32f10x_tim.o(.text)
    TIM_SetAutoreload                        0x08002911   Thumb Code     4  stm32f10x_tim.o(.text)
    TIM_SetCompare1                          0x08002915   Thumb Code     4  stm32f10x_tim.o(.text)
    TIM_SetCompare2                          0x08002919   Thumb Code     4  stm32f10x_tim.o(.text)
    TIM_SetCompare3                          0x0800291d   Thumb Code     4  stm32f10x_tim.o(.text)
    TIM_SetCompare4                          0x08002921   Thumb Code     6  stm32f10x_tim.o(.text)
    TIM_SetClockDivision                     0x08002927   Thumb Code    18  stm32f10x_tim.o(.text)
    TIM_GetCapture1                          0x08002939   Thumb Code     6  stm32f10x_tim.o(.text)
    TIM_GetCapture2                          0x0800293f   Thumb Code     6  stm32f10x_tim.o(.text)
    TIM_GetCapture3                          0x08002945   Thumb Code     6  stm32f10x_tim.o(.text)
    TIM_GetCapture4                          0x0800294b   Thumb Code     8  stm32f10x_tim.o(.text)
    TIM_GetCounter                           0x08002953   Thumb Code     6  stm32f10x_tim.o(.text)
    TIM_GetPrescaler                         0x08002959   Thumb Code     6  stm32f10x_tim.o(.text)
    TIM_GetFlagStatus                        0x0800295f   Thumb Code    18  stm32f10x_tim.o(.text)
    TIM_ClearFlag                            0x08002971   Thumb Code     6  stm32f10x_tim.o(.text)
    TIM_GetITStatus                          0x08002977   Thumb Code    34  stm32f10x_tim.o(.text)
    TIM_ClearITPendingBit                    0x08002999   Thumb Code     6  stm32f10x_tim.o(.text)
    FLASH_SetLatency                         0x080029a1   Thumb Code    18  stm32f10x_flash.o(.text)
    FLASH_HalfCycleAccessCmd                 0x080029b3   Thumb Code    22  stm32f10x_flash.o(.text)
    FLASH_PrefetchBufferCmd                  0x080029c9   Thumb Code    22  stm32f10x_flash.o(.text)
    FLASH_Unlock                             0x080029df   Thumb Code    12  stm32f10x_flash.o(.text)
    FLASH_UnlockBank1                        0x080029eb   Thumb Code    12  stm32f10x_flash.o(.text)
    FLASH_Lock                               0x080029f7   Thumb Code    14  stm32f10x_flash.o(.text)
    FLASH_LockBank1                          0x08002a05   Thumb Code    14  stm32f10x_flash.o(.text)
    FLASH_GetBank1Status                     0x08002a13   Thumb Code    48  stm32f10x_flash.o(.text)
    FLASH_WaitForLastOperation               0x08002a43   Thumb Code    38  stm32f10x_flash.o(.text)
    FLASH_ErasePage                          0x08002a69   Thumb Code    72  stm32f10x_flash.o(.text)
    FLASH_EraseAllPages                      0x08002ab1   Thumb Code    68  stm32f10x_flash.o(.text)
    FLASH_WaitForLastBank1Operation          0x08002af5   Thumb Code    38  stm32f10x_flash.o(.text)
    FLASH_EraseAllBank1Pages                 0x08002b1b   Thumb Code    68  stm32f10x_flash.o(.text)
    FLASH_GetReadOutProtectionStatus         0x08002b5f   Thumb Code    20  stm32f10x_flash.o(.text)
    FLASH_EraseOptionBytes                   0x08002b73   Thumb Code   150  stm32f10x_flash.o(.text)
    FLASH_ProgramWord                        0x08002c09   Thumb Code   102  stm32f10x_flash.o(.text)
    FLASH_ProgramHalfWord                    0x08002c6f   Thumb Code    60  stm32f10x_flash.o(.text)
    FLASH_ProgramOptionByteData              0x08002cab   Thumb Code    72  stm32f10x_flash.o(.text)
    FLASH_EnableWriteProtection              0x08002cf3   Thumb Code   200  stm32f10x_flash.o(.text)
    FLASH_ReadOutProtection                  0x08002dbb   Thumb Code   156  stm32f10x_flash.o(.text)
    FLASH_UserOptionByteConfig               0x08002e57   Thumb Code    88  stm32f10x_flash.o(.text)
    FLASH_GetUserOptionByte                  0x08002eaf   Thumb Code     8  stm32f10x_flash.o(.text)
    FLASH_GetWriteProtectionOptionByte       0x08002eb7   Thumb Code     6  stm32f10x_flash.o(.text)
    FLASH_GetPrefetchBufferStatus            0x08002ebd   Thumb Code    20  stm32f10x_flash.o(.text)
    FLASH_ITConfig                           0x08002ed1   Thumb Code    26  stm32f10x_flash.o(.text)
    FLASH_GetFlagStatus                      0x08002eeb   Thumb Code    42  stm32f10x_flash.o(.text)
    FLASH_ClearFlag                          0x08002f15   Thumb Code     6  stm32f10x_flash.o(.text)
    FLASH_GetStatus                          0x08002f1b   Thumb Code    48  stm32f10x_flash.o(.text)
    OS_TaskStatStkChk                        0x08002f5d   Thumb Code    54  os_core.o(.text)
    OS_TaskStat                              0x08002f93   Thumb Code   116  os_core.o(.text)
    OS_TaskIdle                              0x0800303b   Thumb Code    34  os_core.o(.text)
    OS_MemClr                                0x08003091   Thumb Code    18  os_core.o(.text)
    OSInit                                   0x080031af   Thumb Code    44  os_core.o(.text)
    OSIntEnter                               0x080031db   Thumb Code    28  os_core.o(.text)
    OSIntExit                                0x08003211   Thumb Code   112  os_core.o(.text)
    OSSchedLock                              0x08003281   Thumb Code    50  os_core.o(.text)
    OS_Sched                                 0x080032b3   Thumb Code    88  os_core.o(.text)
    OSSchedUnlock                            0x0800330b   Thumb Code   238  os_core.o(.text)
    OSStart                                  0x080033f9   Thumb Code    48  os_core.o(.text)
    OSStatInit                               0x08003429   Thumb Code    62  os_core.o(.text)
    OSTimeTick                               0x08003467   Thumb Code   210  os_core.o(.text)
    OSVersion                                0x08003539   Thumb Code     6  os_core.o(.text)
    OS_Dummy                                 0x0800353f   Thumb Code     2  os_core.o(.text)
    OS_EventTaskRemove                       0x08003541   Thumb Code    42  os_core.o(.text)
    OS_EventTaskRdy                          0x0800356b   Thumb Code   114  os_core.o(.text)
    OS_EventTaskWait                         0x080035dd   Thumb Code   112  os_core.o(.text)
    OS_EventWaitListInit                     0x0800364d   Thumb Code    28  os_core.o(.text)
    OS_MemCopy                               0x08003669   Thumb Code    20  os_core.o(.text)
    OS_StrLen                                0x0800367d   Thumb Code    20  os_core.o(.text)
    OS_TCBInit                               0x08003691   Thumb Code   280  os_core.o(.text)
    OSFlagAccept                             0x080037ed   Thumb Code   252  os_flag.o(.text)
    OSFlagCreate                             0x080038e9   Thumb Code    86  os_flag.o(.text)
    OS_FlagUnlink                            0x0800393f   Thumb Code    36  os_flag.o(.text)
    OSFlagDel                                0x080039b5   Thumb Code   214  os_flag.o(.text)
    OSFlagNameGet                            0x08003a8b   Thumb Code    80  os_flag.o(.text)
    OSFlagNameSet                            0x08003adb   Thumb Code    66  os_flag.o(.text)
    OSFlagPend                               0x08003bb5   Thumb Code   614  os_flag.o(.text)
    OSFlagPendGetFlagsRdy                    0x08003e1b   Thumb Code    26  os_flag.o(.text)
    OSFlagPost                               0x08003e35   Thumb Code   312  os_flag.o(.text)
    OSFlagQuery                              0x08003f6d   Thumb Code    48  os_flag.o(.text)
    OS_FlagInit                              0x08003f9d   Thumb Code    78  os_flag.o(.text)
    OSQAccept                                0x08003ff9   Thumb Code    88  os_q.o(.text)
    OSQCreate                                0x08004051   Thumb Code   140  os_q.o(.text)
    OSQDel                                   0x080040dd   Thumb Code   236  os_q.o(.text)
    OSQFlush                                 0x080041c9   Thumb Code    36  os_q.o(.text)
    OSQPend                                  0x080041ed   Thumb Code   272  os_q.o(.text)
    OSQPendAbort                             0x080042fd   Thumb Code   128  os_q.o(.text)
    OSQPost                                  0x0800437d   Thumb Code   114  os_q.o(.text)
    OSQPostFront                             0x080043ef   Thumb Code   136  os_q.o(.text)
    OSQPostOpt                               0x08004477   Thumb Code   182  os_q.o(.text)
    OSQQuery                                 0x0800452d   Thumb Code    98  os_q.o(.text)
    OS_QInit                                 0x0800458f   Thumb Code    72  os_q.o(.text)
    OSSemAccept                              0x080045e1   Thumb Code    42  os_sem.o(.text)
    OSSemCreate                              0x0800460b   Thumb Code    68  os_sem.o(.text)
    OSSemDel                                 0x0800464f   Thumb Code   200  os_sem.o(.text)
    OSSemPend                                0x08004717   Thumb Code   222  os_sem.o(.text)
    OSSemPendAbort                           0x080047f5   Thumb Code   128  os_sem.o(.text)
    OSSemPost                                0x08004875   Thumb Code    88  os_sem.o(.text)
    OSSemQuery                               0x080048cd   Thumb Code    76  os_sem.o(.text)
    OSSemSet                                 0x08004919   Thumb Code    66  os_sem.o(.text)
    OSTaskChangePrio                         0x0800496d   Thumb Code   308  os_task.o(.text)
    OSTaskCreate                             0x08004aa1   Thumb Code   148  os_task.o(.text)
    OS_TaskStkClr                            0x08004b35   Thumb Code    26  os_task.o(.text)
    OSTaskCreateExt                          0x08004b4f   Thumb Code   170  os_task.o(.text)
    OSTaskDel                                0x08004bf9   Thumb Code   294  os_task.o(.text)
    OSTaskDelReq                             0x08004d1f   Thumb Code   144  os_task.o(.text)
    OSTaskNameGet                            0x08004daf   Thumb Code   114  os_task.o(.text)
    OSTaskNameSet                            0x08004e21   Thumb Code    98  os_task.o(.text)
    OSTaskResume                             0x08004e83   Thumb Code   154  os_task.o(.text)
    OSTaskStkChk                             0x08004f1d   Thumb Code   132  os_task.o(.text)
    OSTaskSuspend                            0x08004fa1   Thumb Code   152  os_task.o(.text)
    OSTaskQuery                              0x08005039   Thumb Code    82  os_task.o(.text)
    OSTaskRegGet                             0x0800508b   Thumb Code    60  os_task.o(.text)
    OSTaskRegSet                             0x080050c7   Thumb Code    62  os_task.o(.text)
    OS_TaskReturn                            0x08005105   Thumb Code    18  os_task.o(.text)
    OSTimeDly                                0x08005131   Thumb Code   100  os_time.o(.text)
    OSTimeDlyHMSM                            0x08005195   Thumb Code    86  os_time.o(.text)
    OSTimeDlyResume                          0x080051eb   Thumb Code   168  os_time.o(.text)
    OSTimeGet                                0x08005293   Thumb Code    24  os_time.o(.text)
    OSTimeSet                                0x080052ab   Thumb Code    24  os_time.o(.text)
    OSInitHookBegin                          0x080052e1   Thumb Code     2  os_cpu_c.o(.text)
    OSInitHookEnd                            0x080052e3   Thumb Code     2  os_cpu_c.o(.text)
    OSTaskCreateHook                         0x080052e5   Thumb Code     2  os_cpu_c.o(.text)
    OSTaskDelHook                            0x080052e7   Thumb Code     2  os_cpu_c.o(.text)
    OSTaskIdleHook                           0x080052e9   Thumb Code     2  os_cpu_c.o(.text)
    OSTaskStatHook                           0x080052eb   Thumb Code     2  os_cpu_c.o(.text)
    OSTaskStkInit                            0x080052ed   Thumb Code   154  os_cpu_c.o(.text)
    OSTaskSwHook                             0x08005387   Thumb Code     2  os_cpu_c.o(.text)
    OSTCBInitHook                            0x08005389   Thumb Code     2  os_cpu_c.o(.text)
    OSTimeTickHook                           0x0800538b   Thumb Code     2  os_cpu_c.o(.text)
    OSTaskReturnHook                         0x0800538d   Thumb Code     2  os_cpu_c.o(.text)
    OS_CPU_SR_Save                           0x08005391   Thumb Code     0  os_cpu_a.o(.text)
    OS_CPU_SR_Restore                        0x08005399   Thumb Code     0  os_cpu_a.o(.text)
    OSStartHighRdy                           0x0800539f   Thumb Code     0  os_cpu_a.o(.text)
    OSCtxSw                                  0x080053c1   Thumb Code     0  os_cpu_a.o(.text)
    OSIntCtxSw                               0x080053cf   Thumb Code     0  os_cpu_a.o(.text)
    PendSV_Handler                           0x080053df   Thumb Code     0  os_cpu_a.o(.text)
    P_Comm3_Handle                           0x08005445   Thumb Code   756  comm_handle.o(.text)
    P_Comm2_Handle                           0x08005739   Thumb Code   166  comm_handle.o(.text)
    P_Comm1_Handle                           0x080057df   Thumb Code   820  comm_handle.o(.text)
    Control_Global_Init                      0x08005b25   Thumb Code   846  control_global.o(.text)
    AO_reg_init                              0x08005f0d   Thumb Code   192  control_main.o(.text)
    ADC_reg_init                             0x08005fcd   Thumb Code    66  control_main.o(.text)
    IWDG_Configuration                       0x0800600f   Thumb Code    34  control_main.o(.text)
    main                                     0x080060ed   Thumb Code    38  control_main.o(.text)
    to_float                                 0x08006175   Thumb Code    18  function_handle.o(.text)
    P_Function_AI                            0x08006187   Thumb Code  9160  function_handle.o(.text)
    P_Function_AO                            0x0800854f   Thumb Code  1058  function_handle.o(.text)
    DO_store                                 0x08008971   Thumb Code    30  function_handle.o(.text)
    P_Function_DO                            0x0800898f   Thumb Code   114  function_handle.o(.text)
    P_Function_DI                            0x08008a01   Thumb Code    62  function_handle.o(.text)
    P_Function_RunStatus                     0x08008a3f   Thumb Code    66  function_handle.o(.text)
    DO_reload                                0x08008a81   Thumb Code    80  function_handle.o(.text)
    PID_control_parameter_init_channel       0x08008b01   Thumb Code    36  tpk8control.o(.text)
    PID_control_parameter_init               0x08008b25   Thumb Code    42  tpk8control.o(.text)
    PIDCalc                                  0x08008b4f   Thumb Code   136  tpk8control.o(.text)
    cov_s16_to_float                         0x08008bd7   Thumb Code    18  tpk8control.o(.text)
    cal_k_b                                  0x08008be9   Thumb Code    84  tpk8control.o(.text)
    cal_k_b_channel                          0x08008c3d   Thumb Code   136  tpk8control.o(.text)
    get_value_current                        0x08008cc5   Thumb Code    70  tpk8control.o(.text)
    get_value_target                         0x08008d0b   Thumb Code    96  tpk8control.o(.text)
    PID_value_out                            0x08008d6b   Thumb Code    24  tpk8control.o(.text)
    get_PID_parameter                        0x08008d83   Thumb Code   132  tpk8control.o(.text)
    pid_control                              0x08008e07   Thumb Code    74  tpk8control.o(.text)
    pid_control_top                          0x08008e51   Thumb Code    32  tpk8control.o(.text)
    BSP_AI_Select_Gain                       0x08008e85   Thumb Code   954  control_adc.o(.text)
    BSP_ADC_Config                           0x080092b7   Thumb Code   266  control_adc.o(.text)
    Get_ADC1                                 0x080093c1   Thumb Code    46  control_adc.o(.text)
    Get_ADC3                                 0x080093ef   Thumb Code    46  control_adc.o(.text)
    BSP_AI_SelectChannel                     0x0800941d   Thumb Code   904  control_adc.o(.text)
    BSP_AI_Select_Mode                       0x080097a5   Thumb Code   480  control_adc.o(.text)
    BSP_MeasurResist_CurrentOut              0x08009985   Thumb Code    62  control_adc.o(.text)
    BSP_MeasurResist_CurrentOut_value        0x080099c3   Thumb Code    14  control_adc.o(.text)
    BSP_Config                               0x08009ac5   Thumb Code    32  control_bsp.o(.text)
    BSP_Comm_Config                          0x08009d85   Thumb Code    32  control_comm.o(.text)
    Get_CRC                                  0x08009da5   Thumb Code    50  control_comm.o(.text)
    BSP_Comm_Tx_Mode                         0x08009dd7   Thumb Code    82  control_comm.o(.text)
    BSP_COMM_Send                            0x08009e29   Thumb Code   104  control_comm.o(.text)
    BSP_COMM_Rece                            0x08009e91   Thumb Code   238  control_comm.o(.text)
    BSP_Comm_Rx_Mode                         0x08009f7f   Thumb Code    82  control_comm.o(.text)
    BSP_Comm_Idle_Mode                       0x08009fd1   Thumb Code   106  control_comm.o(.text)
    BSP_DAC_Config                           0x0800a12d   Thumb Code   174  control_dac.o(.text)
    BSP_PWM_DutyCycle                        0x0800a1db   Thumb Code    54  control_dac.o(.text)
    BSP_AO_Select_Mode                       0x0800a211   Thumb Code   148  control_dac.o(.text)
    DI_ReadBits                              0x0800a2b5   Thumb Code   248  control_di.o(.text)
    Control_GPI_Config                       0x0800a3ad   Thumb Code    64  control_di.o(.text)
    DO_SetBits                               0x0800a3f9   Thumb Code   226  control_do.o(.text)
    Sys_Run_LED                              0x0800a4db   Thumb Code    28  control_do.o(.text)
    DO_ResetBits                             0x0800a4f7   Thumb Code   226  control_do.o(.text)
    Control_GPIO_Config                      0x0800a5d9   Thumb Code   216  control_do.o(.text)
    I2C_GPIO_Init                            0x0800a6c1   Thumb Code    50  myiic.o(.text)
    I2C_SDA_OUT                              0x0800a6f3   Thumb Code    32  myiic.o(.text)
    I2C_SDA_IN                               0x0800a713   Thumb Code    32  myiic.o(.text)
    I2C_Start                                0x0800a733   Thumb Code    66  myiic.o(.text)
    I2C_Stop                                 0x0800a775   Thumb Code    56  myiic.o(.text)
    I2C_Wait_Ack                             0x0800a7ad   Thumb Code    86  myiic.o(.text)
    I2C_Ack                                  0x0800a803   Thumb Code    60  myiic.o(.text)
    I2C_NAck                                 0x0800a83f   Thumb Code    60  myiic.o(.text)
    I2C_Write_1                              0x0800a87b   Thumb Code    52  myiic.o(.text)
    I2C_Write_0                              0x0800a8af   Thumb Code    52  myiic.o(.text)
    I2C_Send_Byte                            0x0800a8e3   Thumb Code    60  myiic.o(.text)
    I2C_Send_NByte                           0x0800a91f   Thumb Code    50  myiic.o(.text)
    I2C_Read_Byte                            0x0800a951   Thumb Code   126  myiic.o(.text)
    I2C_Read_NByte                           0x0800a9cf   Thumb Code    46  myiic.o(.text)
    EEPROM_Read_Byte                         0x0800aa01   Thumb Code   104  24cxx.o(.text)
    EEPROM_Read_NByte                        0x0800aa69   Thumb Code   104  24cxx.o(.text)
    EEPROM_Write_Byte                        0x0800aad1   Thumb Code    98  24cxx.o(.text)
    EEPROM_Write_NByte                       0x0800ab33   Thumb Code    98  24cxx.o(.text)
    EEPROM_Read                              0x0800ab95   Thumb Code    40  24cxx.o(.text)
    EEPROM_Write                             0x0800abbd   Thumb Code    46  24cxx.o(.text)
    __use_no_semihosting                     0x0800abeb   Thumb Code     2  use_no_semi_2.o(.text)
    __aeabi_memcpy                           0x0800abed   Thumb Code     0  rt_memcpy_v6.o(.text)
    __rt_memcpy                              0x0800abed   Thumb Code   138  rt_memcpy_v6.o(.text)
    _memcpy_lastbytes                        0x0800ac53   Thumb Code     0  rt_memcpy_v6.o(.text)
    __use_two_region_memory                  0x0800ac77   Thumb Code     2  heapauxi.o(.text)
    __rt_heap_escrow$2region                 0x0800ac79   Thumb Code     2  heapauxi.o(.text)
    __rt_heap_expand$2region                 0x0800ac7b   Thumb Code     2  heapauxi.o(.text)
    __I$use$semihosting                      0x0800ac7d   Thumb Code     0  use_no_semi.o(.text)
    __use_no_semihosting_swi                 0x0800ac7d   Thumb Code     2  use_no_semi.o(.text)
    __aeabi_memcpy4                          0x0800ac7f   Thumb Code     0  rt_memcpy_w.o(.text)
    __aeabi_memcpy8                          0x0800ac7f   Thumb Code     0  rt_memcpy_w.o(.text)
    __rt_memcpy_w                            0x0800ac7f   Thumb Code   100  rt_memcpy_w.o(.text)
    _memcpy_lastbytes_aligned                0x0800acc7   Thumb Code     0  rt_memcpy_w.o(.text)
    __user_libspace                          0x0800ace5   Thumb Code     8  libspace.o(.text)
    __user_perproc_libspace                  0x0800ace5   Thumb Code     0  libspace.o(.text)
    __user_perthread_libspace                0x0800ace5   Thumb Code     0  libspace.o(.text)
    __user_setup_stackheap                   0x0800aced   Thumb Code    74  sys_stackheap_outer.o(.text)
    exit                                     0x0800ad37   Thumb Code    12  exit.o(.text)
    __aeabi_fadd                             0x0800ad45   Thumb Code     0  faddsub_clz.o(x$fpl$fadd)
    _fadd                                    0x0800ad45   Thumb Code   196  faddsub_clz.o(x$fpl$fadd)
    __fpl_fcmp_Inf                           0x0800ae09   Thumb Code    24  fcmpi.o(x$fpl$fcmpinf)
    __aeabi_fdiv                             0x0800ae21   Thumb Code     0  fdiv.o(x$fpl$fdiv)
    _fdiv                                    0x0800ae21   Thumb Code   384  fdiv.o(x$fpl$fdiv)
    __aeabi_cfcmpeq                          0x0800afa5   Thumb Code     0  feqf.o(x$fpl$feqf)
    _fcmpeq                                  0x0800afa5   Thumb Code   104  feqf.o(x$fpl$feqf)
    __aeabi_f2iz                             0x0800b00d   Thumb Code     0  ffix.o(x$fpl$ffix)
    _ffix                                    0x0800b00d   Thumb Code    54  ffix.o(x$fpl$ffix)
    __aeabi_f2uiz                            0x0800b045   Thumb Code     0  ffixu.o(x$fpl$ffixu)
    _ffixu                                   0x0800b045   Thumb Code    62  ffixu.o(x$fpl$ffixu)
    __aeabi_i2f                              0x0800b085   Thumb Code     0  fflt_clz.o(x$fpl$fflt)
    _fflt                                    0x0800b085   Thumb Code    48  fflt_clz.o(x$fpl$fflt)
    __aeabi_ui2f                             0x0800b0b5   Thumb Code     0  fflt_clz.o(x$fpl$ffltu)
    _ffltu                                   0x0800b0b5   Thumb Code    38  fflt_clz.o(x$fpl$ffltu)
    __aeabi_cfcmple                          0x0800b0dd   Thumb Code     0  fleqf.o(x$fpl$fleqf)
    _fcmple                                  0x0800b0dd   Thumb Code   104  fleqf.o(x$fpl$fleqf)
    __fpl_fcmple_InfNaN                      0x0800b12f   Thumb Code     0  fleqf.o(x$fpl$fleqf)
    __aeabi_fmul                             0x0800b145   Thumb Code     0  fmul.o(x$fpl$fmul)
    _fmul                                    0x0800b145   Thumb Code   258  fmul.o(x$fpl$fmul)
    __fpl_fnaninf                            0x0800b247   Thumb Code   140  fnaninf.o(x$fpl$fnaninf)
    __fpl_fretinf                            0x0800b2d3   Thumb Code    10  fretinf.o(x$fpl$fretinf)
    __aeabi_cfrcmple                         0x0800b2dd   Thumb Code     0  frleqf.o(x$fpl$frleqf)
    _frcmple                                 0x0800b2dd   Thumb Code    98  frleqf.o(x$fpl$frleqf)
    __aeabi_frsub                            0x0800b33f   Thumb Code     0  faddsub_clz.o(x$fpl$frsb)
    _frsb                                    0x0800b33f   Thumb Code    20  faddsub_clz.o(x$fpl$frsb)
    __aeabi_fsub                             0x0800b355   Thumb Code     0  faddsub_clz.o(x$fpl$fsub)
    _fsub                                    0x0800b355   Thumb Code   234  faddsub_clz.o(x$fpl$fsub)
    OSUnMapTbl                               0x0800b43e   Data         256  os_core.o(.constdata)
    __I$use$fp                               0x0800b43e   Number         0  usenofp.o(x$fpl$usenofp)
    auchCRCHi                                0x0800b53e   Data         256  control_comm.o(.constdata)
    auchCRCLo                                0x0800b63e   Data         256  control_comm.o(.constdata)
    Region$$Table$$Base                      0x0800b740   Number         0  anon$$obj.o(Region$$Table)
    Region$$Table$$Limit                     0x0800b760   Number         0  anon$$obj.o(Region$$Table)
    SystemCoreClock                          0x20000000   Data           4  system_stm32f10x.o(.data)
    AHBPrescTable                            0x20000004   Data          16  system_stm32f10x.o(.data)
    OSCtxSwCtr                               0x2000002c   Data           4  os_core.o(.data)
    OSEventFreeList                          0x20000030   Data           4  os_core.o(.data)
    OSFlagFreeList                           0x20000034   Data           4  os_core.o(.data)
    OSCPUUsage                               0x20000038   Data           1  os_core.o(.data)
    OSIdleCtrMax                             0x2000003c   Data           4  os_core.o(.data)
    OSIdleCtrRun                             0x20000040   Data           4  os_core.o(.data)
    OSStatRdy                                0x20000044   Data           1  os_core.o(.data)
    OSIntNesting                             0x20000045   Data           1  os_core.o(.data)
    OSLockNesting                            0x20000046   Data           1  os_core.o(.data)
    OSPrioCur                                0x20000047   Data           1  os_core.o(.data)
    OSPrioHighRdy                            0x20000048   Data           1  os_core.o(.data)
    OSRdyGrp                                 0x20000049   Data           1  os_core.o(.data)
    OSRdyTbl                                 0x2000004a   Data           8  os_core.o(.data)
    OSRunning                                0x20000052   Data           1  os_core.o(.data)
    OSTaskCtr                                0x20000053   Data           1  os_core.o(.data)
    OSIdleCtr                                0x20000054   Data           4  os_core.o(.data)
    OSTCBCur                                 0x20000058   Data           4  os_core.o(.data)
    OSTCBFreeList                            0x2000005c   Data           4  os_core.o(.data)
    OSTCBHighRdy                             0x20000060   Data           4  os_core.o(.data)
    OSTCBList                                0x20000064   Data           4  os_core.o(.data)
    OSTickStepState                          0x20000068   Data           1  os_core.o(.data)
    OSQFreeList                              0x2000006c   Data           4  os_core.o(.data)
    OSTime                                   0x20000070   Data           4  os_core.o(.data)
    TimeBug                                  0x20000074   Data           4  control_global.o(.data)
    Sem_Comm1Rece                            0x20000078   Data           4  control_main.o(.data)
    Sem_Comm2Rece                            0x2000007c   Data           4  control_main.o(.data)
    Sem_Comm3Rece                            0x20000080   Data           4  control_main.o(.data)
    k                                        0x200000dc   Data           8  tpk8control.o(.data)
    b                                        0x200000e4   Data           8  tpk8control.o(.data)
    OSEventTbl                               0x200000ec   Data         200  os_core.o(.bss)
    OSFlagTbl                                0x200001b4   Data          80  os_core.o(.bss)
    OSTaskStatStk                            0x20000204   Data         512  os_core.o(.bss)
    OSTaskIdleStk                            0x20000404   Data         512  os_core.o(.bss)
    OSTCBPrioTbl                             0x20000604   Data         256  os_core.o(.bss)
    OSTCBTbl                                 0x20000704   Data        1008  os_core.o(.bss)
    OSQTbl                                   0x20000af4   Data         120  os_core.o(.bss)
    System_Status                            0x20000df4   Data           9  control_global.o(.bss)
    Parameter_Set_Type                       0x20000dfd   Data          18  control_global.o(.bss)
    Parameter_Set_Rang_Max                   0x20000e10   Data          72  control_global.o(.bss)
    Parameter_Set_Rang_Min                   0x20000e58   Data          72  control_global.o(.bss)
    Parameter_Set_Adjust                     0x20000ea0   Data          72  control_global.o(.bss)
    Parameter_Set_Gain                       0x20000ee8   Data          72  control_global.o(.bss)
    Function_Analog_Origin                   0x20000f30   Data          40  control_global.o(.bss)
    Function_Analog_FINAL                    0x20000f58   Data          80  control_global.o(.bss)
    Function_Digital                         0x20000fa8   Data          32  control_global.o(.bss)
    ALL_DATA_RAM                             0x20000fc8   Data        1024  control_global.o(.bss)
    DO_realtime                              0x2000abc8   Data          32  function_handle.o(.bss)
    pid                                      0x2000f0c8   Data          56  tpk8control.o(.bss)
    COMM1_ReceBuf                            0x2000f100   Data         108  control_comm.o(.bss)
    COMM1_SendBuf                            0x2000f16c   Data         108  control_comm.o(.bss)
    COMM2_ReceBuf                            0x2000f1d8   Data         108  control_comm.o(.bss)
    COMM2_SendBuf                            0x2000f244   Data         108  control_comm.o(.bss)
    COMM3_ReceBuf                            0x2000f2b0   Data         108  control_comm.o(.bss)
    COMM3_SendBuf                            0x2000f31c   Data         108  control_comm.o(.bss)
    __libspace_start                         0x2000f388   Data          96  libspace.o(.bss)
    __temporary_stack_top$libspace           0x2000f3e8   Data           0  libspace.o(.bss)



==============================================================================

Memory Map of the image

  Image Entry point : 0x08000131

  Load Region LR_IROM1 (Base: 0x08000000, Size: 0x0000b84c, Max: 0x00080000, ABSOLUTE)

    Execution Region ER_IROM1 (Base: 0x08000000, Size: 0x0000b760, Max: 0x00080000, ABSOLUTE)

    Base Addr    Size         Type   Attr      Idx    E Section Name        Object

    0x08000000   0x00000130   Data   RO          230    RESET               startup_stm32f10x_hd.o
    0x08000130   0x00000008   Code   RO          798  * !!!main             c_w.l(__main.o)
    0x08000138   0x00000034   Code   RO         1065    !!!scatter          c_w.l(__scatter.o)
    0x0800016c   0x0000001a   Code   RO         1067    !!handler_copy      c_w.l(__scatter_copy.o)
    0x08000186   0x00000002   PAD
    0x08000188   0x0000001c   Code   RO         1069    !!handler_zi        c_w.l(__scatter_zi.o)
    0x080001a4   0x00000002   Code   RO          939    .ARM.Collect$$libinit$$00000000  c_w.l(libinit.o)
    0x080001a6   0x00000000   Code   RO          947    .ARM.Collect$$libinit$$00000002  c_w.l(libinit2.o)
    0x080001a6   0x00000000   Code   RO          950    .ARM.Collect$$libinit$$00000008  c_w.l(libinit2.o)
    0x080001a6   0x00000000   Code   RO          952    .ARM.Collect$$libinit$$0000000A  c_w.l(libinit2.o)
    0x080001a6   0x00000000   Code   RO          954    .ARM.Collect$$libinit$$0000000C  c_w.l(libinit2.o)
    0x080001a6   0x00000000   Code   RO          957    .ARM.Collect$$libinit$$0000000F  c_w.l(libinit2.o)
    0x080001a6   0x00000000   Code   RO          959    .ARM.Collect$$libinit$$00000011  c_w.l(libinit2.o)
    0x080001a6   0x00000000   Code   RO          961    .ARM.Collect$$libinit$$00000013  c_w.l(libinit2.o)
    0x080001a6   0x00000000   Code   RO          963    .ARM.Collect$$libinit$$00000015  c_w.l(libinit2.o)
    0x080001a6   0x00000000   Code   RO          965    .ARM.Collect$$libinit$$00000017  c_w.l(libinit2.o)
    0x080001a6   0x00000000   Code   RO          967    .ARM.Collect$$libinit$$00000019  c_w.l(libinit2.o)
    0x080001a6   0x00000000   Code   RO          969    .ARM.Collect$$libinit$$0000001B  c_w.l(libinit2.o)
    0x080001a6   0x00000000   Code   RO          971    .ARM.Collect$$libinit$$0000001D  c_w.l(libinit2.o)
    0x080001a6   0x00000000   Code   RO          973    .ARM.Collect$$libinit$$0000001F  c_w.l(libinit2.o)
    0x080001a6   0x00000000   Code   RO          975    .ARM.Collect$$libinit$$00000021  c_w.l(libinit2.o)
    0x080001a6   0x00000000   Code   RO          977    .ARM.Collect$$libinit$$00000023  c_w.l(libinit2.o)
    0x080001a6   0x00000000   Code   RO          981    .ARM.Collect$$libinit$$0000002A  c_w.l(libinit2.o)
    0x080001a6   0x00000000   Code   RO          983    .ARM.Collect$$libinit$$0000002C  c_w.l(libinit2.o)
    0x080001a6   0x00000000   Code   RO          985    .ARM.Collect$$libinit$$0000002E  c_w.l(libinit2.o)
    0x080001a6   0x00000000   Code   RO          987    .ARM.Collect$$libinit$$00000030  c_w.l(libinit2.o)
    0x080001a6   0x00000002   Code   RO          988    .ARM.Collect$$libinit$$00000031  c_w.l(libinit2.o)
    0x080001a8   0x00000002   Code   RO         1008    .ARM.Collect$$libshutdown$$00000000  c_w.l(libshutdown.o)
    0x080001aa   0x00000000   Code   RO         1019    .ARM.Collect$$libshutdown$$00000003  c_w.l(libshutdown2.o)
    0x080001aa   0x00000000   Code   RO         1022    .ARM.Collect$$libshutdown$$00000006  c_w.l(libshutdown2.o)
    0x080001aa   0x00000000   Code   RO         1025    .ARM.Collect$$libshutdown$$00000009  c_w.l(libshutdown2.o)
    0x080001aa   0x00000000   Code   RO         1027    .ARM.Collect$$libshutdown$$0000000B  c_w.l(libshutdown2.o)
    0x080001aa   0x00000000   Code   RO         1030    .ARM.Collect$$libshutdown$$0000000E  c_w.l(libshutdown2.o)
    0x080001aa   0x00000002   Code   RO         1031    .ARM.Collect$$libshutdown$$0000000F  c_w.l(libshutdown2.o)
    0x080001ac   0x00000000   Code   RO          848    .ARM.Collect$$rtentry$$00000000  c_w.l(rtentry.o)
    0x080001ac   0x00000000   Code   RO          902    .ARM.Collect$$rtentry$$00000002  c_w.l(rtentry2.o)
    0x080001ac   0x00000006   Code   RO          914    .ARM.Collect$$rtentry$$00000004  c_w.l(rtentry4.o)
    0x080001b2   0x00000000   Code   RO          904    .ARM.Collect$$rtentry$$00000009  c_w.l(rtentry2.o)
    0x080001b2   0x00000004   Code   RO          905    .ARM.Collect$$rtentry$$0000000A  c_w.l(rtentry2.o)
    0x080001b6   0x00000000   Code   RO          907    .ARM.Collect$$rtentry$$0000000C  c_w.l(rtentry2.o)
    0x080001b6   0x00000008   Code   RO          908    .ARM.Collect$$rtentry$$0000000D  c_w.l(rtentry2.o)
    0x080001be   0x00000002   Code   RO          944    .ARM.Collect$$rtexit$$00000000  c_w.l(rtexit.o)
    0x080001c0   0x00000000   Code   RO          992    .ARM.Collect$$rtexit$$00000002  c_w.l(rtexit2.o)
    0x080001c0   0x00000004   Code   RO          993    .ARM.Collect$$rtexit$$00000003  c_w.l(rtexit2.o)
    0x080001c4   0x00000006   Code   RO          994    .ARM.Collect$$rtexit$$00000004  c_w.l(rtexit2.o)
    0x080001ca   0x00000002   PAD
    0x080001cc   0x000003bc   Code   RO           91    .text               stm32f10x_it.o
    0x08000588   0x000001e0   Code   RO          134    .text               system_stm32f10x.o
    0x08000768   0x00000118   Code   RO          164    .text               delay.o
    0x08000880   0x000000c4   Code   RO          195    .text               usart.o
    0x08000944   0x00000040   Code   RO          231    .text               startup_stm32f10x_hd.o
    0x08000984   0x000000dc   Code   RO          235    .text               misc.o
    0x08000a60   0x0000035c   Code   RO          247    .text               stm32f10x_gpio.o
    0x08000dbc   0x00000408   Code   RO          259    .text               stm32f10x_usart.o
    0x080011c4   0x000003a4   Code   RO          271    .text               stm32f10x_rcc.o
    0x08001568   0x0000044e   Code   RO          285    .text               stm32f10x_adc.o
    0x080019b6   0x00000002   PAD
    0x080019b8   0x0000018c   Code   RO          300    .text               stm32f10x_dac.o
    0x08001b44   0x00000040   Code   RO          330    .text               stm32f10x_iwdg.o
    0x08001b84   0x00000e1a   Code   RO          345    .text               stm32f10x_tim.o
    0x0800299e   0x00000002   PAD
    0x080029a0   0x000005bc   Code   RO          372    .text               stm32f10x_flash.o
    0x08002f5c   0x00000890   Code   RO          387    .text               os_core.o
    0x080037ec   0x0000080c   Code   RO          407    .text               os_flag.o
    0x08003ff8   0x000005e8   Code   RO          449    .text               os_q.o
    0x080045e0   0x0000038c   Code   RO          461    .text               os_sem.o
    0x0800496c   0x000007c4   Code   RO          473    .text               os_task.o
    0x08005130   0x000001b0   Code   RO          485    .text               os_time.o
    0x080052e0   0x000000ae   Code   RO          503    .text               os_cpu_c.o
    0x0800538e   0x00000002   PAD
    0x08005390   0x000000b4   Code   RO          525    .text               os_cpu_a.o
    0x08005444   0x000006e0   Code   RO          528    .text               comm_handle.o
    0x08005b24   0x00000358   Code   RO          558    .text               control_global.o
    0x08005e7c   0x000002f8   Code   RO          577    .text               control_main.o
    0x08006174   0x0000298c   Code   RO          634    .text               function_handle.o
    0x08008b00   0x00000384   Code   RO          662    .text               tpk8control.o
    0x08008e84   0x00000b60   Code   RO          678    .text               control_adc.o
    0x080099e4   0x0000010c   Code   RO          696    .text               control_bsp.o
    0x08009af0   0x00000560   Code   RO          708    .text               control_comm.o
    0x0800a050   0x00000264   Code   RO          727    .text               control_dac.o
    0x0800a2b4   0x00000144   Code   RO          742    .text               control_di.o
    0x0800a3f8   0x000002c8   Code   RO          754    .text               control_do.o
    0x0800a6c0   0x00000340   Code   RO          766    .text               myiic.o
    0x0800aa00   0x000001ea   Code   RO          778    .text               24cxx.o
    0x0800abea   0x00000002   Code   RO          792    .text               c_w.l(use_no_semi_2.o)
    0x0800abec   0x0000008a   Code   RO          794    .text               c_w.l(rt_memcpy_v6.o)
    0x0800ac76   0x00000006   Code   RO          796    .text               c_w.l(heapauxi.o)
    0x0800ac7c   0x00000002   Code   RO          846    .text               c_w.l(use_no_semi.o)
    0x0800ac7e   0x00000064   Code   RO          851    .text               c_w.l(rt_memcpy_w.o)
    0x0800ace2   0x00000002   PAD
    0x0800ace4   0x00000008   Code   RO          927    .text               c_w.l(libspace.o)
    0x0800acec   0x0000004a   Code   RO          930    .text               c_w.l(sys_stackheap_outer.o)
    0x0800ad36   0x0000000c   Code   RO          932    .text               c_w.l(exit.o)
    0x0800ad42   0x00000002   PAD
    0x0800ad44   0x000000c4   Code   RO          804    x$fpl$fadd          fz_ws.l(faddsub_clz.o)
    0x0800ae08   0x00000018   Code   RO          877    x$fpl$fcmpinf       fz_ws.l(fcmpi.o)
    0x0800ae20   0x00000184   Code   RO          811    x$fpl$fdiv          fz_ws.l(fdiv.o)
    0x0800afa4   0x00000068   Code   RO          814    x$fpl$feqf          fz_ws.l(feqf.o)
    0x0800b00c   0x00000036   Code   RO          816    x$fpl$ffix          fz_ws.l(ffix.o)
    0x0800b042   0x00000002   PAD
    0x0800b044   0x0000003e   Code   RO          820    x$fpl$ffixu         fz_ws.l(ffixu.o)
    0x0800b082   0x00000002   PAD
    0x0800b084   0x00000030   Code   RO          825    x$fpl$fflt          fz_ws.l(fflt_clz.o)
    0x0800b0b4   0x00000026   Code   RO          824    x$fpl$ffltu         fz_ws.l(fflt_clz.o)
    0x0800b0da   0x00000002   PAD
    0x0800b0dc   0x00000068   Code   RO          830    x$fpl$fleqf         fz_ws.l(fleqf.o)
    0x0800b144   0x00000102   Code   RO          832    x$fpl$fmul          fz_ws.l(fmul.o)
    0x0800b246   0x0000008c   Code   RO          879    x$fpl$fnaninf       fz_ws.l(fnaninf.o)
    0x0800b2d2   0x0000000a   Code   RO          881    x$fpl$fretinf       fz_ws.l(fretinf.o)
    0x0800b2dc   0x00000062   Code   RO          834    x$fpl$frleqf        fz_ws.l(frleqf.o)
    0x0800b33e   0x00000014   Code   RO          805    x$fpl$frsb          fz_ws.l(faddsub_clz.o)
    0x0800b352   0x00000002   PAD
    0x0800b354   0x000000ea   Code   RO          806    x$fpl$fsub          fz_ws.l(faddsub_clz.o)
    0x0800b43e   0x00000000   Code   RO          885    x$fpl$usenofp       fz_ws.l(usenofp.o)
    0x0800b43e   0x00000100   Data   RO          389    .constdata          os_core.o
    0x0800b53e   0x00000200   Data   RO          710    .constdata          control_comm.o
    0x0800b73e   0x00000002   PAD
    0x0800b740   0x00000020   Data   RO         1063    Region$$Table       anon$$obj.o


    Execution Region RW_IRAM1 (Base: 0x20000000, Size: 0x0000fde8, Max: 0x00010000, ABSOLUTE)

    Base Addr    Size         Type   Attr      Idx    E Section Name        Object

    0x20000000   0x00000014   Data   RW          135    .data               system_stm32f10x.o
    0x20000014   0x00000004   Data   RW          165    .data               delay.o
    0x20000018   0x00000014   Data   RW          272    .data               stm32f10x_rcc.o
    0x2000002c   0x00000048   Data   RW          390    .data               os_core.o
    0x20000074   0x00000004   Data   RW          560    .data               control_global.o
    0x20000078   0x00000017   Data   RW          579    .data               control_main.o
    0x2000008f   0x00000001   PAD
    0x20000090   0x0000004c   Data   RW          636    .data               function_handle.o
    0x200000dc   0x00000010   Data   RW          664    .data               tpk8control.o
    0x200000ec   0x00000a80   Zero   RW          388    .bss                os_core.o
    0x20000b6c   0x00000288   Zero   RW          529    .bss                comm_handle.o
    0x20000df4   0x000005d4   Zero   RW          559    .bss                control_global.o
    0x200013c8   0x00009800   Zero   RW          578    .bss                control_main.o
    0x2000abc8   0x00004500   Zero   RW          635    .bss                function_handle.o
    0x2000f0c8   0x00000038   Zero   RW          663    .bss                tpk8control.o
    0x2000f100   0x00000288   Zero   RW          709    .bss                control_comm.o
    0x2000f388   0x00000060   Zero   RW          928    .bss                c_w.l(libspace.o)
    0x2000f3e8   0x00000200   Zero   RW          229    HEAP                startup_stm32f10x_hd.o
    0x2000f5e8   0x00000800   Zero   RW          228    STACK               startup_stm32f10x_hd.o


==============================================================================

Image component sizes


      Code (inc. data)   RO Data    RW Data    ZI Data      Debug   Object Name

       490          0          0          0          0       2627   24cxx.o
      1760         62          0          0        648       3735   comm_handle.o
      2912        124          0          0          0       3988   control_adc.o
       268         12          0          0          0       1033   control_bsp.o
      1376         70        512          0        648       4341   control_comm.o
       612         16          0          0          0       1734   control_dac.o
       324         30          0          0          0        989   control_di.o
       712         70          0          0          0       1702   control_do.o
       856         10          0          4       1492       2242   control_global.o
       760         98          0         23      38912       3643   control_main.o
       280         24          0          4          0       1589   delay.o
     10636        732          0         76      17664       8125   function_handle.o
         0          0          0          0          0     261337   main.o
       220         22          0          0          0       1809   misc.o
       832          4          0          0          0       2962   myiic.o
      2192        218        256         72       2688      14795   os_core.o
       180         36          0          0          0        324   os_cpu_a.o
       174          0          0          0          0      10358   os_cpu_c.o
      2060         42          0          0          0       6764   os_flag.o
      1512         30          0          0          0       5493   os_q.o
       908         18          0          0          0       3834   os_sem.o
      1988         70          0          0          0       7429   os_task.o
       432         30          0          0          0       1762   os_time.o
        64         26        304          0       2560        792   startup_stm32f10x_hd.o
      1102         26          0          0          0      19889   stm32f10x_adc.o
       396          6          0          0          0       8358   stm32f10x_dac.o
      1468         34          0          0          0      14394   stm32f10x_flash.o
       860         38          0          0          0       5657   stm32f10x_gpio.o
       956         54          0          0          0       7889   stm32f10x_it.o
        64          6          0          0          0       1269   stm32f10x_iwdg.o
       932         36          0         20          0       8824   stm32f10x_rcc.o
      3610         88          0          0          0      22140   stm32f10x_tim.o
      1032         22          0          0          0       8380   stm32f10x_usart.o
         0          0          0          0          0         32   sys.o
       480         38          0         20          0       1707   system_stm32f10x.o
       900         20          0         16         56       4226   tpk8control.o
       196          8          0          0          0       2623   usart.o

    ----------------------------------------------------------------------
     43550       2120       1106        236      64668     458795   Object Totals
         0          0         32          0          0          0   (incl. Generated)
         6          0          2          1          0          0   (incl. Padding)

    ----------------------------------------------------------------------

      Code (inc. data)   RO Data    RW Data    ZI Data      Debug   Library Member Name

         8          0          0          0          0         68   __main.o
        52          8          0          0          0          0   __scatter.o
        26          0          0          0          0          0   __scatter_copy.o
        28          0          0          0          0          0   __scatter_zi.o
        12          0          0          0          0         72   exit.o
         6          0          0          0          0        152   heapauxi.o
         2          0          0          0          0          0   libinit.o
         2          0          0          0          0          0   libinit2.o
         2          0          0          0          0          0   libshutdown.o
         2          0          0          0          0          0   libshutdown2.o
         8          4          0          0         96         68   libspace.o
       138          0          0          0          0         68   rt_memcpy_v6.o
       100          0          0          0          0         80   rt_memcpy_w.o
         0          0          0          0          0          0   rtentry.o
        12          0          0          0          0          0   rtentry2.o
         6          0          0          0          0          0   rtentry4.o
         2          0          0          0          0          0   rtexit.o
        10          0          0          0          0          0   rtexit2.o
        74          0          0          0          0         80   sys_stackheap_outer.o
         2          0          0          0          0         68   use_no_semi.o
         2          0          0          0          0         68   use_no_semi_2.o
       450          8          0          0          0        236   faddsub_clz.o
        24          0          0          0          0         68   fcmpi.o
       388         76          0          0          0         96   fdiv.o
       104          4          0          0          0         84   feqf.o
        54          4          0          0          0         84   ffix.o
        62          4          0          0          0         84   ffixu.o
        86          0          0          0          0        136   fflt_clz.o
       104          4          0          0          0         84   fleqf.o
       258          4          0          0          0         84   fmul.o
       140          4          0          0          0         84   fnaninf.o
        10          0          0          0          0         68   fretinf.o
        98          0          0          0          0         68   frleqf.o
         0          0          0          0          0          0   usenofp.o

    ----------------------------------------------------------------------
      2288        120          0          0         96       1900   Library Totals
        16          0          0          0          0          0   (incl. Padding)

    ----------------------------------------------------------------------

      Code (inc. data)   RO Data    RW Data    ZI Data      Debug   Library Name

       494         12          0          0         96        724   c_w.l
      1778        108          0          0          0       1176   fz_ws.l

    ----------------------------------------------------------------------
      2288        120          0          0         96       1900   Library Totals

    ----------------------------------------------------------------------

==============================================================================


      Code (inc. data)   RO Data    RW Data    ZI Data      Debug   

     45838       2240       1106        236      64764     456791   Grand Totals
     45838       2240       1106        236      64764     456791   ELF Image Totals
     45838       2240       1106        236          0          0   ROM Totals

==============================================================================

    Total RO  Size (Code + RO Data)                46944 (  45.84kB)
    Total RW  Size (RW Data + ZI Data)             65000 (  63.48kB)
    Total ROM Size (Code + RO Data + RW Data)      47180 (  46.07kB)

==============================================================================

